Archive member included to satisfy reference by file (symbol)

C:/ST/STM32CubeIDE_1.14.0/STM32CubeIDE/plugins/com.st.stm32cube.ide.mcu.externaltools.gnu-tools-for-stm32.11.3.rel1.win32_1.1.100.202309141235/tools/bin/../lib/gcc/arm-none-eabi/11.3.1/../../../../arm-none-eabi/lib/thumb/v7e-m+fp/hard\libc_nano.a(libc_a-exit.o)
                              C:/ST/STM32CubeIDE_1.14.0/STM32CubeIDE/plugins/com.st.stm32cube.ide.mcu.externaltools.gnu-tools-for-stm32.11.3.rel1.win32_1.1.100.202309141235/tools/bin/../lib/gcc/arm-none-eabi/11.3.1/../../../../arm-none-eabi/lib/thumb/v7e-m+fp/hard/crt0.o (exit)
C:/ST/STM32CubeIDE_1.14.0/STM32CubeIDE/plugins/com.st.stm32cube.ide.mcu.externaltools.gnu-tools-for-stm32.11.3.rel1.win32_1.1.100.202309141235/tools/bin/../lib/gcc/arm-none-eabi/11.3.1/../../../../arm-none-eabi/lib/thumb/v7e-m+fp/hard\libc_nano.a(libc_a-findfp.o)
                              C:/ST/STM32CubeIDE_1.14.0/STM32CubeIDE/plugins/com.st.stm32cube.ide.mcu.externaltools.gnu-tools-for-stm32.11.3.rel1.win32_1.1.100.202309141235/tools/bin/../lib/gcc/arm-none-eabi/11.3.1/../../../../arm-none-eabi/lib/thumb/v7e-m+fp/hard\libc_nano.a(libc_a-exit.o) (__stdio_exit_handler)
C:/ST/STM32CubeIDE_1.14.0/STM32CubeIDE/plugins/com.st.stm32cube.ide.mcu.externaltools.gnu-tools-for-stm32.11.3.rel1.win32_1.1.100.202309141235/tools/bin/../lib/gcc/arm-none-eabi/11.3.1/../../../../arm-none-eabi/lib/thumb/v7e-m+fp/hard\libc_nano.a(libc_a-fwalk.o)
                              C:/ST/STM32CubeIDE_1.14.0/STM32CubeIDE/plugins/com.st.stm32cube.ide.mcu.externaltools.gnu-tools-for-stm32.11.3.rel1.win32_1.1.100.202309141235/tools/bin/../lib/gcc/arm-none-eabi/11.3.1/../../../../arm-none-eabi/lib/thumb/v7e-m+fp/hard\libc_nano.a(libc_a-findfp.o) (_fwalk_sglue)
C:/ST/STM32CubeIDE_1.14.0/STM32CubeIDE/plugins/com.st.stm32cube.ide.mcu.externaltools.gnu-tools-for-stm32.11.3.rel1.win32_1.1.100.202309141235/tools/bin/../lib/gcc/arm-none-eabi/11.3.1/../../../../arm-none-eabi/lib/thumb/v7e-m+fp/hard\libc_nano.a(libc_a-stdio.o)
                              C:/ST/STM32CubeIDE_1.14.0/STM32CubeIDE/plugins/com.st.stm32cube.ide.mcu.externaltools.gnu-tools-for-stm32.11.3.rel1.win32_1.1.100.202309141235/tools/bin/../lib/gcc/arm-none-eabi/11.3.1/../../../../arm-none-eabi/lib/thumb/v7e-m+fp/hard\libc_nano.a(libc_a-findfp.o) (__sread)
C:/ST/STM32CubeIDE_1.14.0/STM32CubeIDE/plugins/com.st.stm32cube.ide.mcu.externaltools.gnu-tools-for-stm32.11.3.rel1.win32_1.1.100.202309141235/tools/bin/../lib/gcc/arm-none-eabi/11.3.1/../../../../arm-none-eabi/lib/thumb/v7e-m+fp/hard\libc_nano.a(libc_a-memset.o)
                              C:/ST/STM32CubeIDE_1.14.0/STM32CubeIDE/plugins/com.st.stm32cube.ide.mcu.externaltools.gnu-tools-for-stm32.11.3.rel1.win32_1.1.100.202309141235/tools/bin/../lib/gcc/arm-none-eabi/11.3.1/../../../../arm-none-eabi/lib/thumb/v7e-m+fp/hard/crt0.o (memset)
C:/ST/STM32CubeIDE_1.14.0/STM32CubeIDE/plugins/com.st.stm32cube.ide.mcu.externaltools.gnu-tools-for-stm32.11.3.rel1.win32_1.1.100.202309141235/tools/bin/../lib/gcc/arm-none-eabi/11.3.1/../../../../arm-none-eabi/lib/thumb/v7e-m+fp/hard\libc_nano.a(libc_a-closer.o)
                              C:/ST/STM32CubeIDE_1.14.0/STM32CubeIDE/plugins/com.st.stm32cube.ide.mcu.externaltools.gnu-tools-for-stm32.11.3.rel1.win32_1.1.100.202309141235/tools/bin/../lib/gcc/arm-none-eabi/11.3.1/../../../../arm-none-eabi/lib/thumb/v7e-m+fp/hard\libc_nano.a(libc_a-stdio.o) (_close_r)
C:/ST/STM32CubeIDE_1.14.0/STM32CubeIDE/plugins/com.st.stm32cube.ide.mcu.externaltools.gnu-tools-for-stm32.11.3.rel1.win32_1.1.100.202309141235/tools/bin/../lib/gcc/arm-none-eabi/11.3.1/../../../../arm-none-eabi/lib/thumb/v7e-m+fp/hard\libc_nano.a(libc_a-reent.o)
                              C:/ST/STM32CubeIDE_1.14.0/STM32CubeIDE/plugins/com.st.stm32cube.ide.mcu.externaltools.gnu-tools-for-stm32.11.3.rel1.win32_1.1.100.202309141235/tools/bin/../lib/gcc/arm-none-eabi/11.3.1/../../../../arm-none-eabi/lib/thumb/v7e-m+fp/hard\libc_nano.a(libc_a-closer.o) (errno)
C:/ST/STM32CubeIDE_1.14.0/STM32CubeIDE/plugins/com.st.stm32cube.ide.mcu.externaltools.gnu-tools-for-stm32.11.3.rel1.win32_1.1.100.202309141235/tools/bin/../lib/gcc/arm-none-eabi/11.3.1/../../../../arm-none-eabi/lib/thumb/v7e-m+fp/hard\libc_nano.a(libc_a-impure.o)
                              C:/ST/STM32CubeIDE_1.14.0/STM32CubeIDE/plugins/com.st.stm32cube.ide.mcu.externaltools.gnu-tools-for-stm32.11.3.rel1.win32_1.1.100.202309141235/tools/bin/../lib/gcc/arm-none-eabi/11.3.1/../../../../arm-none-eabi/lib/thumb/v7e-m+fp/hard\libc_nano.a(libc_a-reent.o) (_impure_ptr)
C:/ST/STM32CubeIDE_1.14.0/STM32CubeIDE/plugins/com.st.stm32cube.ide.mcu.externaltools.gnu-tools-for-stm32.11.3.rel1.win32_1.1.100.202309141235/tools/bin/../lib/gcc/arm-none-eabi/11.3.1/../../../../arm-none-eabi/lib/thumb/v7e-m+fp/hard\libc_nano.a(libc_a-lseekr.o)
[...]
Memory Configuration

Name             Origin             Length             Attributes
RAM              0x0000000020000000 0x0000000000020000 xrw
FLASH            0x0000000008000000 0x0000000000080000 xr
*default*        0x0000000000000000 0xffffffffffffffff

Linker script and memory map

LOAD C:/ST/STM32CubeIDE_1.14.0/STM32CubeIDE/plugins/com.st.stm32cube.ide.mcu.externaltools.gnu-tools-for-stm32.11.3.rel1.win32_1.1.100.202309141235/tools/bin/../lib/gcc/arm-none-eabi/11.3.1/thumb/v7e-m+fp/hard/crti.o
LOAD C:/ST/STM32CubeIDE_1.14.0/STM32CubeIDE/plugins/com.st.stm32cube.ide.mcu.externaltools.gnu-tools-for-stm32.11.3.rel1.win32_1.1.100.202309141235/tools/bin/../lib/gcc/arm-none-eabi/11.3.1/thumb/v7e-m+fp/hard/crtbegin.o
LOAD C:/ST/STM32CubeIDE_1.14.0/STM32CubeIDE/plugins/com.st.stm32cube.ide.mcu.externaltools.gnu-tools-for-stm32.11.3.rel1.win32_1.1.100.202309141235/tools/bin/../lib/gcc/arm-none-eabi/11.3.1/../../../../arm-none-eabi/lib/thumb/v7e-m+fp/hard/crt0.o
LOAD ./Core/Src/main.o
LOAD ./Core/Src/stm32g4xx_hal_msp.o
LOAD ./Core/Src/stm32g4xx_it.o
LOAD ./Core/Src/syscalls.o
LOAD ./Core/Src/sysmem.o
LOAD ./Core/Src/system_stm32g4xx.o
LOAD ./Core/Startup/startup_stm32g474retx.o
LOAD ./Drivers/STM32G4xx_HAL_Driver/Src/stm32g4xx_hal.o
LOAD ./Drivers/STM32G4xx_HAL_Driver/Src/stm32g4xx_hal_cortex.o
LOAD ./Drivers/STM32G4xx_HAL_Driver/Src/stm32g4xx_hal_dac.o
LOAD ./Drivers/STM32G4xx_HAL_Driver/Src/stm32g4xx_hal_dac_ex.o
LOAD ./Drivers/STM32G4xx_HAL_Driver/Src/stm32g4xx_hal_dma.o
LOAD ./Drivers/STM32G4xx_HAL_Driver/Src/stm32g4xx_hal_dma_ex.o
LOAD ./Drivers/STM32G4xx_HAL_Driver/Src/stm32g4xx_hal_exti.o
LOAD ./Drivers/STM32G4xx_HAL_Driver/Src/stm32g4xx_hal_flash.o
LOAD ./Drivers/STM32G4xx_HAL_Driver/Src/stm32g4xx_hal_flash_ex.o
LOAD ./Drivers/STM32G4xx_HAL_Driver/Src/stm32g4xx_hal_flash_ramfunc.o
LOAD ./Drivers/STM32G4xx_HAL_Driver/Src/stm32g4xx_hal_gpio.o
LOAD ./Drivers/STM32G4xx_HAL_Driver/Src/stm32g4xx_hal_pwr.o
LOAD ./Drivers/STM32G4xx_HAL_Driver/Src/stm32g4xx_hal_pwr_ex.o
LOAD ./Drivers/STM32G4xx_HAL_Driver/Src/stm32g4xx_hal_rcc.o
LOAD ./Drivers/STM32G4xx_HAL_Driver/Src/stm32g4xx_hal_rcc_ex.o
LOAD ./Drivers/STM32G4xx_HAL_Driver/Src/stm32g4xx_hal_tim.o
LOAD ./Drivers/STM32G4xx_HAL_Driver/Src/stm32g4xx_hal_tim_ex.o
LOAD ./Drivers/STM32G4xx_HAL_Driver/Src/stm32g4xx_hal_uart.o
LOAD ./Drivers/STM32G4xx_HAL_Driver/Src/stm32g4xx_hal_uart_ex.o
START GROUP
LOAD C:/ST/STM32CubeIDE_1.14.0/STM32CubeIDE/plugins/com.st.stm32cube.ide.mcu.externaltools.gnu-tools-for-stm32.11.3.rel1.win32_1.1.100.202309141235/tools/bin/../lib/gcc/arm-none-eabi/11.3.1/../../../../arm-none-eabi/lib/thumb/v7e-m+fp/hard\libc_nano.a
LOAD C:/ST/STM32CubeIDE_1.14.0/STM32CubeIDE/plugins/com.st.stm32cube.ide.mcu.externaltools.gnu-tools-for-stm32.11.3.rel1.win32_1.1.100.202309141235/tools/bin/../lib/gcc/arm-none-eabi/11.3.1/../../../../arm-none-eabi/lib/thumb/v7e-m+fp/hard\libm.a
END GROUP
START GROUP
LOAD C:/ST/STM32CubeIDE_1.14.0/STM32CubeIDE/plugins/com.st.stm32cube.ide.mcu.externaltools.gnu-tools-for-stm32.11.3.rel1.win32_1.1.100.202309141235/tools/bin/../lib/gcc/arm-none-eabi/11.3.1/thumb/v7e-m+fp/hard\libgcc.a
LOAD C:/ST/STM32CubeIDE_1.14.0/STM32CubeIDE/plugins/com.st.stm32cube.ide.mcu.externaltools.gnu-tools-for-stm32.11.3.rel1.win32_1.1.100.202309141235/tools/bin/../lib/gcc/arm-none-eabi/11.3.1/../../../../arm-none-eabi/lib/thumb/v7e-m+fp/hard\libc_nano.a
END GROUP
START GROUP
LOAD C:/ST/STM32CubeIDE_1.14.0/STM32CubeIDE/plugins/com.st.stm32cube.ide.mcu.externaltools.gnu-tools-for-stm32.11.3.rel1.win32_1.1.100.202309141235/tools/bin/../lib/gcc/arm-none-eabi/11.3.1/thumb/v7e-m+fp/hard\libgcc.a
LOAD C:/ST/STM32CubeIDE_1.14.0/STM32CubeIDE/plugins/com.st.stm32cube.ide.mcu.externaltools.gnu-tools-for-stm32.11.3.rel1.win32_1.1.100.202309141235/tools/bin/../lib/gcc/arm-none-eabi/11.3.1/../../../../arm-none-eabi/lib/thumb/v7e-m+fp/hard\libc_nano.a
LOAD C:/ST/STM32CubeIDE_1.14.0/STM32CubeIDE/plugins/com.st.stm32cube.ide.mcu.externaltools.gnu-tools-for-stm32.11.3.rel1.win32_1.1.100.202309141235/tools/bin/../lib/gcc/arm-none-eabi/11.3.1/../../../../arm-none-eabi/lib/thumb/v7e-m+fp/hard\libnosys.a
END GROUP
START GROUP
LOAD C:/ST/STM32CubeIDE_1.14.0/STM32CubeIDE/plugins/com.st.stm32cube.ide.mcu.externaltools.gnu-tools-for-stm32.11.3.rel1.win32_1.1.100.202309141235/tools/bin/../lib/gcc/arm-none-eabi/11.3.1/thumb/v7e-m+fp/hard\libgcc.a
LOAD C:/ST/STM32CubeIDE_1.14.0/STM32CubeIDE/plugins/com.st.stm32cube.ide.mcu.externaltools.gnu-tools-for-stm32.11.3.rel1.win32_1.1.100.202309141235/tools/bin/../lib/gcc/arm-none-eabi/11.3.1/../../../../arm-none-eabi/lib/thumb/v7e-m+fp/hard\libc_nano.a
LOAD C:/ST/STM32CubeIDE_1.14.0/STM32CubeIDE/plugins/com.st.stm32cube.ide.mcu.externaltools.gnu-tools-for-stm32.11.3.rel1.win32_1.1.100.202309141235/tools/bin/../lib/gcc/arm-none-eabi/11.3.1/../../../../arm-none-eabi/lib/thumb/v7e-m+fp/hard\libnosys.a
END GROUP
LOAD C:/ST/STM32CubeIDE_1.14.0/STM32CubeIDE/plugins/com.st.stm32cube.ide.mcu.externaltools.gnu-tools-for-stm32.11.3.rel1.win32_1.1.100.202309141235/tools/bin/../lib/gcc/arm-none-eabi/11.3.1/thumb/v7e-m+fp/hard/crtend.o
LOAD C:/ST/STM32CubeIDE_1.14.0/STM32CubeIDE/plugins/com.st.stm32cube.ide.mcu.externaltools.gnu-tools-for-stm32.11.3.rel1.win32_1.1.100.202309141235/tools/bin/../lib/gcc/arm-none-eabi/11.3.1/thumb/v7e-m+fp/hard/crtn.o
                0x0000000020020000                _estack = (ORIGIN (RAM) + LENGTH (RAM))
                0x0000000000000200                _Min_Heap_Size = 0x200
                0x0000000000000400                _Min_Stack_Size = 0x400

.isr_vector     0x0000000008000000      0x1d8
                0x0000000008000000                . = ALIGN (0x4)
 *(.isr_vector)
 .isr_vector    0x0000000008000000      0x1d8 ./Core/Startup/startup_stm32g474retx.o
                0x0000000008000000                g_pfnVectors
                0x00000000080001d8                . = ALIGN (0x4)

.text           0x00000000080001d8     0x7024
                0x00000000080001d8                . = ALIGN (0x4)
 *(.text)
 .text          0x00000000080001d8       0x40 C:/ST/STM32CubeIDE_1.14.0/STM32CubeIDE/plugins/com.st.stm32cube.ide.mcu.externaltools.gnu-tools-for-stm32.11.3.rel1.win32_1.1.100.202309141235/tools/bin/../lib/gcc/arm-none-eabi/11.3.1/thumb/v7e-m+fp/hard/crtbegin.o
 .text          0x0000000008000218       0x30 C:/ST/STM32CubeIDE_1.14.0/STM32CubeIDE/plugins/com.st.stm32cube.ide.mcu.externaltools.gnu-tools-for-stm32.11.3.rel1.win32_1.1.100.202309141235/tools/bin/../lib/gcc/arm-none-eabi/11.3.1/thumb/v7e-m+fp/hard\libgcc.a(_aeabi_uldivmod.o)
                0x0000000008000218                __aeabi_uldivmod
 .text          0x0000000008000248      0x2c8 C:/ST/STM32CubeIDE_1.14.0/STM32CubeIDE/plugins/com.st.stm32cube.ide.mcu.externaltools.gnu-tools-for-stm32.11.3.rel1.win32_1.1.100.202309141235/tools/bin/../lib/gcc/arm-none-eabi/11.3.1/thumb/v7e-m+fp/hard\libgcc.a(_udivmoddi4.o)
                0x0000000008000248                __udivmoddi4
 .text          0x0000000008000510        0x4 C:/ST/STM32CubeIDE_1.14.0/STM32CubeIDE/plugins/com.st.stm32cube.ide.mcu.externaltools.gnu-tools-for-stm32.11.3.rel1.win32_1.1.100.202309141235/tools/bin/../lib/gcc/arm-none-eabi/11.3.1/thumb/v7e-m+fp/hard\libgcc.a(_dvmd_tls.o)
                0x0000000008000510                __aeabi_idiv0
                0x0000000008000510                __aeabi_ldiv0
 *(.text*)
 .text.main     0x0000000008000514      0x388 ./Core/Src/main.o
                0x0000000008000514                main
 .text.SystemClock_Config
                0x000000000800089c       0x96 ./Core/Src/main.o
                0x000000000800089c                SystemClock_Config
 *fill*         0x0000000008000932        0x2 
 .text.MX_DAC1_Init
                0x0000000008000934       0x74 ./Core/Src/main.o
 .text.MX_LPUART1_UART_Init
                0x00000000080009a8       0x94 ./Core/Src/main.o
 .text.MX_USART1_UART_Init
                0x0000000008000a3c       0x98 ./Core/Src/main.o
 .text.MX_TIM1_Init
                0x0000000008000ad4      0x170 ./Core/Src/main.o
 .text.MX_TIM2_Init
                0x0000000008000c44       0xf4 ./Core/Src/main.o
 .text.MX_TIM3_Init
                0x0000000008000d38       0xb0 ./Core/Src/main.o
 .text.MX_TIM6_Init
                0x0000000008000de8       0x70 ./Core/Src/main.o
 .text.MX_TIM8_Init
                0x0000000008000e58      0x170 ./Core/Src/main.o
 .text.MX_GPIO_Init
                0x0000000008000fc8      0x140 ./Core/Src/main.o
 .text.state0_inv1
                0x0000000008001108       0x40 ./Core/Src/main.o
                0x0000000008001108                state0_inv1
 .text.state1_inv1
                0x0000000008001148       0x48 ./Core/Src/main.o
                0x0000000008001148                state1_inv1
 .text.state2_inv1
                0x0000000008001190       0x48 ./Core/Src/main.o
                0x0000000008001190                state2_inv1
 .text.state3_inv1
                0x00000000080011d8       0x48 ./Core/Src/main.o
                0x00000000080011d8                state3_inv1
 .text.state4_inv1
                0x0000000008001220       0x48 ./Core/Src/main.o
                0x0000000008001220                state4_inv1
 .text.state5_inv1
                0x0000000008001268       0x48 ./Core/Src/main.o
                0x0000000008001268                state5_inv1
 .text.state6_inv1
                0x00000000080012b0       0x48 ./Core/Src/main.o
                0x00000000080012b0                state6_inv1
 .text.stateOff_inv1
                0x00000000080012f8       0x40 ./Core/Src/main.o
                0x00000000080012f8                stateOff_inv1
 .text.state0_inv2
                0x0000000008001338       0x48 ./Core/Src/main.o
                0x0000000008001338                state0_inv2
 .text.state1_inv2
                0x0000000008001380       0x4c ./Core/Src/main.o
                0x0000000008001380                state1_inv2
 .text.state2_inv2
                0x00000000080013cc       0x4c ./Core/Src/main.o
                0x00000000080013cc                state2_inv2
 .text.state3_inv2
                0x0000000008001418       0x4c ./Core/Src/main.o
                0x0000000008001418                state3_inv2
 .text.state4_inv2
                0x0000000008001464       0x4c ./Core/Src/main.o
                0x0000000008001464                state4_inv2
 .text.state5_inv2
                0x00000000080014b0       0x4c ./Core/Src/main.o
                0x00000000080014b0                state5_inv2
 .text.state6_inv2
                0x00000000080014fc       0x4c ./Core/Src/main.o
                0x00000000080014fc                state6_inv2
 .text.stateOff_inv2
                0x0000000008001548       0x48 ./Core/Src/main.o
                0x0000000008001548                stateOff_inv2
 .text.state0_inv3
                0x0000000008001590       0x44 ./Core/Src/main.o
                0x0000000008001590                state0_inv3
 .text.state1_inv3
                0x00000000080015d4       0x4c ./Core/Src/main.o
                0x00000000080015d4                state1_inv3
 .text.state2_inv3
                0x0000000008001620       0x4c ./Core/Src/main.o
                0x0000000008001620                state2_inv3
 .text.state3_inv3
                0x000000000800166c       0x4c ./Core/Src/main.o
                0x000000000800166c                state3_inv3
 .text.state4_inv3
                0x00000000080016b8       0x4c ./Core/Src/main.o
                0x00000000080016b8                state4_inv3
 .text.state5_inv3
                0x0000000008001704       0x4c ./Core/Src/main.o
                0x0000000008001704                state5_inv3
 .text.state6_inv3
                0x0000000008001750       0x4c ./Core/Src/main.o
                0x0000000008001750                state6_inv3
 .text.stateOff_inv3
                0x000000000800179c       0x44 ./Core/Src/main.o
                0x000000000800179c                stateOff_inv3
 .text.state0_inv4
                0x00000000080017e0       0x50 ./Core/Src/main.o
                0x00000000080017e0                state0_inv4
 .text.state1_inv4
                0x0000000008001830       0x54 ./Core/Src/main.o
                0x0000000008001830                state1_inv4
 .text.state2_inv4
                0x0000000008001884       0x54 ./Core/Src/main.o
                0x0000000008001884                state2_inv4
 .text.state3_inv4
                0x00000000080018d8       0x54 ./Core/Src/main.o
                0x00000000080018d8                state3_inv4
 .text.state4_inv4
                0x000000000800192c       0x54 ./Core/Src/main.o
                0x000000000800192c                state4_inv4
 .text.state5_inv4
                0x0000000008001980       0x54 ./Core/Src/main.o
                0x0000000008001980                state5_inv4
 .text.state6_inv4
                0x00000000080019d4       0x54 ./Core/Src/main.o
                0x00000000080019d4                state6_inv4
 .text.stateOff_inv4
                0x0000000008001a28       0x50 ./Core/Src/main.o
                0x0000000008001a28                stateOff_inv4
 .text.Inverter1
                0x0000000008001a78      0x290 ./Core/Src/main.o
                0x0000000008001a78                Inverter1
 .text.Inverter3
                0x0000000008001d08      0x290 ./Core/Src/main.o
                0x0000000008001d08                Inverter3
 .text.Inverter2
                0x0000000008001f98      0x2d8 ./Core/Src/main.o
                0x0000000008001f98                Inverter2
 .text.Inverter4
                0x0000000008002270      0x2d8 ./Core/Src/main.o
                0x0000000008002270                Inverter4
 .text.Error_Handler
                0x0000000008002548        0xa ./Core/Src/main.o
                0x0000000008002548                Error_Handler
 *fill*         0x0000000008002552        0x2 
 .text.HAL_MspInit
                0x0000000008002554       0x48 ./Core/Src/stm32g4xx_hal_msp.o
                0x0000000008002554                HAL_MspInit
 .text.HAL_DAC_MspInit
                0x000000000800259c       0x8c ./Core/Src/stm32g4xx_hal_msp.o
                0x000000000800259c                HAL_DAC_MspInit
 .text.HAL_UART_MspInit
                0x0000000008002628      0x140 ./Core/Src/stm32g4xx_hal_msp.o
                0x0000000008002628                HAL_UART_MspInit
 .text.HAL_TIM_PWM_MspInit
                0x0000000008002768       0xc0 ./Core/Src/stm32g4xx_hal_msp.o
                0x0000000008002768                HAL_TIM_PWM_MspInit
 .text.HAL_TIM_Base_MspInit
                0x0000000008002828       0x4c ./Core/Src/stm32g4xx_hal_msp.o
                0x0000000008002828                HAL_TIM_Base_MspInit
 .text.HAL_TIM_MspPostInit
                0x0000000008002874      0x19c ./Core/Src/stm32g4xx_hal_msp.o
                0x0000000008002874                HAL_TIM_MspPostInit
 .text.NMI_Handler
                0x0000000008002a10        0x6 ./Core/Src/stm32g4xx_it.o
                0x0000000008002a10                NMI_Handler
 .text.HardFault_Handler
                0x0000000008002a16        0x6 ./Core/Src/stm32g4xx_it.o
                0x0000000008002a16                HardFault_Handler
 .text.MemManage_Handler
                0x0000000008002a1c        0x6 ./Core/Src/stm32g4xx_it.o
                0x0000000008002a1c                MemManage_Handler
 .text.BusFault_Handler
                0x0000000008002a22        0x6 ./Core/Src/stm32g4xx_it.o
                0x0000000008002a22                BusFault_Handler
 .text.UsageFault_Handler
                0x0000000008002a28        0x6 ./Core/Src/stm32g4xx_it.o
                0x0000000008002a28                UsageFault_Handler
 .text.SVC_Handler
                0x0000000008002a2e        0xe ./Core/Src/stm32g4xx_it.o
                0x0000000008002a2e                SVC_Handler
 .text.DebugMon_Handler
                0x0000000008002a3c        0xe ./Core/Src/stm32g4xx_it.o
                0x0000000008002a3c                DebugMon_Handler
 .text.PendSV_Handler
                0x0000000008002a4a        0xe ./Core/Src/stm32g4xx_it.o
                0x0000000008002a4a                PendSV_Handler
 .text.SysTick_Handler
                0x0000000008002a58        0xc ./Core/Src/stm32g4xx_it.o
                0x0000000008002a58                SysTick_Handler
 .text.TIM3_IRQHandler
                0x0000000008002a64       0x14 ./Core/Src/stm32g4xx_it.o
                0x0000000008002a64                TIM3_IRQHandler
 .text.USART1_IRQHandler
                0x0000000008002a78       0x14 ./Core/Src/stm32g4xx_it.o
                0x0000000008002a78                USART1_IRQHandler
 .text.EXTI15_10_IRQHandler
                0x0000000008002a8c       0x10 ./Core/Src/stm32g4xx_it.o
                0x0000000008002a8c                EXTI15_10_IRQHandler
 .text.TIM6_DAC_IRQHandler
                0x0000000008002a9c       0x1c ./Core/Src/stm32g4xx_it.o
                0x0000000008002a9c                TIM6_DAC_IRQHandler
 .text.SystemInit
                0x0000000008002ab8       0x24 ./Core/Src/system_stm32g4xx.o
                0x0000000008002ab8                SystemInit
 .text.Reset_Handler
                0x0000000008002adc       0x50 ./Core/Startup/startup_stm32g474retx.o
                0x0000000008002adc                Reset_Handler
 .text.Default_Handler
                0x0000000008002b2c        0x2 ./Core/Startup/startup_stm32g474retx.o
                0x0000000008002b2c                RTC_Alarm_IRQHandler
                0x0000000008002b2c                EXTI2_IRQHandler
                0x0000000008002b2c                TIM8_TRG_COM_IRQHandler
                0x0000000008002b2c                TIM8_CC_IRQHandler
                0x0000000008002b2c                HRTIM1_Master_IRQHandler
                0x0000000008002b2c                SPI4_IRQHandler
                0x0000000008002b2c                FDCAN3_IT0_IRQHandler
                0x0000000008002b2c                TIM1_CC_IRQHandler
                0x0000000008002b2c                HRTIM1_FLT_IRQHandler
                0x0000000008002b2c                HRTIM1_TIMF_IRQHandler
                0x0000000008002b2c                USB_HP_IRQHandler
                0x0000000008002b2c                CORDIC_IRQHandler
                0x0000000008002b2c                HRTIM1_TIMD_IRQHandler
                0x0000000008002b2c                DMA2_Channel8_IRQHandler
                0x0000000008002b2c                EXTI3_IRQHandler
                0x0000000008002b2c                I2C3_ER_IRQHandler
                0x0000000008002b2c                EXTI0_IRQHandler
                0x0000000008002b2c                I2C2_EV_IRQHandler
                0x0000000008002b2c                FPU_IRQHandler
                0x0000000008002b2c                FDCAN1_IT1_IRQHandler
                0x0000000008002b2c                TIM1_UP_TIM16_IRQHandler
                0x0000000008002b2c                ADC1_2_IRQHandler
                0x0000000008002b2c                HRTIM1_TIME_IRQHandler
                0x0000000008002b2c                SPI1_IRQHandler
                0x0000000008002b2c                HRTIM1_TIMC_IRQHandler
                0x0000000008002b2c                TIM8_UP_IRQHandler
                0x0000000008002b2c                DMA2_Channel2_IRQHandler
                0x0000000008002b2c                DMA1_Channel4_IRQHandler
                0x0000000008002b2c                TIM20_TRG_COM_IRQHandler
                0x0000000008002b2c                USART3_IRQHandler
                0x0000000008002b2c                DMA1_Channel7_IRQHandler
                0x0000000008002b2c                UART5_IRQHandler
                0x0000000008002b2c                ADC3_IRQHandler
                0x0000000008002b2c                TIM4_IRQHandler
                0x0000000008002b2c                DMA2_Channel1_IRQHandler
                0x0000000008002b2c                QUADSPI_IRQHandler
                0x0000000008002b2c                I2C1_EV_IRQHandler
                0x0000000008002b2c                DMA1_Channel6_IRQHandler
                0x0000000008002b2c                UART4_IRQHandler
                0x0000000008002b2c                DMA2_Channel4_IRQHandler
                0x0000000008002b2c                RCC_IRQHandler
                0x0000000008002b2c                TIM20_UP_IRQHandler
                0x0000000008002b2c                DMA1_Channel1_IRQHandler
                0x0000000008002b2c                Default_Handler
                0x0000000008002b2c                DMA2_Channel7_IRQHandler
                0x0000000008002b2c                RTC_TAMP_LSECSS_IRQHandler
                0x0000000008002b2c                FMAC_IRQHandler
                0x0000000008002b2c                DMA1_Channel8_IRQHandler
                0x0000000008002b2c                HRTIM1_TIMA_IRQHandler
                0x0000000008002b2c                TIM7_DAC_IRQHandler
                0x0000000008002b2c                FDCAN3_IT1_IRQHandler
                0x0000000008002b2c                TIM5_IRQHandler
                0x0000000008002b2c                UCPD1_IRQHandler
                0x0000000008002b2c                I2C3_EV_IRQHandler
                0x0000000008002b2c                EXTI9_5_IRQHandler
                0x0000000008002b2c                RTC_WKUP_IRQHandler
                0x0000000008002b2c                PVD_PVM_IRQHandler
                0x0000000008002b2c                SPI2_IRQHandler
                0x0000000008002b2c                ADC5_IRQHandler
                0x0000000008002b2c                DMA2_Channel5_IRQHandler
                0x0000000008002b2c                CRS_IRQHandler
                0x0000000008002b2c                DMA1_Channel5_IRQHandler
                0x0000000008002b2c                USB_LP_IRQHandler
                0x0000000008002b2c                EXTI4_IRQHandler
                0x0000000008002b2c                RNG_IRQHandler
                0x0000000008002b2c                HRTIM1_TIMB_IRQHandler
                0x0000000008002b2c                TIM1_TRG_COM_TIM17_IRQHandler
                0x0000000008002b2c                FDCAN2_IT1_IRQHandler
                0x0000000008002b2c                DMA1_Channel3_IRQHandler
                0x0000000008002b2c                ADC4_IRQHandler
                0x0000000008002b2c                WWDG_IRQHandler
                0x0000000008002b2c                I2C4_EV_IRQHandler
                0x0000000008002b2c                FDCAN2_IT0_IRQHandler
                0x0000000008002b2c                LPUART1_IRQHandler
                0x0000000008002b2c                DMA2_Channel6_IRQHandler
                0x0000000008002b2c                FDCAN1_IT0_IRQHandler
                0x0000000008002b2c                TIM2_IRQHandler
                0x0000000008002b2c                COMP7_IRQHandler
                0x0000000008002b2c                COMP1_2_3_IRQHandler
                0x0000000008002b2c                EXTI1_IRQHandler
                0x0000000008002b2c                USART2_IRQHandler
                0x0000000008002b2c                COMP4_5_6_IRQHandler
                0x0000000008002b2c                TIM20_BRK_IRQHandler
                0x0000000008002b2c                I2C2_ER_IRQHandler
                0x0000000008002b2c                DMA1_Channel2_IRQHandler
                0x0000000008002b2c                TIM8_BRK_IRQHandler
                0x0000000008002b2c                FLASH_IRQHandler
                0x0000000008002b2c                TIM20_CC_IRQHandler
                0x0000000008002b2c                SPI3_IRQHandler
                0x0000000008002b2c                I2C1_ER_IRQHandler
                0x0000000008002b2c                FMC_IRQHandler
                0x0000000008002b2c                LPTIM1_IRQHandler
                0x0000000008002b2c                DMAMUX_OVR_IRQHandler
                0x0000000008002b2c                I2C4_ER_IRQHandler
                0x0000000008002b2c                USBWakeUp_IRQHandler
                0x0000000008002b2c                SAI1_IRQHandler
                0x0000000008002b2c                DMA2_Channel3_IRQHandler
                0x0000000008002b2c                TIM1_BRK_TIM15_IRQHandler
 .text.HAL_Init
                0x0000000008002b2e       0x30 ./Drivers/STM32G4xx_HAL_Driver/Src/stm32g4xx_hal.o
                0x0000000008002b2e                HAL_Init
 *fill*         0x0000000008002b5e        0x2 
 .text.HAL_InitTick
                0x0000000008002b60       0x74 ./Drivers/STM32G4xx_HAL_Driver/Src/stm32g4xx_hal.o
                0x0000000008002b60                HAL_InitTick
 .text.HAL_IncTick
                0x0000000008002bd4       0x24 ./Drivers/STM32G4xx_HAL_Driver/Src/stm32g4xx_hal.o
                0x0000000008002bd4                HAL_IncTick
 .text.HAL_GetTick
                0x0000000008002bf8       0x18 ./Drivers/STM32G4xx_HAL_Driver/Src/stm32g4xx_hal.o
                0x0000000008002bf8                HAL_GetTick
 .text.HAL_Delay
                0x0000000008002c10       0x44 ./Drivers/STM32G4xx_HAL_Driver/Src/stm32g4xx_hal.o
                0x0000000008002c10                HAL_Delay
 .text.__NVIC_SetPriorityGrouping
                0x0000000008002c54       0x48 ./Drivers/STM32G4xx_HAL_Driver/Src/stm32g4xx_hal_cortex.o
 .text.__NVIC_GetPriorityGrouping
                0x0000000008002c9c       0x1c ./Drivers/STM32G4xx_HAL_Driver/Src/stm32g4xx_hal_cortex.o
 .text.__NVIC_EnableIRQ
                0x0000000008002cb8       0x3c ./Drivers/STM32G4xx_HAL_Driver/Src/stm32g4xx_hal_cortex.o
 .text.__NVIC_SetPriority
                0x0000000008002cf4       0x54 ./Drivers/STM32G4xx_HAL_Driver/Src/stm32g4xx_hal_cortex.o
 .text.NVIC_EncodePriority
                0x0000000008002d48       0x66 ./Drivers/STM32G4xx_HAL_Driver/Src/stm32g4xx_hal_cortex.o
 *fill*         0x0000000008002dae        0x2 
 .text.SysTick_Config
                0x0000000008002db0       0x44 ./Drivers/STM32G4xx_HAL_Driver/Src/stm32g4xx_hal_cortex.o
 .text.HAL_NVIC_SetPriorityGrouping
                0x0000000008002df4       0x16 ./Drivers/STM32G4xx_HAL_Driver/Src/stm32g4xx_hal_cortex.o
                0x0000000008002df4                HAL_NVIC_SetPriorityGrouping
 .text.HAL_NVIC_SetPriority
                0x0000000008002e0a       0x34 ./Drivers/STM32G4xx_HAL_Driver/Src/stm32g4xx_hal_cortex.o
                0x0000000008002e0a                HAL_NVIC_SetPriority
 .text.HAL_NVIC_EnableIRQ
                0x0000000008002e3e       0x1c ./Drivers/STM32G4xx_HAL_Driver/Src/stm32g4xx_hal_cortex.o
                0x0000000008002e3e                HAL_NVIC_EnableIRQ
 .text.HAL_SYSTICK_Config
                0x0000000008002e5a       0x18 ./Drivers/STM32G4xx_HAL_Driver/Src/stm32g4xx_hal_cortex.o
                0x0000000008002e5a                HAL_SYSTICK_Config
 .text.HAL_DAC_Init
                0x0000000008002e72       0x44 ./Drivers/STM32G4xx_HAL_Driver/Src/stm32g4xx_hal_dac.o
                0x0000000008002e72                HAL_DAC_Init
 .text.HAL_DAC_IRQHandler
                0x0000000008002eb6       0xb4 ./Drivers/STM32G4xx_HAL_Driver/Src/stm32g4xx_hal_dac.o
                0x0000000008002eb6                HAL_DAC_IRQHandler
 .text.HAL_DAC_DMAUnderrunCallbackCh1
                0x0000000008002f6a       0x14 ./Drivers/STM32G4xx_HAL_Driver/Src/stm32g4xx_hal_dac.o
                0x0000000008002f6a                HAL_DAC_DMAUnderrunCallbackCh1
 *fill*         0x0000000008002f7e        0x2 
 .text.HAL_DAC_ConfigChannel
                0x0000000008002f80      0x350 ./Drivers/STM32G4xx_HAL_Driver/Src/stm32g4xx_hal_dac.o
                0x0000000008002f80                HAL_DAC_ConfigChannel
 .text.HAL_DACEx_DMAUnderrunCallbackCh2
                0x00000000080032d0       0x14 ./Drivers/STM32G4xx_HAL_Driver/Src/stm32g4xx_hal_dac_ex.o
                0x00000000080032d0                HAL_DACEx_DMAUnderrunCallbackCh2
 .text.HAL_DMA_Abort
                0x00000000080032e4       0xb2 ./Drivers/STM32G4xx_HAL_Driver/Src/stm32g4xx_hal_dma.o
                0x00000000080032e4                HAL_DMA_Abort
 .text.HAL_DMA_Abort_IT
                0x0000000008003396       0xce ./Drivers/STM32G4xx_HAL_Driver/Src/stm32g4xx_hal_dma.o
                0x0000000008003396                HAL_DMA_Abort_IT
 .text.HAL_GPIO_Init
                0x0000000008003464      0x304 ./Drivers/STM32G4xx_HAL_Driver/Src/stm32g4xx_hal_gpio.o
                0x0000000008003464                HAL_GPIO_Init
 .text.HAL_GPIO_ReadPin
                0x0000000008003768       0x30 ./Drivers/STM32G4xx_HAL_Driver/Src/stm32g4xx_hal_gpio.o
                0x0000000008003768                HAL_GPIO_ReadPin
 .text.HAL_GPIO_WritePin
                0x0000000008003798       0x30 ./Drivers/STM32G4xx_HAL_Driver/Src/stm32g4xx_hal_gpio.o
                0x0000000008003798                HAL_GPIO_WritePin
 .text.HAL_GPIO_EXTI_IRQHandler
                0x00000000080037c8       0x30 ./Drivers/STM32G4xx_HAL_Driver/Src/stm32g4xx_hal_gpio.o
                0x00000000080037c8                HAL_GPIO_EXTI_IRQHandler
 .text.HAL_GPIO_EXTI_Callback
                0x00000000080037f8       0x16 ./Drivers/STM32G4xx_HAL_Driver/Src/stm32g4xx_hal_gpio.o
                0x00000000080037f8                HAL_GPIO_EXTI_Callback
 *fill*         0x000000000800380e        0x2 
 .text.HAL_PWREx_ControlVoltageScaling
                0x0000000008003810      0x148 ./Drivers/STM32G4xx_HAL_Driver/Src/stm32g4xx_hal_pwr_ex.o
                0x0000000008003810                HAL_PWREx_ControlVoltageScaling
 .text.HAL_PWREx_DisableUCPDDeadBattery
                0x0000000008003958       0x20 ./Drivers/STM32G4xx_HAL_Driver/Src/stm32g4xx_hal_pwr_ex.o
                0x0000000008003958                HAL_PWREx_DisableUCPDDeadBattery
 .text.HAL_RCC_OscConfig
                0x0000000008003978      0x630 ./Drivers/STM32G4xx_HAL_Driver/Src/stm32g4xx_hal_rcc.o
                0x0000000008003978                HAL_RCC_OscConfig
 .text.HAL_RCC_ClockConfig
                0x0000000008003fa8      0x278 ./Drivers/STM32G4xx_HAL_Driver/Src/stm32g4xx_hal_rcc.o
                0x0000000008003fa8                HAL_RCC_ClockConfig
 .text.HAL_RCC_GetSysClockFreq
                0x0000000008004220       0xc4 ./Drivers/STM32G4xx_HAL_Driver/Src/stm32g4xx_hal_rcc.o
                0x0000000008004220                HAL_RCC_GetSysClockFreq
 .text.HAL_RCC_GetHCLKFreq
                0x00000000080042e4       0x18 ./Drivers/STM32G4xx_HAL_Driver/Src/stm32g4xx_hal_rcc.o
                0x00000000080042e4                HAL_RCC_GetHCLKFreq
 .text.HAL_RCC_GetPCLK1Freq
                0x00000000080042fc       0x2c ./Drivers/STM32G4xx_HAL_Driver/Src/stm32g4xx_hal_rcc.o
                0x00000000080042fc                HAL_RCC_GetPCLK1Freq
 .text.HAL_RCC_GetPCLK2Freq
                0x0000000008004328       0x2c ./Drivers/STM32G4xx_HAL_Driver/Src/stm32g4xx_hal_rcc.o
                0x0000000008004328                HAL_RCC_GetPCLK2Freq
 .text.RCC_GetSysClockFreqFromPLLSource
                0x0000000008004354       0x8c ./Drivers/STM32G4xx_HAL_Driver/Src/stm32g4xx_hal_rcc.o
 .text.HAL_RCCEx_PeriphCLKConfig
                0x00000000080043e0      0x49c ./Drivers/STM32G4xx_HAL_Driver/Src/stm32g4xx_hal_rcc_ex.o
                0x00000000080043e0                HAL_RCCEx_PeriphCLKConfig
 .text.HAL_TIM_Base_Init
                0x000000000800487c       0xae ./Drivers/STM32G4xx_HAL_Driver/Src/stm32g4xx_hal_tim.o
                0x000000000800487c                HAL_TIM_Base_Init
 *fill*         0x000000000800492a        0x2 
 .text.HAL_TIM_Base_Start_IT
                0x000000000800492c       0xf0 ./Drivers/STM32G4xx_HAL_Driver/Src/stm32g4xx_hal_tim.o
                0x000000000800492c                HAL_TIM_Base_Start_IT
 .text.HAL_TIM_PWM_Init
                0x0000000008004a1c       0xae ./Drivers/STM32G4xx_HAL_Driver/Src/stm32g4xx_hal_tim.o
                0x0000000008004a1c                HAL_TIM_PWM_Init
 *fill*         0x0000000008004aca        0x2 
 .text.HAL_TIM_PWM_Start
                0x0000000008004acc      0x224 ./Drivers/STM32G4xx_HAL_Driver/Src/stm32g4xx_hal_tim.o
                0x0000000008004acc                HAL_TIM_PWM_Start
 .text.HAL_TIM_IRQHandler
                0x0000000008004cf0      0x2fe ./Drivers/STM32G4xx_HAL_Driver/Src/stm32g4xx_hal_tim.o
                0x0000000008004cf0                HAL_TIM_IRQHandler
 *fill*         0x0000000008004fee        0x2 
 .text.HAL_TIM_PWM_ConfigChannel
                0x0000000008004ff0      0x228 ./Drivers/STM32G4xx_HAL_Driver/Src/stm32g4xx_hal_tim.o
                0x0000000008004ff0                HAL_TIM_PWM_ConfigChannel
 .text.HAL_TIM_PeriodElapsedCallback
                0x0000000008005218       0x14 ./Drivers/STM32G4xx_HAL_Driver/Src/stm32g4xx_hal_tim.o
                0x0000000008005218                HAL_TIM_PeriodElapsedCallback
 .text.HAL_TIM_OC_DelayElapsedCallback
                0x000000000800522c       0x14 ./Drivers/STM32G4xx_HAL_Driver/Src/stm32g4xx_hal_tim.o
                0x000000000800522c                HAL_TIM_OC_DelayElapsedCallback
 .text.HAL_TIM_IC_CaptureCallback
                0x0000000008005240       0x14 ./Drivers/STM32G4xx_HAL_Driver/Src/stm32g4xx_hal_tim.o
                0x0000000008005240                HAL_TIM_IC_CaptureCallback
 .text.HAL_TIM_PWM_PulseFinishedCallback
                0x0000000008005254       0x14 ./Drivers/STM32G4xx_HAL_Driver/Src/stm32g4xx_hal_tim.o
                0x0000000008005254                HAL_TIM_PWM_PulseFinishedCallback
 .text.HAL_TIM_TriggerCallback
                0x0000000008005268       0x14 ./Drivers/STM32G4xx_HAL_Driver/Src/stm32g4xx_hal_tim.o
                0x0000000008005268                HAL_TIM_TriggerCallback
 .text.TIM_Base_SetConfig
                0x000000000800527c      0x150 ./Drivers/STM32G4xx_HAL_Driver/Src/stm32g4xx_hal_tim.o
                0x000000000800527c                TIM_Base_SetConfig
 .text.TIM_OC1_SetConfig
                0x00000000080053cc      0x134 ./Drivers/STM32G4xx_HAL_Driver/Src/stm32g4xx_hal_tim.o
 .text.TIM_OC2_SetConfig
                0x0000000008005500      0x128 ./Drivers/STM32G4xx_HAL_Driver/Src/stm32g4xx_hal_tim.o
                0x0000000008005500                TIM_OC2_SetConfig
 .text.TIM_OC3_SetConfig
                0x0000000008005628      0x124 ./Drivers/STM32G4xx_HAL_Driver/Src/stm32g4xx_hal_tim.o
 .text.TIM_OC4_SetConfig
                0x000000000800574c      0x128 ./Drivers/STM32G4xx_HAL_Driver/Src/stm32g4xx_hal_tim.o
 .text.TIM_OC5_SetConfig
                0x0000000008005874       0xd4 ./Drivers/STM32G4xx_HAL_Driver/Src/stm32g4xx_hal_tim.o
 .text.TIM_OC6_SetConfig
                0x0000000008005948       0xd8 ./Drivers/STM32G4xx_HAL_Driver/Src/stm32g4xx_hal_tim.o
 .text.TIM_CCxChannelCmd
                0x0000000008005a20       0x4a ./Drivers/STM32G4xx_HAL_Driver/Src/stm32g4xx_hal_tim.o
                0x0000000008005a20                TIM_CCxChannelCmd
 *fill*         0x0000000008005a6a        0x2 
 .text.HAL_TIMEx_MasterConfigSynchronization
                0x0000000008005a6c      0x12c ./Drivers/STM32G4xx_HAL_Driver/Src/stm32g4xx_hal_tim_ex.o
                0x0000000008005a6c                HAL_TIMEx_MasterConfigSynchronization
 .text.HAL_TIMEx_ConfigBreakDeadTime
                0x0000000008005b98      0x164 ./Drivers/STM32G4xx_HAL_Driver/Src/stm32g4xx_hal_tim_ex.o
                0x0000000008005b98                HAL_TIMEx_ConfigBreakDeadTime
 .text.HAL_TIMEx_CommutCallback
                0x0000000008005cfc       0x14 ./Drivers/STM32G4xx_HAL_Driver/Src/stm32g4xx_hal_tim_ex.o
                0x0000000008005cfc                HAL_TIMEx_CommutCallback
 .text.HAL_TIMEx_BreakCallback
                0x0000000008005d10       0x14 ./Drivers/STM32G4xx_HAL_Driver/Src/stm32g4xx_hal_tim_ex.o
                0x0000000008005d10                HAL_TIMEx_BreakCallback
 .text.HAL_TIMEx_Break2Callback
                0x0000000008005d24       0x14 ./Drivers/STM32G4xx_HAL_Driver/Src/stm32g4xx_hal_tim_ex.o
                0x0000000008005d24                HAL_TIMEx_Break2Callback
 .text.HAL_TIMEx_EncoderIndexCallback
                0x0000000008005d38       0x14 ./Drivers/STM32G4xx_HAL_Driver/Src/stm32g4xx_hal_tim_ex.o
                0x0000000008005d38                HAL_TIMEx_EncoderIndexCallback
 .text.HAL_TIMEx_DirectionChangeCallback
                0x0000000008005d4c       0x14 ./Drivers/STM32G4xx_HAL_Driver/Src/stm32g4xx_hal_tim_ex.o
                0x0000000008005d4c                HAL_TIMEx_DirectionChangeCallback
 .text.HAL_TIMEx_IndexErrorCallback
                0x0000000008005d60       0x14 ./Drivers/STM32G4xx_HAL_Driver/Src/stm32g4xx_hal_tim_ex.o
                0x0000000008005d60                HAL_TIMEx_IndexErrorCallback
 .text.HAL_TIMEx_TransitionErrorCallback
                0x0000000008005d74       0x14 ./Drivers/STM32G4xx_HAL_Driver/Src/stm32g4xx_hal_tim_ex.o
                0x0000000008005d74                HAL_TIMEx_TransitionErrorCallback
 .text.HAL_UART_Init
                0x0000000008005d88       0xa0 ./Drivers/STM32G4xx_HAL_Driver/Src/stm32g4xx_hal_uart.o
                0x0000000008005d88                HAL_UART_Init
 .text.HAL_UART_IRQHandler
                0x0000000008005e28      0x630 ./Drivers/STM32G4xx_HAL_Driver/Src/stm32g4xx_hal_uart.o
                0x0000000008005e28                HAL_UART_IRQHandler
 .text.HAL_UART_TxCpltCallback
                0x0000000008006458       0x14 ./Drivers/STM32G4xx_HAL_Driver/Src/stm32g4xx_hal_uart.o
                0x0000000008006458                HAL_UART_TxCpltCallback
 .text.HAL_UART_ErrorCallback
                0x000000000800646c       0x14 ./Drivers/STM32G4xx_HAL_Driver/Src/stm32g4xx_hal_uart.o
                0x000000000800646c                HAL_UART_ErrorCallback
 .text.HAL_UARTEx_RxEventCallback
                0x0000000008006480       0x18 ./Drivers/STM32G4xx_HAL_Driver/Src/stm32g4xx_hal_uart.o
                0x0000000008006480                HAL_UARTEx_RxEventCallback
 .text.UART_SetConfig
                0x0000000008006498      0x5f8 ./Drivers/STM32G4xx_HAL_Driver/Src/stm32g4xx_hal_uart.o
                0x0000000008006498                UART_SetConfig
 .text.UART_AdvFeatureConfig
                0x0000000008006a90      0x144 ./Drivers/STM32G4xx_HAL_Driver/Src/stm32g4xx_hal_uart.o
                0x0000000008006a90                UART_AdvFeatureConfig
 .text.UART_CheckIdleState
                0x0000000008006bd4       0x96 ./Drivers/STM32G4xx_HAL_Driver/Src/stm32g4xx_hal_uart.o
                0x0000000008006bd4                UART_CheckIdleState
 .text.UART_WaitOnFlagUntilTimeout
                0x0000000008006c6a      0x190 ./Drivers/STM32G4xx_HAL_Driver/Src/stm32g4xx_hal_uart.o
                0x0000000008006c6a                UART_WaitOnFlagUntilTimeout
 .text.UART_EndRxTransfer
                0x0000000008006dfa       0xcc ./Drivers/STM32G4xx_HAL_Driver/Src/stm32g4xx_hal_uart.o
 .text.UART_DMAAbortOnError
                0x0000000008006ec6       0x2c ./Drivers/STM32G4xx_HAL_Driver/Src/stm32g4xx_hal_uart.o
 .text.UART_EndTransmit_IT
                0x0000000008006ef2       0x56 ./Drivers/STM32G4xx_HAL_Driver/Src/stm32g4xx_hal_uart.o
 .text.HAL_UARTEx_WakeupCallback
                0x0000000008006f48       0x14 ./Drivers/STM32G4xx_HAL_Driver/Src/stm32g4xx_hal_uart_ex.o
                0x0000000008006f48                HAL_UARTEx_WakeupCallback
 .text.HAL_UARTEx_RxFifoFullCallback
                0x0000000008006f5c       0x14 ./Drivers/STM32G4xx_HAL_Driver/Src/stm32g4xx_hal_uart_ex.o
                0x0000000008006f5c                HAL_UARTEx_RxFifoFullCallback
 .text.HAL_UARTEx_TxFifoEmptyCallback
                0x0000000008006f70       0x14 ./Drivers/STM32G4xx_HAL_Driver/Src/stm32g4xx_hal_uart_ex.o
                0x0000000008006f70                HAL_UARTEx_TxFifoEmptyCallback
 .text.HAL_UARTEx_DisableFifoMode
                0x0000000008006f84       0x72 ./Drivers/STM32G4xx_HAL_Driver/Src/stm32g4xx_hal_uart_ex.o
                0x0000000008006f84                HAL_UARTEx_DisableFifoMode
 .text.HAL_UARTEx_SetTxFifoThreshold
                0x0000000008006ff6       0x7c ./Drivers/STM32G4xx_HAL_Driver/Src/stm32g4xx_hal_uart_ex.o
                0x0000000008006ff6                HAL_UARTEx_SetTxFifoThreshold
 .text.HAL_UARTEx_SetRxFifoThreshold
                0x0000000008007072       0x7c ./Drivers/STM32G4xx_HAL_Driver/Src/stm32g4xx_hal_uart_ex.o
                0x0000000008007072                HAL_UARTEx_SetRxFifoThreshold
 *fill*         0x00000000080070ee        0x2 
 .text.UARTEx_SetNbDataToProcess
                0x00000000080070f0       0x9c ./Drivers/STM32G4xx_HAL_Driver/Src/stm32g4xx_hal_uart_ex.o
 .text.memset   0x000000000800718c       0x10 C:/ST/STM32CubeIDE_1.14.0/STM32CubeIDE/plugins/com.st.stm32cube.ide.mcu.externaltools.gnu-tools-for-stm32.11.3.rel1.win32_1.1.100.202309141235/tools/bin/../lib/gcc/arm-none-eabi/11.3.1/../../../../arm-none-eabi/lib/thumb/v7e-m+fp/hard\libc_nano.a(libc_a-memset.o)
                0x000000000800718c                memset
 .text.__libc_init_array
                0x000000000800719c       0x48 C:/ST/STM32CubeIDE_1.14.0/STM32CubeIDE/plugins/com.st.stm32cube.ide.mcu.externaltools.gnu-tools-for-stm32.11.3.rel1.win32_1.1.100.202309141235/tools/bin/../lib/gcc/arm-none-eabi/11.3.1/../../../../arm-none-eabi/lib/thumb/v7e-m+fp/hard\libc_nano.a(libc_a-init.o)
                0x000000000800719c                __libc_init_array
 *(.glue_7)
 .glue_7        0x00000000080071e4        0x0 linker stubs
 *(.glue_7t)
 .glue_7t       0x00000000080071e4        0x0 linker stubs
 *(.eh_frame)
 .eh_frame      0x00000000080071e4        0x0 C:/ST/STM32CubeIDE_1.14.0/STM32CubeIDE/plugins/com.st.stm32cube.ide.mcu.externaltools.gnu-tools-for-stm32.11.3.rel1.win32_1.1.100.202309141235/tools/bin/../lib/gcc/arm-none-eabi/11.3.1/thumb/v7e-m+fp/hard/crtbegin.o
 *(.init)
 .init          0x00000000080071e4        0x4 C:/ST/STM32CubeIDE_1.14.0/STM32CubeIDE/plugins/com.st.stm32cube.ide.mcu.externaltools.gnu-tools-for-stm32.11.3.rel1.win32_1.1.100.202309141235/tools/bin/../lib/gcc/arm-none-eabi/11.3.1/thumb/v7e-m+fp/hard/crti.o
                0x00000000080071e4                _init
 .init          0x00000000080071e8        0x8 C:/ST/STM32CubeIDE_1.14.0/STM32CubeIDE/plugins/com.st.stm32cube.ide.mcu.externaltools.gnu-tools-for-stm32.11.3.rel1.win32_1.1.100.202309141235/tools/bin/../lib/gcc/arm-none-eabi/11.3.1/thumb/v7e-m+fp/hard/crtn.o
 *(.fini)
 .fini          0x00000000080071f0        0x4 C:/ST/STM32CubeIDE_1.14.0/STM32CubeIDE/plugins/com.st.stm32cube.ide.mcu.externaltools.gnu-tools-for-stm32.11.3.rel1.win32_1.1.100.202309141235/tools/bin/../lib/gcc/arm-none-eabi/11.3.1/thumb/v7e-m+fp/hard/crti.o
                0x00000000080071f0                _fini
 .fini          0x00000000080071f4        0x8 C:/ST/STM32CubeIDE_1.14.0/STM32CubeIDE/plugins/com.st.stm32cube.ide.mcu.externaltools.gnu-tools-for-stm32.11.3.rel1.win32_1.1.100.202309141235/tools/bin/../lib/gcc/arm-none-eabi/11.3.1/thumb/v7e-m+fp/hard/crtn.o
                0x00000000080071fc                . = ALIGN (0x4)
                0x00000000080071fc                _etext = .

.vfp11_veneer   0x00000000080071fc        0x0
 .vfp11_veneer  0x00000000080071fc        0x0 linker stubs

.v4_bx          0x00000000080071fc        0x0
 .v4_bx         0x00000000080071fc        0x0 linker stubs

.iplt           0x00000000080071fc        0x0
 .iplt          0x00000000080071fc        0x0 C:/ST/STM32CubeIDE_1.14.0/STM32CubeIDE/plugins/com.st.stm32cube.ide.mcu.externaltools.gnu-tools-for-stm32.11.3.rel1.win32_1.1.100.202309141235/tools/bin/../lib/gcc/arm-none-eabi/11.3.1/thumb/v7e-m+fp/hard/crtbegin.o

.rodata         0x00000000080071fc       0x40
                0x00000000080071fc                . = ALIGN (0x4)
 *(.rodata)
 *(.rodata*)
 .rodata.AHBPrescTable
                0x00000000080071fc       0x10 ./Core/Src/system_stm32g4xx.o
                0x00000000080071fc                AHBPrescTable
 .rodata.APBPrescTable
                0x000000000800720c        0x8 ./Core/Src/system_stm32g4xx.o
                0x000000000800720c                APBPrescTable
 .rodata.UARTPrescTable
                0x0000000008007214       0x18 ./Drivers/STM32G4xx_HAL_Driver/Src/stm32g4xx_hal_uart.o
                0x0000000008007214                UARTPrescTable
 .rodata.numerator.1
                0x000000000800722c        0x8 ./Drivers/STM32G4xx_HAL_Driver/Src/stm32g4xx_hal_uart_ex.o
 .rodata.denominator.0
                0x0000000008007234        0x8 ./Drivers/STM32G4xx_HAL_Driver/Src/stm32g4xx_hal_uart_ex.o
                0x000000000800723c                . = ALIGN (0x4)

.ARM.extab      0x000000000800723c        0x0
                0x000000000800723c                . = ALIGN (0x4)
 *(.ARM.extab* .gnu.linkonce.armextab.*)
                0x000000000800723c                . = ALIGN (0x4)

.ARM            0x000000000800723c        0x8
                0x000000000800723c                . = ALIGN (0x4)
                0x000000000800723c                __exidx_start = .
 *(.ARM.exidx*)
 .ARM.exidx     0x000000000800723c        0x8 C:/ST/STM32CubeIDE_1.14.0/STM32CubeIDE/plugins/com.st.stm32cube.ide.mcu.externaltools.gnu-tools-for-stm32.11.3.rel1.win32_1.1.100.202309141235/tools/bin/../lib/gcc/arm-none-eabi/11.3.1/thumb/v7e-m+fp/hard\libgcc.a(_udivmoddi4.o)
                0x0000000008007244                __exidx_end = .
                0x0000000008007244                . = ALIGN (0x4)

.rel.dyn        0x0000000008007244        0x0
 .rel.iplt      0x0000000008007244        0x0 C:/ST/STM32CubeIDE_1.14.0/STM32CubeIDE/plugins/com.st.stm32cube.ide.mcu.externaltools.gnu-tools-for-stm32.11.3.rel1.win32_1.1.100.202309141235/tools/bin/../lib/gcc/arm-none-eabi/11.3.1/thumb/v7e-m+fp/hard/crtbegin.o

.preinit_array  0x0000000008007244        0x0
                0x0000000008007244                . = ALIGN (0x4)
                0x0000000008007244                PROVIDE (__preinit_array_start = .)
 *(.preinit_array*)
                0x0000000008007244                PROVIDE (__preinit_array_end = .)
                0x0000000008007244                . = ALIGN (0x4)

.init_array     0x0000000008007244        0x4
                0x0000000008007244                . = ALIGN (0x4)
                0x0000000008007244                PROVIDE (__init_array_start = .)
 *(SORT_BY_NAME(.init_array.*))
 *(.init_array*)
 .init_array    0x0000000008007244        0x4 C:/ST/STM32CubeIDE_1.14.0/STM32CubeIDE/plugins/com.st.stm32cube.ide.mcu.externaltools.gnu-tools-for-stm32.11.3.rel1.win32_1.1.100.202309141235/tools/bin/../lib/gcc/arm-none-eabi/11.3.1/thumb/v7e-m+fp/hard/crtbegin.o
                0x0000000008007248                PROVIDE (__init_array_end = .)
                0x0000000008007248                . = ALIGN (0x4)

.fini_array     0x0000000008007248        0x4
                0x0000000008007248                . = ALIGN (0x4)
                [!provide]                        PROVIDE (__fini_array_start = .)
 *(SORT_BY_NAME(.fini_array.*))
 *(.fini_array*)
 .fini_array    0x0000000008007248        0x4 C:/ST/STM32CubeIDE_1.14.0/STM32CubeIDE/plugins/com.st.stm32cube.ide.mcu.externaltools.gnu-tools-for-stm32.11.3.rel1.win32_1.1.100.202309141235/tools/bin/../lib/gcc/arm-none-eabi/11.3.1/thumb/v7e-m+fp/hard/crtbegin.o
                [!provide]                        PROVIDE (__fini_array_end = .)
                0x000000000800724c                . = ALIGN (0x4)
                0x000000000800724c                _sidata = LOADADDR (.data)

.data           0x0000000020000000        0xc load address 0x000000000800724c
                0x0000000020000000                . = ALIGN (0x4)
                0x0000000020000000                _sdata = .
 *(.data)
 *(.data*)
 .data.SystemCoreClock
                0x0000000020000000        0x4 ./Core/Src/system_stm32g4xx.o
                0x0000000020000000                SystemCoreClock
 .data.uwTickPrio
                0x0000000020000004        0x4 ./Drivers/STM32G4xx_HAL_Driver/Src/stm32g4xx_hal.o
                0x0000000020000004                uwTickPrio
 .data.uwTickFreq
                0x0000000020000008        0x4 ./Drivers/STM32G4xx_HAL_Driver/Src/stm32g4xx_hal.o
                0x0000000020000008                uwTickFreq
 *(.RamFunc)
 *(.RamFunc*)
                0x000000002000000c                . = ALIGN (0x4)
                0x000000002000000c                _edata = .

.igot.plt       0x000000002000000c        0x0 load address 0x0000000008007258
 .igot.plt      0x000000002000000c        0x0 C:/ST/STM32CubeIDE_1.14.0/STM32CubeIDE/plugins/com.st.stm32cube.ide.mcu.externaltools.gnu-tools-for-stm32.11.3.rel1.win32_1.1.100.202309141235/tools/bin/../lib/gcc/arm-none-eabi/11.3.1/thumb/v7e-m+fp/hard/crtbegin.o
                0x000000002000000c                . = ALIGN (0x4)

.bss            0x000000002000000c      0x2d8 load address 0x0000000008007258
                0x000000002000000c                _sbss = .
                0x000000002000000c                __bss_start__ = _sbss
 *(.bss)
 .bss           0x000000002000000c       0x1c C:/ST/STM32CubeIDE_1.14.0/STM32CubeIDE/plugins/com.st.stm32cube.ide.mcu.externaltools.gnu-tools-for-stm32.11.3.rel1.win32_1.1.100.202309141235/tools/bin/../lib/gcc/arm-none-eabi/11.3.1/thumb/v7e-m+fp/hard/crtbegin.o
 *(.bss*)
 .bss.hdac1     0x0000000020000028       0x14 ./Core/Src/main.o
                0x0000000020000028                hdac1
 .bss.hlpuart1  0x000000002000003c       0x90 ./Core/Src/main.o
                0x000000002000003c                hlpuart1
 .bss.huart1    0x00000000200000cc       0x90 ./Core/Src/main.o
                0x00000000200000cc                huart1
 .bss.htim1     0x000000002000015c       0x4c ./Core/Src/main.o
                0x000000002000015c                htim1
 .bss.htim2     0x00000000200001a8       0x4c ./Core/Src/main.o
                0x00000000200001a8                htim2
 .bss.htim3     0x00000000200001f4       0x4c ./Core/Src/main.o
                0x00000000200001f4                htim3
 .bss.htim6     0x0000000020000240       0x4c ./Core/Src/main.o
                0x0000000020000240                htim6
 .bss.htim8     0x000000002000028c       0x4c ./Core/Src/main.o
                0x000000002000028c                htim8
 .bss.PWM1      0x00000000200002d8        0x2 ./Core/Src/main.o
                0x00000000200002d8                PWM1
 .bss.PWM2      0x00000000200002da        0x2 ./Core/Src/main.o
                0x00000000200002da                PWM2
 .bss.PWM3      0x00000000200002dc        0x2 ./Core/Src/main.o
                0x00000000200002dc                PWM3
 .bss.PWM4      0x00000000200002de        0x2 ./Core/Src/main.o
                0x00000000200002de                PWM4
 .bss.uwTick    0x00000000200002e0        0x4 ./Drivers/STM32G4xx_HAL_Driver/Src/stm32g4xx_hal.o
                0x00000000200002e0                uwTick
 *(COMMON)
                0x00000000200002e4                . = ALIGN (0x4)
                0x00000000200002e4                _ebss = .
                0x00000000200002e4                __bss_end__ = _ebss

._user_heap_stack
                0x00000000200002e4      0x604 load address 0x0000000008007258
                0x00000000200002e8                . = ALIGN (0x8)
 *fill*         0x00000000200002e4        0x4 
                [!provide]                        PROVIDE (end = .)
                0x00000000200002e8                PROVIDE (_end = .)
                0x00000000200004e8                . = (. + _Min_Heap_Size)
 *fill*         0x00000000200002e8      0x200 
                0x00000000200008e8                . = (. + _Min_Stack_Size)
 *fill*         0x00000000200004e8      0x400 
                0x00000000200008e8                . = ALIGN (0x8)

/DISCARD/
 libc.a(*)
 libm.a(*)
 libgcc.a(*)

.ARM.attributes
                0x0000000000000000       0x30
 *(.ARM.attributes)
 .ARM.attributes
                0x0000000000000000       0x1e C:/ST/STM32CubeIDE_1.14.0/STM32CubeIDE/plugins/com.st.stm32cube.ide.mcu.externaltools.gnu-tools-for-stm32.11.3.rel1.win32_1.1.100.202309141235/tools/bin/../lib/gcc/arm-none-eabi/11.3.1/thumb/v7e-m+fp/hard/crti.o
 .ARM.attributes
                0x000000000000001e       0x34 C:/ST/STM32CubeIDE_1.14.0/STM32CubeIDE/plugins/com.st.stm32cube.ide.mcu.externaltools.gnu-tools-for-stm32.11.3.rel1.win32_1.1.100.202309141235/tools/bin/../lib/gcc/arm-none-eabi/11.3.1/thumb/v7e-m+fp/hard/crtbegin.o
 .ARM.attributes
                0x0000000000000052       0x34 ./Core/Src/main.o
 .ARM.attributes
                0x0000000000000086       0x34 ./Core/Src/stm32g4xx_hal_msp.o
 .ARM.attributes
                0x00000000000000ba       0x34 ./Core/Src/stm32g4xx_it.o
 .ARM.attributes
                0x00000000000000ee       0x34 ./Core/Src/system_stm32g4xx.o
 .ARM.attributes
                0x0000000000000122       0x21 ./Core/Startup/startup_stm32g474retx.o
 .ARM.attributes
                0x0000000000000143       0x34 ./Drivers/STM32G4xx_HAL_Driver/Src/stm32g4xx_hal.o
 .ARM.attributes
                0x0000000000000177       0x34 ./Drivers/STM32G4xx_HAL_Driver/Src/stm32g4xx_hal_cortex.o
 .ARM.attributes
                0x00000000000001ab       0x34 ./Drivers/STM32G4xx_HAL_Driver/Src/stm32g4xx_hal_dac.o
 .ARM.attributes
                0x00000000000001df       0x34 ./Drivers/STM32G4xx_HAL_Driver/Src/stm32g4xx_hal_dac_ex.o
 .ARM.attributes
                0x0000000000000213       0x34 ./Drivers/STM32G4xx_HAL_Driver/Src/stm32g4xx_hal_dma.o
 .ARM.attributes
                0x0000000000000247       0x34 ./Drivers/STM32G4xx_HAL_Driver/Src/stm32g4xx_hal_gpio.o
 .ARM.attributes
                0x000000000000027b       0x34 ./Drivers/STM32G4xx_HAL_Driver/Src/stm32g4xx_hal_pwr_ex.o
 .ARM.attributes
                0x00000000000002af       0x34 ./Drivers/STM32G4xx_HAL_Driver/Src/stm32g4xx_hal_rcc.o
 .ARM.attributes
                0x00000000000002e3       0x34 ./Drivers/STM32G4xx_HAL_Driver/Src/stm32g4xx_hal_rcc_ex.o
 .ARM.attributes
                0x0000000000000317       0x34 ./Drivers/STM32G4xx_HAL_Driver/Src/stm32g4xx_hal_tim.o
 .ARM.attributes
                0x000000000000034b       0x34 ./Drivers/STM32G4xx_HAL_Driver/Src/stm32g4xx_hal_tim_ex.o
 .ARM.attributes
                0x000000000000037f       0x34 ./Drivers/STM32G4xx_HAL_Driver/Src/stm32g4xx_hal_uart.o
 .ARM.attributes
                0x00000000000003b3       0x34 ./Drivers/STM32G4xx_HAL_Driver/Src/stm32g4xx_hal_uart_ex.o
 .ARM.attributes
                0x00000000000003e7       0x34 C:/ST/STM32CubeIDE_1.14.0/STM32CubeIDE/plugins/com.st.stm32cube.ide.mcu.externaltools.gnu-tools-for-stm32.11.3.rel1.win32_1.1.100.202309141235/tools/bin/../lib/gcc/arm-none-eabi/11.3.1/../../../../arm-none-eabi/lib/thumb/v7e-m+fp/hard\libc_nano.a(libc_a-memset.o)
 .ARM.attributes
                0x000000000000041b       0x34 C:/ST/STM32CubeIDE_1.14.0/STM32CubeIDE/plugins/com.st.stm32cube.ide.mcu.externaltools.gnu-tools-for-stm32.11.3.rel1.win32_1.1.100.202309141235/tools/bin/../lib/gcc/arm-none-eabi/11.3.1/../../../../arm-none-eabi/lib/thumb/v7e-m+fp/hard\libc_nano.a(libc_a-init.o)
 .ARM.attributes
                0x000000000000044f       0x1e C:/ST/STM32CubeIDE_1.14.0/STM32CubeIDE/plugins/com.st.stm32cube.ide.mcu.externaltools.gnu-tools-for-stm32.11.3.rel1.win32_1.1.100.202309141235/tools/bin/../lib/gcc/arm-none-eabi/11.3.1/thumb/v7e-m+fp/hard\libgcc.a(_aeabi_uldivmod.o)
 .ARM.attributes
                0x000000000000046d       0x34 C:/ST/STM32CubeIDE_1.14.0/STM32CubeIDE/plugins/com.st.stm32cube.ide.mcu.externaltools.gnu-tools-for-stm32.11.3.rel1.win32_1.1.100.202309141235/tools/bin/../lib/gcc/arm-none-eabi/11.3.1/thumb/v7e-m+fp/hard\libgcc.a(_udivmoddi4.o)
 .ARM.attributes
                0x00000000000004a1       0x1e C:/ST/STM32CubeIDE_1.14.0/STM32CubeIDE/plugins/com.st.stm32cube.ide.mcu.externaltools.gnu-tools-for-stm32.11.3.rel1.win32_1.1.100.202309141235/tools/bin/../lib/gcc/arm-none-eabi/11.3.1/thumb/v7e-m+fp/hard\libgcc.a(_dvmd_tls.o)
 .ARM.attributes
                0x00000000000004bf       0x1e C:/ST/STM32CubeIDE_1.14.0/STM32CubeIDE/plugins/com.st.stm32cube.ide.mcu.externaltools.gnu-tools-for-stm32.11.3.rel1.win32_1.1.100.202309141235/tools/bin/../lib/gcc/arm-none-eabi/11.3.1/thumb/v7e-m+fp/hard/crtn.o
OUTPUT(BLDC_PWM_12_CH.elf elf32-littlearm)
LOAD linker stubs
LOAD C:/ST/STM32CubeIDE_1.14.0/STM32CubeIDE/plugins/com.st.stm32cube.ide.mcu.externaltools.gnu-tools-for-stm32.11.3.rel1.win32_1.1.100.202309141235/tools/bin/../lib/gcc/arm-none-eabi/11.3.1/../../../../arm-none-eabi/lib/thumb/v7e-m+fp/hard\libc.a
LOAD C:/ST/STM32CubeIDE_1.14.0/STM32CubeIDE/plugins/com.st.stm32cube.ide.mcu.externaltools.gnu-tools-for-stm32.11.3.rel1.win32_1.1.100.202309141235/tools/bin/../lib/gcc/arm-none-eabi/11.3.1/../../../../arm-none-eabi/lib/thumb/v7e-m+fp/hard\libm.a
LOAD C:/ST/STM32CubeIDE_1.14.0/STM32CubeIDE/plugins/com.st.stm32cube.ide.mcu.externaltools.gnu-tools-for-stm32.11.3.rel1.win32_1.1.100.202309141235/tools/bin/../lib/gcc/arm-none-eabi/11.3.1/thumb/v7e-m+fp/hard\libgcc.a

.comment        0x0000000000000000       0x43
 .comment       0x0000000000000000       0x43 C:/ST/STM32CubeIDE_1.14.0/STM32CubeIDE/plugins/com.st.stm32cube.ide.mcu.externaltools.gnu-tools-for-stm32.11.3.rel1.win32_1.1.100.202309141235/tools/bin/../lib/gcc/arm-none-eabi/11.3.1/thumb/v7e-m+fp/hard/crtbegin.o
                                         0x44 (size before relaxing)
 .comment       0x0000000000000043       0x44 ./Core/Src/main.o
 .comment       0x0000000000000043       0x44 ./Core/Src/stm32g4xx_hal_msp.o
 .comment       0x0000000000000043       0x44 ./Core/Src/stm32g4xx_it.o
 .comment       0x0000000000000043       0x44 ./Core/Src/system_stm32g4xx.o
 .comment       0x0000000000000043       0x44 ./Drivers/STM32G4xx_HAL_Driver/Src/stm32g4xx_hal.o
 .comment       0x0000000000000043       0x44 ./Drivers/STM32G4xx_HAL_Driver/Src/stm32g4xx_hal_cortex.o
 .comment       0x0000000000000043       0x44 ./Drivers/STM32G4xx_HAL_Driver/Src/stm32g4xx_hal_dac.o
 .comment       0x0000000000000043       0x44 ./Drivers/STM32G4xx_HAL_Driver/Src/stm32g4xx_hal_dac_ex.o
 .comment       0x0000000000000043       0x44 ./Drivers/STM32G4xx_HAL_Driver/Src/stm32g4xx_hal_dma.o
 .comment       0x0000000000000043       0x44 ./Drivers/STM32G4xx_HAL_Driver/Src/stm32g4xx_hal_gpio.o
 .comment       0x0000000000000043       0x44 ./Drivers/STM32G4xx_HAL_Driver/Src/stm32g4xx_hal_pwr_ex.o
 .comment       0x0000000000000043       0x44 ./Drivers/STM32G4xx_HAL_Driver/Src/stm32g4xx_hal_rcc.o
 .comment       0x0000000000000043       0x44 ./Drivers/STM32G4xx_HAL_Driver/Src/stm32g4xx_hal_rcc_ex.o
 .comment       0x0000000000000043       0x44 ./Drivers/STM32G4xx_HAL_Driver/Src/stm32g4xx_hal_tim.o
 .comment       0x0000000000000043       0x44 ./Drivers/STM32G4xx_HAL_Driver/Src/stm32g4xx_hal_tim_ex.o
 .comment       0x0000000000000043       0x44 ./Drivers/STM32G4xx_HAL_Driver/Src/stm32g4xx_hal_uart.o
 .comment       0x0000000000000043       0x44 ./Drivers/STM32G4xx_HAL_Driver/Src/stm32g4xx_hal_uart_ex.o

.debug_info     0x0000000000000000    0x150ec
 .debug_info    0x0000000000000000     0x206c ./Core/Src/main.o
 .debug_info    0x000000000000206c     0x18d1 ./Core/Src/stm32g4xx_hal_msp.o
 .debug_info    0x000000000000393d      0xeb5 ./Core/Src/stm32g4xx_it.o
 .debug_info    0x00000000000047f2      0x58e ./Core/Src/system_stm32g4xx.o
 .debug_info    0x0000000000004d80       0x23 ./Core/Startup/startup_stm32g474retx.o
 .debug_info    0x0000000000004da3      0xb53 ./Drivers/STM32G4xx_HAL_Driver/Src/stm32g4xx_hal.o
 .debug_info    0x00000000000058f6      0xdad ./Drivers/STM32G4xx_HAL_Driver/Src/stm32g4xx_hal_cortex.o
 .debug_info    0x00000000000066a3      0xc65 ./Drivers/STM32G4xx_HAL_Driver/Src/stm32g4xx_hal_dac.o
 .debug_info    0x0000000000007308      0xd3b ./Drivers/STM32G4xx_HAL_Driver/Src/stm32g4xx_hal_dac_ex.o
 .debug_info    0x0000000000008043      0x85f ./Drivers/STM32G4xx_HAL_Driver/Src/stm32g4xx_hal_dma.o
 .debug_info    0x00000000000088a2      0x763 ./Drivers/STM32G4xx_HAL_Driver/Src/stm32g4xx_hal_gpio.o
 .debug_info    0x0000000000009005      0x93f ./Drivers/STM32G4xx_HAL_Driver/Src/stm32g4xx_hal_pwr_ex.o
 .debug_info    0x0000000000009944      0xbe0 ./Drivers/STM32G4xx_HAL_Driver/Src/stm32g4xx_hal_rcc.o
 .debug_info    0x000000000000a524      0xc45 ./Drivers/STM32G4xx_HAL_Driver/Src/stm32g4xx_hal_rcc_ex.o
 .debug_info    0x000000000000b169     0x2bfd ./Drivers/STM32G4xx_HAL_Driver/Src/stm32g4xx_hal_tim.o
 .debug_info    0x000000000000dd66     0x1d63 ./Drivers/STM32G4xx_HAL_Driver/Src/stm32g4xx_hal_tim_ex.o
 .debug_info    0x000000000000fac9     0x46a0 ./Drivers/STM32G4xx_HAL_Driver/Src/stm32g4xx_hal_uart.o
 .debug_info    0x0000000000014169      0xf83 ./Drivers/STM32G4xx_HAL_Driver/Src/stm32g4xx_hal_uart_ex.o

.debug_abbrev   0x0000000000000000     0x28a2
 .debug_abbrev  0x0000000000000000      0x308 ./Core/Src/main.o
 .debug_abbrev  0x0000000000000308      0x28d ./Core/Src/stm32g4xx_hal_msp.o
 .debug_abbrev  0x0000000000000595      0x1ca ./Core/Src/stm32g4xx_it.o
 .debug_abbrev  0x000000000000075f      0x11a ./Core/Src/system_stm32g4xx.o
 .debug_abbrev  0x0000000000000879       0x12 ./Core/Startup/startup_stm32g474retx.o
 .debug_abbrev  0x000000000000088b      0x271 ./Drivers/STM32G4xx_HAL_Driver/Src/stm32g4xx_hal.o
 .debug_abbrev  0x0000000000000afc      0x31c ./Drivers/STM32G4xx_HAL_Driver/Src/stm32g4xx_hal_cortex.o
 .debug_abbrev  0x0000000000000e18      0x216 ./Drivers/STM32G4xx_HAL_Driver/Src/stm32g4xx_hal_dac.o
 .debug_abbrev  0x000000000000102e      0x245 ./Drivers/STM32G4xx_HAL_Driver/Src/stm32g4xx_hal_dac_ex.o
 .debug_abbrev  0x0000000000001273      0x1e2 ./Drivers/STM32G4xx_HAL_Driver/Src/stm32g4xx_hal_dma.o
 .debug_abbrev  0x0000000000001455      0x1cb ./Drivers/STM32G4xx_HAL_Driver/Src/stm32g4xx_hal_gpio.o
 .debug_abbrev  0x0000000000001620      0x22c ./Drivers/STM32G4xx_HAL_Driver/Src/stm32g4xx_hal_pwr_ex.o
 .debug_abbrev  0x000000000000184c      0x2c9 ./Drivers/STM32G4xx_HAL_Driver/Src/stm32g4xx_hal_rcc.o
 .debug_abbrev  0x0000000000001b15      0x258 ./Drivers/STM32G4xx_HAL_Driver/Src/stm32g4xx_hal_rcc_ex.o
 .debug_abbrev  0x0000000000001d6d      0x2a0 ./Drivers/STM32G4xx_HAL_Driver/Src/stm32g4xx_hal_tim.o
 .debug_abbrev  0x000000000000200d      0x2be ./Drivers/STM32G4xx_HAL_Driver/Src/stm32g4xx_hal_tim_ex.o
 .debug_abbrev  0x00000000000022cb      0x304 ./Drivers/STM32G4xx_HAL_Driver/Src/stm32g4xx_hal_uart.o
 .debug_abbrev  0x00000000000025cf      0x2d3 ./Drivers/STM32G4xx_HAL_Driver/Src/stm32g4xx_hal_uart_ex.o

.debug_aranges  0x0000000000000000     0x1320
 .debug_aranges
                0x0000000000000000      0x1a8 ./Core/Src/main.o
 .debug_aranges
                0x00000000000001a8       0x68 ./Core/Src/stm32g4xx_hal_msp.o
 .debug_aranges
                0x0000000000000210       0x80 ./Core/Src/stm32g4xx_it.o
 .debug_aranges
                0x0000000000000290       0x28 ./Core/Src/system_stm32g4xx.o
 .debug_aranges
                0x00000000000002b8       0x28 ./Core/Startup/startup_stm32g474retx.o
 .debug_aranges
                0x00000000000002e0      0x130 ./Drivers/STM32G4xx_HAL_Driver/Src/stm32g4xx_hal.o
 .debug_aranges
                0x0000000000000410      0x118 ./Drivers/STM32G4xx_HAL_Driver/Src/stm32g4xx_hal_cortex.o
 .debug_aranges
                0x0000000000000528       0xc0 ./Drivers/STM32G4xx_HAL_Driver/Src/stm32g4xx_hal_dac.o
 .debug_aranges
                0x00000000000005e8       0xc0 ./Drivers/STM32G4xx_HAL_Driver/Src/stm32g4xx_hal_dac_ex.o
 .debug_aranges
                0x00000000000006a8       0x90 ./Drivers/STM32G4xx_HAL_Driver/Src/stm32g4xx_hal_dma.o
 .debug_aranges
                0x0000000000000738       0x58 ./Drivers/STM32G4xx_HAL_Driver/Src/stm32g4xx_hal_gpio.o
 .debug_aranges
                0x0000000000000790      0x140 ./Drivers/STM32G4xx_HAL_Driver/Src/stm32g4xx_hal_pwr_ex.o
 .debug_aranges
                0x00000000000008d0       0x98 ./Drivers/STM32G4xx_HAL_Driver/Src/stm32g4xx_hal_rcc.o
 .debug_aranges
                0x0000000000000968       0xb0 ./Drivers/STM32G4xx_HAL_Driver/Src/stm32g4xx_hal_rcc_ex.o
 .debug_aranges
                0x0000000000000a18      0x3e0 ./Drivers/STM32G4xx_HAL_Driver/Src/stm32g4xx_hal_tim.o
 .debug_aranges
                0x0000000000000df8      0x240 ./Drivers/STM32G4xx_HAL_Driver/Src/stm32g4xx_hal_tim_ex.o
 .debug_aranges
                0x0000000000001038      0x248 ./Drivers/STM32G4xx_HAL_Driver/Src/stm32g4xx_hal_uart.o
 .debug_aranges
                0x0000000000001280       0xa0 ./Drivers/STM32G4xx_HAL_Driver/Src/stm32g4xx_hal_uart_ex.o

.debug_rnglists
                0x0000000000000000      0xef4
 .debug_rnglists
                0x0000000000000000      0x148 ./Core/Src/main.o
 .debug_rnglists
                0x0000000000000148       0x4e ./Core/Src/stm32g4xx_hal_msp.o
 .debug_rnglists
                0x0000000000000196       0x5b ./Core/Src/stm32g4xx_it.o
 .debug_rnglists
                0x00000000000001f1       0x1a ./Core/Src/system_stm32g4xx.o
 .debug_rnglists
                0x000000000000020b       0x19 ./Core/Startup/startup_stm32g474retx.o
 .debug_rnglists
                0x0000000000000224       0xdf ./Drivers/STM32G4xx_HAL_Driver/Src/stm32g4xx_hal.o
 .debug_rnglists
                0x0000000000000303       0xce ./Drivers/STM32G4xx_HAL_Driver/Src/stm32g4xx_hal_cortex.o
 .debug_rnglists
                0x00000000000003d1       0x90 ./Drivers/STM32G4xx_HAL_Driver/Src/stm32g4xx_hal_dac.o
 .debug_rnglists
                0x0000000000000461       0x92 ./Drivers/STM32G4xx_HAL_Driver/Src/stm32g4xx_hal_dac_ex.o
 .debug_rnglists
                0x00000000000004f3       0x71 ./Drivers/STM32G4xx_HAL_Driver/Src/stm32g4xx_hal_dma.o
 .debug_rnglists
                0x0000000000000564       0x3f ./Drivers/STM32G4xx_HAL_Driver/Src/stm32g4xx_hal_gpio.o
 .debug_rnglists
                0x00000000000005a3       0xf1 ./Drivers/STM32G4xx_HAL_Driver/Src/stm32g4xx_hal_pwr_ex.o
 .debug_rnglists
                0x0000000000000694       0x74 ./Drivers/STM32G4xx_HAL_Driver/Src/stm32g4xx_hal_rcc.o
 .debug_rnglists
                0x0000000000000708       0x87 ./Drivers/STM32G4xx_HAL_Driver/Src/stm32g4xx_hal_rcc_ex.o
 .debug_rnglists
                0x000000000000078f      0x328 ./Drivers/STM32G4xx_HAL_Driver/Src/stm32g4xx_hal_tim.o
 .debug_rnglists
                0x0000000000000ab7      0x1cb ./Drivers/STM32G4xx_HAL_Driver/Src/stm32g4xx_hal_tim_ex.o
 .debug_rnglists
                0x0000000000000c82      0x1f9 ./Drivers/STM32G4xx_HAL_Driver/Src/stm32g4xx_hal_uart.o
 .debug_rnglists
                0x0000000000000e7b       0x79 ./Drivers/STM32G4xx_HAL_Driver/Src/stm32g4xx_hal_uart_ex.o

.debug_macro    0x0000000000000000    0x26c5b
 .debug_macro   0x0000000000000000      0x3a1 ./Core/Src/main.o
 .debug_macro   0x00000000000003a1      0xaa8 ./Core/Src/main.o
 .debug_macro   0x0000000000000e49      0x161 ./Core/Src/main.o
 .debug_macro   0x0000000000000faa       0x2e ./Core/Src/main.o
 .debug_macro   0x0000000000000fd8       0x28 ./Core/Src/main.o
 .debug_macro   0x0000000000001000       0x22 ./Core/Src/main.o
 .debug_macro   0x0000000000001022       0x8e ./Core/Src/main.o
 .debug_macro   0x00000000000010b0       0x51 ./Core/Src/main.o
 .debug_macro   0x0000000000001101      0x103 ./Core/Src/main.o
 .debug_macro   0x0000000000001204       0x6a ./Core/Src/main.o
 .debug_macro   0x000000000000126e      0x1df ./Core/Src/main.o
 .debug_macro   0x000000000000144d       0x1c ./Core/Src/main.o
 .debug_macro   0x0000000000001469       0x22 ./Core/Src/main.o
 .debug_macro   0x000000000000148b       0xfb ./Core/Src/main.o
 .debug_macro   0x0000000000001586     0x1011 ./Core/Src/main.o
 .debug_macro   0x0000000000002597      0x11f ./Core/Src/main.o
 .debug_macro   0x00000000000026b6    0x18b93 ./Core/Src/main.o
 .debug_macro   0x000000000001b249       0x6d ./Core/Src/main.o
 .debug_macro   0x000000000001b2b6     0x3554 ./Core/Src/main.o
 .debug_macro   0x000000000001e80a      0x174 ./Core/Src/main.o
 .debug_macro   0x000000000001e97e       0x5c ./Core/Src/main.o
 .debug_macro   0x000000000001e9da     0x171f ./Core/Src/main.o
 .debug_macro   0x00000000000200f9      0x600 ./Core/Src/main.o
 .debug_macro   0x00000000000206f9      0x1b6 ./Core/Src/main.o
 .debug_macro   0x00000000000208af      0x34a ./Core/Src/main.o
 .debug_macro   0x0000000000020bf9      0x53c ./Core/Src/main.o
 .debug_macro   0x0000000000021135      0x18b ./Core/Src/main.o
 .debug_macro   0x00000000000212c0       0x43 ./Core/Src/main.o
 .debug_macro   0x0000000000021303      0x23d ./Core/Src/main.o
 .debug_macro   0x0000000000021540      0x202 ./Core/Src/main.o
 .debug_macro   0x0000000000021742      0x107 ./Core/Src/main.o
 .debug_macro   0x0000000000021849      0x211 ./Core/Src/main.o
 .debug_macro   0x0000000000021a5a      0x45c ./Core/Src/main.o
 .debug_macro   0x0000000000021eb6      0x11c ./Core/Src/main.o
 .debug_macro   0x0000000000021fd2      0x122 ./Core/Src/main.o
 .debug_macro   0x00000000000220f4      0x3d1 ./Core/Src/main.o
 .debug_macro   0x00000000000224c5      0xbef ./Core/Src/main.o
 .debug_macro   0x00000000000230b4      0x718 ./Core/Src/main.o
 .debug_macro   0x00000000000237cc      0x67e ./Core/Src/main.o
 .debug_macro   0x0000000000023e4a       0xa6 ./Core/Src/main.o
 .debug_macro   0x0000000000023ef0      0x358 ./Core/Src/main.o
 .debug_macro   0x0000000000024248      0x136 ./Core/Src/main.o
 .debug_macro   0x000000000002437e       0x61 ./Core/Src/main.o
 .debug_macro   0x00000000000243df       0x2a ./Core/Src/main.o
 .debug_macro   0x0000000000024409       0x43 ./Core/Src/main.o
 .debug_macro   0x000000000002444c       0x34 ./Core/Src/main.o
 .debug_macro   0x0000000000024480       0x16 ./Core/Src/main.o
 .debug_macro   0x0000000000024496       0x35 ./Core/Src/main.o
 .debug_macro   0x00000000000244cb      0x369 ./Core/Src/main.o
 .debug_macro   0x0000000000024834       0x10 ./Core/Src/main.o
 .debug_macro   0x0000000000024844       0x16 ./Core/Src/main.o
 .debug_macro   0x000000000002485a       0x43 ./Core/Src/main.o
 .debug_macro   0x000000000002489d       0x34 ./Core/Src/main.o
 .debug_macro   0x00000000000248d1       0x10 ./Core/Src/main.o
 .debug_macro   0x00000000000248e1       0x58 ./Core/Src/main.o
 .debug_macro   0x0000000000024939       0x8e ./Core/Src/main.o
 .debug_macro   0x00000000000249c7       0x1c ./Core/Src/main.o
 .debug_macro   0x00000000000249e3      0x177 ./Core/Src/main.o
 .debug_macro   0x0000000000024b5a       0x16 ./Core/Src/main.o
 .debug_macro   0x0000000000024b70       0x16 ./Core/Src/main.o
 .debug_macro   0x0000000000024b86      0x147 ./Core/Src/main.o
 .debug_macro   0x0000000000024ccd      0x1f1 ./Core/Src/stm32g4xx_hal_msp.o
 .debug_macro   0x0000000000024ebe      0x1fb ./Core/Src/stm32g4xx_it.o
 .debug_macro   0x00000000000250b9      0x1e2 ./Core/Src/system_stm32g4xx.o
 .debug_macro   0x000000000002529b      0x230 ./Drivers/STM32G4xx_HAL_Driver/Src/stm32g4xx_hal.o
 .debug_macro   0x00000000000254cb      0x1e2 ./Drivers/STM32G4xx_HAL_Driver/Src/stm32g4xx_hal_cortex.o
 .debug_macro   0x00000000000256ad      0x1f8 ./Drivers/STM32G4xx_HAL_Driver/Src/stm32g4xx_hal_dac.o
 .debug_macro   0x00000000000258a5      0x1e2 ./Drivers/STM32G4xx_HAL_Driver/Src/stm32g4xx_hal_dac_ex.o
 .debug_macro   0x0000000000025a87      0x1e2 ./Drivers/STM32G4xx_HAL_Driver/Src/stm32g4xx_hal_dma.o
 .debug_macro   0x0000000000025c69      0x1e9 ./Drivers/STM32G4xx_HAL_Driver/Src/stm32g4xx_hal_gpio.o
 .debug_macro   0x0000000000025e52      0x20c ./Drivers/STM32G4xx_HAL_Driver/Src/stm32g4xx_hal_pwr_ex.o
 .debug_macro   0x000000000002605e      0x224 ./Drivers/STM32G4xx_HAL_Driver/Src/stm32g4xx_hal_rcc.o
 .debug_macro   0x0000000000026282      0x20c ./Drivers/STM32G4xx_HAL_Driver/Src/stm32g4xx_hal_rcc_ex.o
 .debug_macro   0x000000000002648e      0x1ea ./Drivers/STM32G4xx_HAL_Driver/Src/stm32g4xx_hal_tim.o
 .debug_macro   0x0000000000026678      0x1e8 ./Drivers/STM32G4xx_HAL_Driver/Src/stm32g4xx_hal_tim_ex.o
 .debug_macro   0x0000000000026860      0x20d ./Drivers/STM32G4xx_HAL_Driver/Src/stm32g4xx_hal_uart.o
 .debug_macro   0x0000000000026a6d      0x1ee ./Drivers/STM32G4xx_HAL_Driver/Src/stm32g4xx_hal_uart_ex.o

.debug_line     0x0000000000000000    0x15e3b
 .debug_line    0x0000000000000000     0x1a7b ./Core/Src/main.o
 .debug_line    0x0000000000001a7b      0xa03 ./Core/Src/stm32g4xx_hal_msp.o
 .debug_line    0x000000000000247e      0x8be ./Core/Src/stm32g4xx_it.o
 .debug_line    0x0000000000002d3c      0x804 ./Core/Src/system_stm32g4xx.o
 .debug_line    0x0000000000003540       0x7b ./Core/Startup/startup_stm32g474retx.o
 .debug_line    0x00000000000035bb      0xb7b ./Drivers/STM32G4xx_HAL_Driver/Src/stm32g4xx_hal.o
 .debug_line    0x0000000000004136      0xd2e ./Drivers/STM32G4xx_HAL_Driver/Src/stm32g4xx_hal_cortex.o
 .debug_line    0x0000000000004e64      0xd1c ./Drivers/STM32G4xx_HAL_Driver/Src/stm32g4xx_hal_dac.o
 .debug_line    0x0000000000005b80      0xd21 ./Drivers/STM32G4xx_HAL_Driver/Src/stm32g4xx_hal_dac_ex.o
 .debug_line    0x00000000000068a1      0xee7 ./Drivers/STM32G4xx_HAL_Driver/Src/stm32g4xx_hal_dma.o
 .debug_line    0x0000000000007788      0xbbe ./Drivers/STM32G4xx_HAL_Driver/Src/stm32g4xx_hal_gpio.o
 .debug_line    0x0000000000008346      0xd32 ./Drivers/STM32G4xx_HAL_Driver/Src/stm32g4xx_hal_pwr_ex.o
 .debug_line    0x0000000000009078      0xf8e ./Drivers/STM32G4xx_HAL_Driver/Src/stm32g4xx_hal_rcc.o
 .debug_line    0x000000000000a006     0x129e ./Drivers/STM32G4xx_HAL_Driver/Src/stm32g4xx_hal_rcc_ex.o
 .debug_line    0x000000000000b2a4     0x3fac ./Drivers/STM32G4xx_HAL_Driver/Src/stm32g4xx_hal_tim.o
 .debug_line    0x000000000000f250     0x21cf ./Drivers/STM32G4xx_HAL_Driver/Src/stm32g4xx_hal_tim_ex.o
 .debug_line    0x000000000001141f     0x3bf6 ./Drivers/STM32G4xx_HAL_Driver/Src/stm32g4xx_hal_uart.o
 .debug_line    0x0000000000015015      0xe26 ./Drivers/STM32G4xx_HAL_Driver/Src/stm32g4xx_hal_uart_ex.o

.debug_str      0x0000000000000000    0xff12a
 .debug_str     0x0000000000000000    0xfaa1a ./Core/Src/main.o
                                      0xfae0d (size before relaxing)
 .debug_str     0x00000000000faa1a      0x30f ./Core/Src/stm32g4xx_hal_msp.o
                                      0xf6a17 (size before relaxing)
 .debug_str     0x00000000000fad29      0x167 ./Core/Src/stm32g4xx_it.o
                                      0xf600f (size before relaxing)
 .debug_str     0x00000000000fae90       0xdb ./Core/Src/system_stm32g4xx.o
                                      0xf529b (size before relaxing)
 .debug_str     0x00000000000faf6b       0x34 ./Core/Startup/startup_stm32g474retx.o
                                         0x67 (size before relaxing)
 .debug_str     0x00000000000faf9f      0x5ac ./Drivers/STM32G4xx_HAL_Driver/Src/stm32g4xx_hal.o
                                      0xf5f86 (size before relaxing)
 .debug_str     0x00000000000fb54b      0x31d ./Drivers/STM32G4xx_HAL_Driver/Src/stm32g4xx_hal_cortex.o
                                      0xf5c31 (size before relaxing)
 .debug_str     0x00000000000fb868      0x29e ./Drivers/STM32G4xx_HAL_Driver/Src/stm32g4xx_hal_dac.o
                                      0xf594a (size before relaxing)
 .debug_str     0x00000000000fbb06      0x25f ./Drivers/STM32G4xx_HAL_Driver/Src/stm32g4xx_hal_dac_ex.o
                                      0xf5966 (size before relaxing)
 .debug_str     0x00000000000fbd65      0x2af ./Drivers/STM32G4xx_HAL_Driver/Src/stm32g4xx_hal_dma.o
                                      0xf5675 (size before relaxing)
 .debug_str     0x00000000000fc014       0xf9 ./Drivers/STM32G4xx_HAL_Driver/Src/stm32g4xx_hal_gpio.o
                                      0xf5426 (size before relaxing)
 .debug_str     0x00000000000fc10d      0x4a5 ./Drivers/STM32G4xx_HAL_Driver/Src/stm32g4xx_hal_pwr_ex.o
                                      0xf5789 (size before relaxing)
 .debug_str     0x00000000000fc5b2      0x4f2 ./Drivers/STM32G4xx_HAL_Driver/Src/stm32g4xx_hal_rcc.o
                                      0xf59ba (size before relaxing)
 .debug_str     0x00000000000fcaa4      0x40b ./Drivers/STM32G4xx_HAL_Driver/Src/stm32g4xx_hal_rcc_ex.o
                                      0xf59e4 (size before relaxing)
 .debug_str     0x00000000000fceaf      0xe7e ./Drivers/STM32G4xx_HAL_Driver/Src/stm32g4xx_hal_tim.o
                                      0xf6789 (size before relaxing)
 .debug_str     0x00000000000fdd2d      0x80d ./Drivers/STM32G4xx_HAL_Driver/Src/stm32g4xx_hal_tim_ex.o
                                      0xf640d (size before relaxing)
 .debug_str     0x00000000000fe53a      0x9a6 ./Drivers/STM32G4xx_HAL_Driver/Src/stm32g4xx_hal_uart.o
                                      0xf622e (size before relaxing)
 .debug_str     0x00000000000feee0      0x24a ./Drivers/STM32G4xx_HAL_Driver/Src/stm32g4xx_hal_uart_ex.o
                                      0xf5a12 (size before relaxing)

.debug_frame    0x0000000000000000     0x50d0
 .debug_frame   0x0000000000000000      0x5f8 ./Core/Src/main.o
 .debug_frame   0x00000000000005f8      0x180 ./Core/Src/stm32g4xx_hal_msp.o
 .debug_frame   0x0000000000000778      0x174 ./Core/Src/stm32g4xx_it.o
 .debug_frame   0x00000000000008ec       0x58 ./Core/Src/system_stm32g4xx.o
 .debug_frame   0x0000000000000944      0x4a0 ./Drivers/STM32G4xx_HAL_Driver/Src/stm32g4xx_hal.o
 .debug_frame   0x0000000000000de4      0x498 ./Drivers/STM32G4xx_HAL_Driver/Src/stm32g4xx_hal_cortex.o
 .debug_frame   0x000000000000127c      0x330 ./Drivers/STM32G4xx_HAL_Driver/Src/stm32g4xx_hal_dac.o
 .debug_frame   0x00000000000015ac      0x33c ./Drivers/STM32G4xx_HAL_Driver/Src/stm32g4xx_hal_dac_ex.o
 .debug_frame   0x00000000000018e8      0x24c ./Drivers/STM32G4xx_HAL_Driver/Src/stm32g4xx_hal_dma.o
 .debug_frame   0x0000000000001b34      0x14c ./Drivers/STM32G4xx_HAL_Driver/Src/stm32g4xx_hal_gpio.o
 .debug_frame   0x0000000000001c80      0x4fc ./Drivers/STM32G4xx_HAL_Driver/Src/stm32g4xx_hal_pwr_ex.o
 .debug_frame   0x000000000000217c      0x23c ./Drivers/STM32G4xx_HAL_Driver/Src/stm32g4xx_hal_rcc.o
 .debug_frame   0x00000000000023b8      0x2ac ./Drivers/STM32G4xx_HAL_Driver/Src/stm32g4xx_hal_rcc_ex.o
 .debug_frame   0x0000000000002664     0x1220 ./Drivers/STM32G4xx_HAL_Driver/Src/stm32g4xx_hal_tim.o
 .debug_frame   0x0000000000003884      0xa70 ./Drivers/STM32G4xx_HAL_Driver/Src/stm32g4xx_hal_tim_ex.o
 .debug_frame   0x00000000000042f4      0xa94 ./Drivers/STM32G4xx_HAL_Driver/Src/stm32g4xx_hal_uart.o
 .debug_frame   0x0000000000004d88      0x29c ./Drivers/STM32G4xx_HAL_Driver/Src/stm32g4xx_hal_uart_ex.o
 .debug_frame   0x0000000000005024       0x20 C:/ST/STM32CubeIDE_1.14.0/STM32CubeIDE/plugins/com.st.stm32cube.ide.mcu.externaltools.gnu-tools-for-stm32.11.3.rel1.win32_1.1.100.202309141235/tools/bin/../lib/gcc/arm-none-eabi/11.3.1/../../../../arm-none-eabi/lib/thumb/v7e-m+fp/hard\libc_nano.a(libc_a-memset.o)
 .debug_frame   0x0000000000005044       0x2c C:/ST/STM32CubeIDE_1.14.0/STM32CubeIDE/plugins/com.st.stm32cube.ide.mcu.externaltools.gnu-tools-for-stm32.11.3.rel1.win32_1.1.100.202309141235/tools/bin/../lib/gcc/arm-none-eabi/11.3.1/../../../../arm-none-eabi/lib/thumb/v7e-m+fp/hard\libc_nano.a(libc_a-init.o)
 .debug_frame   0x0000000000005070       0x2c C:/ST/STM32CubeIDE_1.14.0/STM32CubeIDE/plugins/com.st.stm32cube.ide.mcu.externaltools.gnu-tools-for-stm32.11.3.rel1.win32_1.1.100.202309141235/tools/bin/../lib/gcc/arm-none-eabi/11.3.1/thumb/v7e-m+fp/hard\libgcc.a(_aeabi_uldivmod.o)
 .debug_frame   0x000000000000509c       0x34 C:/ST/STM32CubeIDE_1.14.0/STM32CubeIDE/plugins/com.st.stm32cube.ide.mcu.externaltools.gnu-tools-for-stm32.11.3.rel1.win32_1.1.100.202309141235/tools/bin/../lib/gcc/arm-none-eabi/11.3.1/thumb/v7e-m+fp/hard\libgcc.a(_udivmoddi4.o)

.debug_line_str
                0x0000000000000000       0x5b
 .debug_line_str
                0x0000000000000000       0x5b ./Core/Startup/startup_stm32g474retx.o
                                         0x73 (size before relaxing)
