Archive member included to satisfy reference by file (symbol)

c:/st/stm32cubeide_1.10.1/stm32cubeide/plugins/com.st.stm32cube.ide.mcu.externaltools.gnu-tools-for-stm32.10.3-2021.10.win32_1.0.0.202111181127/tools/bin/../lib/gcc/arm-none-eabi/10.3.1/../../../../arm-none-eabi/lib/thumb/v7e-m+fp/hard\libc_nano.a(lib_a-errno.o)
                              ./Core/Src/syscalls.o (__errno)
c:/st/stm32cubeide_1.10.1/stm32cubeide/plugins/com.st.stm32cube.ide.mcu.externaltools.gnu-tools-for-stm32.10.3-2021.10.win32_1.0.0.202111181127/tools/bin/../lib/gcc/arm-none-eabi/10.3.1/../../../../arm-none-eabi/lib/thumb/v7e-m+fp/hard\libc_nano.a(lib_a-exit.o)
                              c:/st/stm32cubeide_1.10.1/stm32cubeide/plugins/com.st.stm32cube.ide.mcu.externaltools.gnu-tools-for-stm32.10.3-2021.10.win32_1.0.0.202111181127/tools/bin/../lib/gcc/arm-none-eabi/10.3.1/../../../../arm-none-eabi/lib/thumb/v7e-m+fp/hard/crt0.o (exit)
c:/st/stm32cubeide_1.10.1/stm32cubeide/plugins/com.st.stm32cube.ide.mcu.externaltools.gnu-tools-for-stm32.10.3-2021.10.win32_1.0.0.202111181127/tools/bin/../lib/gcc/arm-none-eabi/10.3.1/../../../../arm-none-eabi/lib/thumb/v7e-m+fp/hard\libc_nano.a(lib_a-impure.o)
                              c:/st/stm32cubeide_1.10.1/stm32cubeide/plugins/com.st.stm32cube.ide.mcu.externaltools.gnu-tools-for-stm32.10.3-2021.10.win32_1.0.0.202111181127/tools/bin/../lib/gcc/arm-none-eabi/10.3.1/../../../../arm-none-eabi/lib/thumb/v7e-m+fp/hard\libc_nano.a(lib_a-exit.o) (_global_impure_ptr)
c:/st/stm32cubeide_1.10.1/stm32cubeide/plugins/com.st.stm32cube.ide.mcu.externaltools.gnu-tools-for-stm32.10.3-2021.10.win32_1.0.0.202111181127/tools/bin/../lib/gcc/arm-none-eabi/10.3.1/../../../../arm-none-eabi/lib/thumb/v7e-m+fp/hard\libc_nano.a(lib_a-init.o)
                              c:/st/stm32cubeide_1.10.1/stm32cubeide/plugins/com.st.stm32cube.ide.mcu.externaltools.gnu-tools-for-stm32.10.3-2021.10.win32_1.0.0.202111181127/tools/bin/../lib/gcc/arm-none-eabi/10.3.1/../../../../arm-none-eabi/lib/thumb/v7e-m+fp/hard/crt0.o (__libc_init_array)
c:/st/stm32cubeide_1.10.1/stm32cubeide/plugins/com.st.stm32cube.ide.mcu.externaltools.gnu-tools-for-stm32.10.3-2021.10.win32_1.0.0.202111181127/tools/bin/../lib/gcc/arm-none-eabi/10.3.1/../../../../arm-none-eabi/lib/thumb/v7e-m+fp/hard\libc_nano.a(lib_a-memset.o)
                              c:/st/stm32cubeide_1.10.1/stm32cubeide/plugins/com.st.stm32cube.ide.mcu.externaltools.gnu-tools-for-stm32.10.3-2021.10.win32_1.0.0.202111181127/tools/bin/../lib/gcc/arm-none-eabi/10.3.1/../../../../arm-none-eabi/lib/thumb/v7e-m+fp/hard/crt0.o (memset)
c:/st/stm32cubeide_1.10.1/stm32cubeide/plugins/com.st.stm32cube.ide.mcu.externaltools.gnu-tools-for-stm32.10.3-2021.10.win32_1.0.0.202111181127/tools/bin/../lib/gcc/arm-none-eabi/10.3.1/thumb/v7e-m+fp/hard\libgcc.a(_aeabi_uldivmod.o)
                              ./Drivers/STM32G4xx_HAL_Driver/Src/stm32g4xx_hal_uart.o (__aeabi_uldivmod)
c:/st/stm32cubeide_1.10.1/stm32cubeide/plugins/com.st.stm32cube.ide.mcu.externaltools.gnu-tools-for-stm32.10.3-2021.10.win32_1.0.0.202111181127/tools/bin/../lib/gcc/arm-none-eabi/10.3.1/thumb/v7e-m+fp/hard\libgcc.a(_udivmoddi4.o)
                              c:/st/stm32cubeide_1.10.1/stm32cubeide/plugins/com.st.stm32cube.ide.mcu.externaltools.gnu-tools-for-stm32.10.3-2021.10.win32_1.0.0.202111181127/tools/bin/../lib/gcc/arm-none-eabi/10.3.1/thumb/v7e-m+fp/hard\libgcc.a(_aeabi_uldivmod.o) (__udivmoddi4)
c:/st/stm32cubeide_1.10.1/stm32cubeide/plugins/com.st.stm32cube.ide.mcu.externaltools.gnu-tools-for-stm32.10.3-2021.10.win32_1.0.0.202111181127/tools/bin/../lib/gcc/arm-none-eabi/10.3.1/thumb/v7e-m+fp/hard\libgcc.a(_dvmd_tls.o)
                              c:/st/stm32cubeide_1.10.1/stm32cubeide/plugins/com.st.stm32cube.ide.mcu.externaltools.gnu-tools-for-stm32.10.3-2021.10.win32_1.0.0.202111181127/tools/bin/../lib/gcc/arm-none-eabi/10.3.1/thumb/v7e-m+fp/hard\libgcc.a(_aeabi_uldivmod.o) (__aeabi_ldiv0)

Discarded input sections

 .text          0x0000000000000000        0x0 c:/st/stm32cubeide_1.10.1/stm32cubeide/plugins/com.st.stm32cube.ide.mcu.externaltools.gnu-tools-for-stm32.10.3-2021.10.win32_1.0.0.202111181127/tools/bin/../lib/gcc/arm-none-eabi/10.3.1/thumb/v7e-m+fp/hard/crti.o
 .data          0x0000000000000000        0x0 c:/st/stm32cubeide_1.10.1/stm32cubeide/plugins/com.st.stm32cube.ide.mcu.externaltools.gnu-tools-for-stm32.10.3-2021.10.win32_1.0.0.202111181127/tools/bin/../lib/gcc/arm-none-eabi/10.3.1/thumb/v7e-m+fp/hard/crti.o
 .bss           0x0000000000000000        0x0 c:/st/stm32cubeide_1.10.1/stm32cubeide/plugins/com.st.stm32cube.ide.mcu.externaltools.gnu-tools-for-stm32.10.3-2021.10.win32_1.0.0.202111181127/tools/bin/../lib/gcc/arm-none-eabi/10.3.1/thumb/v7e-m+fp/hard/crti.o
[...]
Memory Configuration

Name             Origin             Length             Attributes
RAM              0x0000000020000000 0x0000000000020000 xrw
FLASH            0x0000000008000000 0x0000000000080000 xr
*default*        0x0000000000000000 0xffffffffffffffff

Linker script and memory map

LOAD c:/st/stm32cubeide_1.10.1/stm32cubeide/plugins/com.st.stm32cube.ide.mcu.externaltools.gnu-tools-for-stm32.10.3-2021.10.win32_1.0.0.202111181127/tools/bin/../lib/gcc/arm-none-eabi/10.3.1/thumb/v7e-m+fp/hard/crti.o
LOAD c:/st/stm32cubeide_1.10.1/stm32cubeide/plugins/com.st.stm32cube.ide.mcu.externaltools.gnu-tools-for-stm32.10.3-2021.10.win32_1.0.0.202111181127/tools/bin/../lib/gcc/arm-none-eabi/10.3.1/thumb/v7e-m+fp/hard/crtbegin.o
LOAD c:/st/stm32cubeide_1.10.1/stm32cubeide/plugins/com.st.stm32cube.ide.mcu.externaltools.gnu-tools-for-stm32.10.3-2021.10.win32_1.0.0.202111181127/tools/bin/../lib/gcc/arm-none-eabi/10.3.1/../../../../arm-none-eabi/lib/thumb/v7e-m+fp/hard/crt0.o
LOAD ./Core/Src/main.o
LOAD ./Core/Src/stm32g4xx_hal_msp.o
LOAD ./Core/Src/stm32g4xx_it.o
LOAD ./Core/Src/syscalls.o
LOAD ./Core/Src/sysmem.o
LOAD ./Core/Src/system_stm32g4xx.o
LOAD ./Core/Startup/startup_stm32g474retx.o
LOAD ./Drivers/STM32G4xx_HAL_Driver/Src/stm32g4xx_hal.o
LOAD ./Drivers/STM32G4xx_HAL_Driver/Src/stm32g4xx_hal_cortex.o
LOAD ./Drivers/STM32G4xx_HAL_Driver/Src/stm32g4xx_hal_dac.o
LOAD ./Drivers/STM32G4xx_HAL_Driver/Src/stm32g4xx_hal_dac_ex.o
LOAD ./Drivers/STM32G4xx_HAL_Driver/Src/stm32g4xx_hal_dma.o
LOAD ./Drivers/STM32G4xx_HAL_Driver/Src/stm32g4xx_hal_dma_ex.o
LOAD ./Drivers/STM32G4xx_HAL_Driver/Src/stm32g4xx_hal_exti.o
LOAD ./Drivers/STM32G4xx_HAL_Driver/Src/stm32g4xx_hal_flash.o
LOAD ./Drivers/STM32G4xx_HAL_Driver/Src/stm32g4xx_hal_flash_ex.o
LOAD ./Drivers/STM32G4xx_HAL_Driver/Src/stm32g4xx_hal_flash_ramfunc.o
LOAD ./Drivers/STM32G4xx_HAL_Driver/Src/stm32g4xx_hal_gpio.o
LOAD ./Drivers/STM32G4xx_HAL_Driver/Src/stm32g4xx_hal_pwr.o
LOAD ./Drivers/STM32G4xx_HAL_Driver/Src/stm32g4xx_hal_pwr_ex.o
LOAD ./Drivers/STM32G4xx_HAL_Driver/Src/stm32g4xx_hal_rcc.o
LOAD ./Drivers/STM32G4xx_HAL_Driver/Src/stm32g4xx_hal_rcc_ex.o
LOAD ./Drivers/STM32G4xx_HAL_Driver/Src/stm32g4xx_hal_tim.o
LOAD ./Drivers/STM32G4xx_HAL_Driver/Src/stm32g4xx_hal_tim_ex.o
LOAD ./Drivers/STM32G4xx_HAL_Driver/Src/stm32g4xx_hal_uart.o
LOAD ./Drivers/STM32G4xx_HAL_Driver/Src/stm32g4xx_hal_uart_ex.o
START GROUP
LOAD c:/st/stm32cubeide_1.10.1/stm32cubeide/plugins/com.st.stm32cube.ide.mcu.externaltools.gnu-tools-for-stm32.10.3-2021.10.win32_1.0.0.202111181127/tools/bin/../lib/gcc/arm-none-eabi/10.3.1/../../../../arm-none-eabi/lib/thumb/v7e-m+fp/hard\libc_nano.a
LOAD c:/st/stm32cubeide_1.10.1/stm32cubeide/plugins/com.st.stm32cube.ide.mcu.externaltools.gnu-tools-for-stm32.10.3-2021.10.win32_1.0.0.202111181127/tools/bin/../lib/gcc/arm-none-eabi/10.3.1/../../../../arm-none-eabi/lib/thumb/v7e-m+fp/hard\libm.a
END GROUP
START GROUP
LOAD c:/st/stm32cubeide_1.10.1/stm32cubeide/plugins/com.st.stm32cube.ide.mcu.externaltools.gnu-tools-for-stm32.10.3-2021.10.win32_1.0.0.202111181127/tools/bin/../lib/gcc/arm-none-eabi/10.3.1/thumb/v7e-m+fp/hard\libgcc.a
LOAD c:/st/stm32cubeide_1.10.1/stm32cubeide/plugins/com.st.stm32cube.ide.mcu.externaltools.gnu-tools-for-stm32.10.3-2021.10.win32_1.0.0.202111181127/tools/bin/../lib/gcc/arm-none-eabi/10.3.1/../../../../arm-none-eabi/lib/thumb/v7e-m+fp/hard\libc_nano.a
END GROUP
START GROUP
LOAD c:/st/stm32cubeide_1.10.1/stm32cubeide/plugins/com.st.stm32cube.ide.mcu.externaltools.gnu-tools-for-stm32.10.3-2021.10.win32_1.0.0.202111181127/tools/bin/../lib/gcc/arm-none-eabi/10.3.1/thumb/v7e-m+fp/hard\libgcc.a
LOAD c:/st/stm32cubeide_1.10.1/stm32cubeide/plugins/com.st.stm32cube.ide.mcu.externaltools.gnu-tools-for-stm32.10.3-2021.10.win32_1.0.0.202111181127/tools/bin/../lib/gcc/arm-none-eabi/10.3.1/../../../../arm-none-eabi/lib/thumb/v7e-m+fp/hard\libc_nano.a
LOAD c:/st/stm32cubeide_1.10.1/stm32cubeide/plugins/com.st.stm32cube.ide.mcu.externaltools.gnu-tools-for-stm32.10.3-2021.10.win32_1.0.0.202111181127/tools/bin/../lib/gcc/arm-none-eabi/10.3.1/../../../../arm-none-eabi/lib/thumb/v7e-m+fp/hard\libnosys.a
END GROUP
START GROUP
LOAD c:/st/stm32cubeide_1.10.1/stm32cubeide/plugins/com.st.stm32cube.ide.mcu.externaltools.gnu-tools-for-stm32.10.3-2021.10.win32_1.0.0.202111181127/tools/bin/../lib/gcc/arm-none-eabi/10.3.1/thumb/v7e-m+fp/hard\libgcc.a
LOAD c:/st/stm32cubeide_1.10.1/stm32cubeide/plugins/com.st.stm32cube.ide.mcu.externaltools.gnu-tools-for-stm32.10.3-2021.10.win32_1.0.0.202111181127/tools/bin/../lib/gcc/arm-none-eabi/10.3.1/../../../../arm-none-eabi/lib/thumb/v7e-m+fp/hard\libc_nano.a
LOAD c:/st/stm32cubeide_1.10.1/stm32cubeide/plugins/com.st.stm32cube.ide.mcu.externaltools.gnu-tools-for-stm32.10.3-2021.10.win32_1.0.0.202111181127/tools/bin/../lib/gcc/arm-none-eabi/10.3.1/../../../../arm-none-eabi/lib/thumb/v7e-m+fp/hard\libnosys.a
END GROUP
LOAD c:/st/stm32cubeide_1.10.1/stm32cubeide/plugins/com.st.stm32cube.ide.mcu.externaltools.gnu-tools-for-stm32.10.3-2021.10.win32_1.0.0.202111181127/tools/bin/../lib/gcc/arm-none-eabi/10.3.1/thumb/v7e-m+fp/hard/crtend.o
LOAD c:/st/stm32cubeide_1.10.1/stm32cubeide/plugins/com.st.stm32cube.ide.mcu.externaltools.gnu-tools-for-stm32.10.3-2021.10.win32_1.0.0.202111181127/tools/bin/../lib/gcc/arm-none-eabi/10.3.1/thumb/v7e-m+fp/hard/crtn.o
                0x0000000020020000                _estack = (ORIGIN (RAM) + LENGTH (RAM))
                0x0000000000000200                _Min_Heap_Size = 0x200
                0x0000000000000400                _Min_Stack_Size = 0x400

.isr_vector     0x0000000008000000      0x1d8
                0x0000000008000000                . = ALIGN (0x4)
 *(.isr_vector)
 .isr_vector    0x0000000008000000      0x1d8 ./Core/Startup/startup_stm32g474retx.o
                0x0000000008000000                g_pfnVectors
                0x00000000080001d8                . = ALIGN (0x4)

.text           0x00000000080001d8     0x6b08
                0x00000000080001d8                . = ALIGN (0x4)
 *(.text)
 .text          0x00000000080001d8       0x40 c:/st/stm32cubeide_1.10.1/stm32cubeide/plugins/com.st.stm32cube.ide.mcu.externaltools.gnu-tools-for-stm32.10.3-2021.10.win32_1.0.0.202111181127/tools/bin/../lib/gcc/arm-none-eabi/10.3.1/thumb/v7e-m+fp/hard/crtbegin.o
 .text          0x0000000008000218       0x30 c:/st/stm32cubeide_1.10.1/stm32cubeide/plugins/com.st.stm32cube.ide.mcu.externaltools.gnu-tools-for-stm32.10.3-2021.10.win32_1.0.0.202111181127/tools/bin/../lib/gcc/arm-none-eabi/10.3.1/thumb/v7e-m+fp/hard\libgcc.a(_aeabi_uldivmod.o)
                0x0000000008000218                __aeabi_uldivmod
 .text          0x0000000008000248      0x2d0 c:/st/stm32cubeide_1.10.1/stm32cubeide/plugins/com.st.stm32cube.ide.mcu.externaltools.gnu-tools-for-stm32.10.3-2021.10.win32_1.0.0.202111181127/tools/bin/../lib/gcc/arm-none-eabi/10.3.1/thumb/v7e-m+fp/hard\libgcc.a(_udivmoddi4.o)
                0x0000000008000248                __udivmoddi4
 .text          0x0000000008000518        0x4 c:/st/stm32cubeide_1.10.1/stm32cubeide/plugins/com.st.stm32cube.ide.mcu.externaltools.gnu-tools-for-stm32.10.3-2021.10.win32_1.0.0.202111181127/tools/bin/../lib/gcc/arm-none-eabi/10.3.1/thumb/v7e-m+fp/hard\libgcc.a(_dvmd_tls.o)
                0x0000000008000518                __aeabi_idiv0
                0x0000000008000518                __aeabi_ldiv0
 *(.text*)
 .text.main     0x000000000800051c      0x1c8 ./Core/Src/main.o
                0x000000000800051c                main
 .text.SystemClock_Config
                0x00000000080006e4       0x96 ./Core/Src/main.o
                0x00000000080006e4                SystemClock_Config
 *fill*         0x000000000800077a        0x2 
 .text.MX_DAC1_Init
                0x000000000800077c       0x74 ./Core/Src/main.o
 .text.MX_LPUART1_UART_Init
                0x00000000080007f0       0x94 ./Core/Src/main.o
 .text.MX_USART1_UART_Init
                0x0000000008000884       0x98 ./Core/Src/main.o
 .text.MX_TIM1_Init
                0x000000000800091c      0x170 ./Core/Src/main.o
 .text.MX_TIM2_Init
                0x0000000008000a8c       0xf4 ./Core/Src/main.o
 .text.MX_TIM3_Init
                0x0000000008000b80       0xb0 ./Core/Src/main.o
 .text.MX_TIM8_Init
                0x0000000008000c30      0x170 ./Core/Src/main.o
 .text.MX_GPIO_Init
                0x0000000008000da0      0x140 ./Core/Src/main.o
 .text.state0_inv1
                0x0000000008000ee0       0x40 ./Core/Src/main.o
                0x0000000008000ee0                state0_inv1
 .text.state1_inv1
                0x0000000008000f20       0x48 ./Core/Src/main.o
                0x0000000008000f20                state1_inv1
 .text.state2_inv1
                0x0000000008000f68       0x48 ./Core/Src/main.o
                0x0000000008000f68                state2_inv1
 .text.state3_inv1
                0x0000000008000fb0       0x48 ./Core/Src/main.o
                0x0000000008000fb0                state3_inv1
 .text.state4_inv1
                0x0000000008000ff8       0x48 ./Core/Src/main.o
                0x0000000008000ff8                state4_inv1
 .text.state5_inv1
                0x0000000008001040       0x48 ./Core/Src/main.o
                0x0000000008001040                state5_inv1
 .text.state6_inv1
                0x0000000008001088       0x48 ./Core/Src/main.o
                0x0000000008001088                state6_inv1
 .text.stateOff_inv1
                0x00000000080010d0       0x40 ./Core/Src/main.o
                0x00000000080010d0                stateOff_inv1
 .text.state0_inv2
                0x0000000008001110       0x48 ./Core/Src/main.o
                0x0000000008001110                state0_inv2
 .text.state1_inv2
                0x0000000008001158       0x4c ./Core/Src/main.o
                0x0000000008001158                state1_inv2
 .text.state2_inv2
                0x00000000080011a4       0x4c ./Core/Src/main.o
                0x00000000080011a4                state2_inv2
 .text.state3_inv2
                0x00000000080011f0       0x4c ./Core/Src/main.o
                0x00000000080011f0                state3_inv2
 .text.state4_inv2
                0x000000000800123c       0x4c ./Core/Src/main.o
                0x000000000800123c                state4_inv2
 .text.state5_inv2
                0x0000000008001288       0x4c ./Core/Src/main.o
                0x0000000008001288                state5_inv2
 .text.state6_inv2
                0x00000000080012d4       0x4c ./Core/Src/main.o
                0x00000000080012d4                state6_inv2
 .text.stateOff_inv2
                0x0000000008001320       0x48 ./Core/Src/main.o
                0x0000000008001320                stateOff_inv2
 .text.state0_inv3
                0x0000000008001368       0x44 ./Core/Src/main.o
                0x0000000008001368                state0_inv3
 .text.state1_inv3
                0x00000000080013ac       0x4c ./Core/Src/main.o
                0x00000000080013ac                state1_inv3
 .text.state2_inv3
                0x00000000080013f8       0x4c ./Core/Src/main.o
                0x00000000080013f8                state2_inv3
 .text.state3_inv3
                0x0000000008001444       0x4c ./Core/Src/main.o
                0x0000000008001444                state3_inv3
 .text.state4_inv3
                0x0000000008001490       0x4c ./Core/Src/main.o
                0x0000000008001490                state4_inv3
 .text.state5_inv3
                0x00000000080014dc       0x4c ./Core/Src/main.o
                0x00000000080014dc                state5_inv3
 .text.state6_inv3
                0x0000000008001528       0x4c ./Core/Src/main.o
                0x0000000008001528                state6_inv3
 .text.stateOff_inv3
                0x0000000008001574       0x44 ./Core/Src/main.o
                0x0000000008001574                stateOff_inv3
 .text.state0_inv4
                0x00000000080015b8       0x50 ./Core/Src/main.o
                0x00000000080015b8                state0_inv4
 .text.state1_inv4
                0x0000000008001608       0x54 ./Core/Src/main.o
                0x0000000008001608                state1_inv4
 .text.state2_inv4
                0x000000000800165c       0x54 ./Core/Src/main.o
                0x000000000800165c                state2_inv4
 .text.state3_inv4
                0x00000000080016b0       0x54 ./Core/Src/main.o
                0x00000000080016b0                state3_inv4
 .text.state4_inv4
                0x0000000008001704       0x54 ./Core/Src/main.o
                0x0000000008001704                state4_inv4
 .text.state5_inv4
                0x0000000008001758       0x54 ./Core/Src/main.o
                0x0000000008001758                state5_inv4
 .text.state6_inv4
                0x00000000080017ac       0x54 ./Core/Src/main.o
                0x00000000080017ac                state6_inv4
 .text.stateOff_inv4
                0x0000000008001800       0x50 ./Core/Src/main.o
                0x0000000008001800                stateOff_inv4
 .text.Inverter1
                0x0000000008001850      0x290 ./Core/Src/main.o
                0x0000000008001850                Inverter1
 .text.Inverter3
                0x0000000008001ae0      0x290 ./Core/Src/main.o
                0x0000000008001ae0                Inverter3
 .text.Inverter2
                0x0000000008001d70      0x2d8 ./Core/Src/main.o
                0x0000000008001d70                Inverter2
 .text.Inverter4
                0x0000000008002048      0x2d8 ./Core/Src/main.o
                0x0000000008002048                Inverter4
 .text.Error_Handler
                0x0000000008002320        0xa ./Core/Src/main.o
                0x0000000008002320                Error_Handler
 *fill*         0x000000000800232a        0x2 
 .text.HAL_MspInit
                0x000000000800232c       0x48 ./Core/Src/stm32g4xx_hal_msp.o
                0x000000000800232c                HAL_MspInit
 .text.HAL_DAC_MspInit
                0x0000000008002374       0x7c ./Core/Src/stm32g4xx_hal_msp.o
                0x0000000008002374                HAL_DAC_MspInit
 .text.HAL_UART_MspInit
                0x00000000080023f0      0x140 ./Core/Src/stm32g4xx_hal_msp.o
                0x00000000080023f0                HAL_UART_MspInit
 .text.HAL_TIM_PWM_MspInit
                0x0000000008002530       0xc0 ./Core/Src/stm32g4xx_hal_msp.o
                0x0000000008002530                HAL_TIM_PWM_MspInit
 .text.HAL_TIM_MspPostInit
                0x00000000080025f0      0x19c ./Core/Src/stm32g4xx_hal_msp.o
                0x00000000080025f0                HAL_TIM_MspPostInit
 .text.NMI_Handler
                0x000000000800278c        0x6 ./Core/Src/stm32g4xx_it.o
                0x000000000800278c                NMI_Handler
 .text.HardFault_Handler
                0x0000000008002792        0x6 ./Core/Src/stm32g4xx_it.o
                0x0000000008002792                HardFault_Handler
 .text.MemManage_Handler
                0x0000000008002798        0x6 ./Core/Src/stm32g4xx_it.o
                0x0000000008002798                MemManage_Handler
 .text.BusFault_Handler
                0x000000000800279e        0x6 ./Core/Src/stm32g4xx_it.o
                0x000000000800279e                BusFault_Handler
 .text.UsageFault_Handler
                0x00000000080027a4        0x6 ./Core/Src/stm32g4xx_it.o
                0x00000000080027a4                UsageFault_Handler
 .text.SVC_Handler
                0x00000000080027aa        0xe ./Core/Src/stm32g4xx_it.o
                0x00000000080027aa                SVC_Handler
 .text.DebugMon_Handler
                0x00000000080027b8        0xe ./Core/Src/stm32g4xx_it.o
                0x00000000080027b8                DebugMon_Handler
 .text.PendSV_Handler
                0x00000000080027c6        0xe ./Core/Src/stm32g4xx_it.o
                0x00000000080027c6                PendSV_Handler
 .text.SysTick_Handler
                0x00000000080027d4        0xc ./Core/Src/stm32g4xx_it.o
                0x00000000080027d4                SysTick_Handler
 .text.TIM3_IRQHandler
                0x00000000080027e0       0x14 ./Core/Src/stm32g4xx_it.o
                0x00000000080027e0                TIM3_IRQHandler
 .text.USART1_IRQHandler
                0x00000000080027f4       0x14 ./Core/Src/stm32g4xx_it.o
                0x00000000080027f4                USART1_IRQHandler
 .text.EXTI15_10_IRQHandler
                0x0000000008002808       0x10 ./Core/Src/stm32g4xx_it.o
                0x0000000008002808                EXTI15_10_IRQHandler
 .text.SystemInit
                0x0000000008002818       0x24 ./Core/Src/system_stm32g4xx.o
                0x0000000008002818                SystemInit
 .text.Reset_Handler
                0x000000000800283c       0x50 ./Core/Startup/startup_stm32g474retx.o
                0x000000000800283c                Reset_Handler
 .text.Default_Handler
                0x000000000800288c        0x2 ./Core/Startup/startup_stm32g474retx.o
                0x000000000800288c                RTC_Alarm_IRQHandler
                0x000000000800288c                EXTI2_IRQHandler
                0x000000000800288c                TIM8_TRG_COM_IRQHandler
                0x000000000800288c                TIM8_CC_IRQHandler
                0x000000000800288c                HRTIM1_Master_IRQHandler
                0x000000000800288c                SPI4_IRQHandler
                0x000000000800288c                FDCAN3_IT0_IRQHandler
                0x000000000800288c                TIM1_CC_IRQHandler
                0x000000000800288c                HRTIM1_FLT_IRQHandler
                0x000000000800288c                HRTIM1_TIMF_IRQHandler
                0x000000000800288c                USB_HP_IRQHandler
                0x000000000800288c                CORDIC_IRQHandler
                0x000000000800288c                HRTIM1_TIMD_IRQHandler
                0x000000000800288c                DMA2_Channel8_IRQHandler
                0x000000000800288c                EXTI3_IRQHandler
                0x000000000800288c                I2C3_ER_IRQHandler
                0x000000000800288c                EXTI0_IRQHandler
                0x000000000800288c                I2C2_EV_IRQHandler
                0x000000000800288c                FPU_IRQHandler
                0x000000000800288c                FDCAN1_IT1_IRQHandler
                0x000000000800288c                TIM1_UP_TIM16_IRQHandler
                0x000000000800288c                ADC1_2_IRQHandler
                0x000000000800288c                HRTIM1_TIME_IRQHandler
                0x000000000800288c                SPI1_IRQHandler
                0x000000000800288c                TIM6_DAC_IRQHandler
                0x000000000800288c                HRTIM1_TIMC_IRQHandler
                0x000000000800288c                TIM8_UP_IRQHandler
                0x000000000800288c                DMA2_Channel2_IRQHandler
                0x000000000800288c                DMA1_Channel4_IRQHandler
                0x000000000800288c                TIM20_TRG_COM_IRQHandler
                0x000000000800288c                USART3_IRQHandler
                0x000000000800288c                DMA1_Channel7_IRQHandler
                0x000000000800288c                UART5_IRQHandler
                0x000000000800288c                ADC3_IRQHandler
                0x000000000800288c                TIM4_IRQHandler
                0x000000000800288c                DMA2_Channel1_IRQHandler
                0x000000000800288c                QUADSPI_IRQHandler
                0x000000000800288c                I2C1_EV_IRQHandler
                0x000000000800288c                DMA1_Channel6_IRQHandler
                0x000000000800288c                UART4_IRQHandler
                0x000000000800288c                DMA2_Channel4_IRQHandler
                0x000000000800288c                RCC_IRQHandler
                0x000000000800288c                TIM20_UP_IRQHandler
                0x000000000800288c                DMA1_Channel1_IRQHandler
                0x000000000800288c                Default_Handler
                0x000000000800288c                DMA2_Channel7_IRQHandler
                0x000000000800288c                RTC_TAMP_LSECSS_IRQHandler
                0x000000000800288c                FMAC_IRQHandler
                0x000000000800288c                DMA1_Channel8_IRQHandler
                0x000000000800288c                HRTIM1_TIMA_IRQHandler
                0x000000000800288c                TIM7_DAC_IRQHandler
                0x000000000800288c                FDCAN3_IT1_IRQHandler
                0x000000000800288c                TIM5_IRQHandler
                0x000000000800288c                UCPD1_IRQHandler
                0x000000000800288c                I2C3_EV_IRQHandler
                0x000000000800288c                EXTI9_5_IRQHandler
                0x000000000800288c                RTC_WKUP_IRQHandler
                0x000000000800288c                PVD_PVM_IRQHandler
                0x000000000800288c                SPI2_IRQHandler
                0x000000000800288c                ADC5_IRQHandler
                0x000000000800288c                DMA2_Channel5_IRQHandler
                0x000000000800288c                CRS_IRQHandler
                0x000000000800288c                DMA1_Channel5_IRQHandler
                0x000000000800288c                USB_LP_IRQHandler
                0x000000000800288c                EXTI4_IRQHandler
                0x000000000800288c                RNG_IRQHandler
                0x000000000800288c                HRTIM1_TIMB_IRQHandler
                0x000000000800288c                TIM1_TRG_COM_TIM17_IRQHandler
                0x000000000800288c                FDCAN2_IT1_IRQHandler
                0x000000000800288c                DMA1_Channel3_IRQHandler
                0x000000000800288c                ADC4_IRQHandler
                0x000000000800288c                WWDG_IRQHandler
                0x000000000800288c                I2C4_EV_IRQHandler
                0x000000000800288c                FDCAN2_IT0_IRQHandler
                0x000000000800288c                LPUART1_IRQHandler
                0x000000000800288c                DMA2_Channel6_IRQHandler
                0x000000000800288c                FDCAN1_IT0_IRQHandler
                0x000000000800288c                TIM2_IRQHandler
                0x000000000800288c                COMP7_IRQHandler
                0x000000000800288c                COMP1_2_3_IRQHandler
                0x000000000800288c                EXTI1_IRQHandler
                0x000000000800288c                USART2_IRQHandler
                0x000000000800288c                COMP4_5_6_IRQHandler
                0x000000000800288c                TIM20_BRK_IRQHandler
                0x000000000800288c                I2C2_ER_IRQHandler
                0x000000000800288c                DMA1_Channel2_IRQHandler
                0x000000000800288c                TIM8_BRK_IRQHandler
                0x000000000800288c                FLASH_IRQHandler
                0x000000000800288c                TIM20_CC_IRQHandler
                0x000000000800288c                SPI3_IRQHandler
                0x000000000800288c                I2C1_ER_IRQHandler
                0x000000000800288c                FMC_IRQHandler
                0x000000000800288c                LPTIM1_IRQHandler
                0x000000000800288c                DMAMUX_OVR_IRQHandler
                0x000000000800288c                I2C4_ER_IRQHandler
                0x000000000800288c                USBWakeUp_IRQHandler
                0x000000000800288c                SAI1_IRQHandler
                0x000000000800288c                DMA2_Channel3_IRQHandler
                0x000000000800288c                TIM1_BRK_TIM15_IRQHandler
 .text.HAL_Init
                0x000000000800288e       0x30 ./Drivers/STM32G4xx_HAL_Driver/Src/stm32g4xx_hal.o
                0x000000000800288e                HAL_Init
 *fill*         0x00000000080028be        0x2 
 .text.HAL_InitTick
                0x00000000080028c0       0x74 ./Drivers/STM32G4xx_HAL_Driver/Src/stm32g4xx_hal.o
                0x00000000080028c0                HAL_InitTick
 .text.HAL_IncTick
                0x0000000008002934       0x24 ./Drivers/STM32G4xx_HAL_Driver/Src/stm32g4xx_hal.o
                0x0000000008002934                HAL_IncTick
 .text.HAL_GetTick
                0x0000000008002958       0x18 ./Drivers/STM32G4xx_HAL_Driver/Src/stm32g4xx_hal.o
                0x0000000008002958                HAL_GetTick
 .text.HAL_Delay
                0x0000000008002970       0x44 ./Drivers/STM32G4xx_HAL_Driver/Src/stm32g4xx_hal.o
                0x0000000008002970                HAL_Delay
 .text.__NVIC_SetPriorityGrouping
                0x00000000080029b4       0x48 ./Drivers/STM32G4xx_HAL_Driver/Src/stm32g4xx_hal_cortex.o
 .text.__NVIC_GetPriorityGrouping
                0x00000000080029fc       0x1c ./Drivers/STM32G4xx_HAL_Driver/Src/stm32g4xx_hal_cortex.o
 .text.__NVIC_EnableIRQ
                0x0000000008002a18       0x3c ./Drivers/STM32G4xx_HAL_Driver/Src/stm32g4xx_hal_cortex.o
 .text.__NVIC_SetPriority
                0x0000000008002a54       0x54 ./Drivers/STM32G4xx_HAL_Driver/Src/stm32g4xx_hal_cortex.o
 .text.NVIC_EncodePriority
                0x0000000008002aa8       0x66 ./Drivers/STM32G4xx_HAL_Driver/Src/stm32g4xx_hal_cortex.o
 *fill*         0x0000000008002b0e        0x2 
 .text.SysTick_Config
                0x0000000008002b10       0x44 ./Drivers/STM32G4xx_HAL_Driver/Src/stm32g4xx_hal_cortex.o
 .text.HAL_NVIC_SetPriorityGrouping
                0x0000000008002b54       0x16 ./Drivers/STM32G4xx_HAL_Driver/Src/stm32g4xx_hal_cortex.o
                0x0000000008002b54                HAL_NVIC_SetPriorityGrouping
 .text.HAL_NVIC_SetPriority
                0x0000000008002b6a       0x34 ./Drivers/STM32G4xx_HAL_Driver/Src/stm32g4xx_hal_cortex.o
                0x0000000008002b6a                HAL_NVIC_SetPriority
 .text.HAL_NVIC_EnableIRQ
                0x0000000008002b9e       0x1c ./Drivers/STM32G4xx_HAL_Driver/Src/stm32g4xx_hal_cortex.o
                0x0000000008002b9e                HAL_NVIC_EnableIRQ
 .text.HAL_SYSTICK_Config
                0x0000000008002bba       0x18 ./Drivers/STM32G4xx_HAL_Driver/Src/stm32g4xx_hal_cortex.o
                0x0000000008002bba                HAL_SYSTICK_Config
 .text.HAL_DAC_Init
                0x0000000008002bd2       0x44 ./Drivers/STM32G4xx_HAL_Driver/Src/stm32g4xx_hal_dac.o
                0x0000000008002bd2                HAL_DAC_Init
 *fill*         0x0000000008002c16        0x2 
 .text.HAL_DAC_ConfigChannel
                0x0000000008002c18      0x350 ./Drivers/STM32G4xx_HAL_Driver/Src/stm32g4xx_hal_dac.o
                0x0000000008002c18                HAL_DAC_ConfigChannel
 .text.HAL_DMA_Abort
                0x0000000008002f68       0xb2 ./Drivers/STM32G4xx_HAL_Driver/Src/stm32g4xx_hal_dma.o
                0x0000000008002f68                HAL_DMA_Abort
 .text.HAL_DMA_Abort_IT
                0x000000000800301a       0xce ./Drivers/STM32G4xx_HAL_Driver/Src/stm32g4xx_hal_dma.o
                0x000000000800301a                HAL_DMA_Abort_IT
 .text.HAL_GPIO_Init
                0x00000000080030e8      0x304 ./Drivers/STM32G4xx_HAL_Driver/Src/stm32g4xx_hal_gpio.o
                0x00000000080030e8                HAL_GPIO_Init
 .text.HAL_GPIO_ReadPin
                0x00000000080033ec       0x30 ./Drivers/STM32G4xx_HAL_Driver/Src/stm32g4xx_hal_gpio.o
                0x00000000080033ec                HAL_GPIO_ReadPin
 .text.HAL_GPIO_WritePin
                0x000000000800341c       0x30 ./Drivers/STM32G4xx_HAL_Driver/Src/stm32g4xx_hal_gpio.o
                0x000000000800341c                HAL_GPIO_WritePin
 .text.HAL_GPIO_EXTI_IRQHandler
                0x000000000800344c       0x30 ./Drivers/STM32G4xx_HAL_Driver/Src/stm32g4xx_hal_gpio.o
                0x000000000800344c                HAL_GPIO_EXTI_IRQHandler
 .text.HAL_GPIO_EXTI_Callback
                0x000000000800347c       0x16 ./Drivers/STM32G4xx_HAL_Driver/Src/stm32g4xx_hal_gpio.o
                0x000000000800347c                HAL_GPIO_EXTI_Callback
 *fill*         0x0000000008003492        0x2 
 .text.HAL_PWREx_ControlVoltageScaling
                0x0000000008003494      0x148 ./Drivers/STM32G4xx_HAL_Driver/Src/stm32g4xx_hal_pwr_ex.o
                0x0000000008003494                HAL_PWREx_ControlVoltageScaling
 .text.HAL_PWREx_DisableUCPDDeadBattery
                0x00000000080035dc       0x20 ./Drivers/STM32G4xx_HAL_Driver/Src/stm32g4xx_hal_pwr_ex.o
                0x00000000080035dc                HAL_PWREx_DisableUCPDDeadBattery
 .text.HAL_RCC_OscConfig
                0x00000000080035fc      0x630 ./Drivers/STM32G4xx_HAL_Driver/Src/stm32g4xx_hal_rcc.o
                0x00000000080035fc                HAL_RCC_OscConfig
 .text.HAL_RCC_ClockConfig
                0x0000000008003c2c      0x278 ./Drivers/STM32G4xx_HAL_Driver/Src/stm32g4xx_hal_rcc.o
                0x0000000008003c2c                HAL_RCC_ClockConfig
 .text.HAL_RCC_GetSysClockFreq
                0x0000000008003ea4       0xc4 ./Drivers/STM32G4xx_HAL_Driver/Src/stm32g4xx_hal_rcc.o
                0x0000000008003ea4                HAL_RCC_GetSysClockFreq
 .text.HAL_RCC_GetHCLKFreq
                0x0000000008003f68       0x18 ./Drivers/STM32G4xx_HAL_Driver/Src/stm32g4xx_hal_rcc.o
                0x0000000008003f68                HAL_RCC_GetHCLKFreq
 .text.HAL_RCC_GetPCLK1Freq
                0x0000000008003f80       0x2c ./Drivers/STM32G4xx_HAL_Driver/Src/stm32g4xx_hal_rcc.o
                0x0000000008003f80                HAL_RCC_GetPCLK1Freq
 .text.HAL_RCC_GetPCLK2Freq
                0x0000000008003fac       0x2c ./Drivers/STM32G4xx_HAL_Driver/Src/stm32g4xx_hal_rcc.o
                0x0000000008003fac                HAL_RCC_GetPCLK2Freq
 .text.RCC_GetSysClockFreqFromPLLSource
                0x0000000008003fd8       0x8c ./Drivers/STM32G4xx_HAL_Driver/Src/stm32g4xx_hal_rcc.o
 .text.HAL_RCCEx_PeriphCLKConfig
                0x0000000008004064      0x49c ./Drivers/STM32G4xx_HAL_Driver/Src/stm32g4xx_hal_rcc_ex.o
                0x0000000008004064                HAL_RCCEx_PeriphCLKConfig
 .text.HAL_TIM_PWM_Init
                0x0000000008004500       0xae ./Drivers/STM32G4xx_HAL_Driver/Src/stm32g4xx_hal_tim.o
                0x0000000008004500                HAL_TIM_PWM_Init
 *fill*         0x00000000080045ae        0x2 
 .text.HAL_TIM_PWM_Start
                0x00000000080045b0      0x224 ./Drivers/STM32G4xx_HAL_Driver/Src/stm32g4xx_hal_tim.o
                0x00000000080045b0                HAL_TIM_PWM_Start
 .text.HAL_TIM_IRQHandler
                0x00000000080047d4      0x2fe ./Drivers/STM32G4xx_HAL_Driver/Src/stm32g4xx_hal_tim.o
                0x00000000080047d4                HAL_TIM_IRQHandler
 *fill*         0x0000000008004ad2        0x2 
 .text.HAL_TIM_PWM_ConfigChannel
                0x0000000008004ad4      0x228 ./Drivers/STM32G4xx_HAL_Driver/Src/stm32g4xx_hal_tim.o
                0x0000000008004ad4                HAL_TIM_PWM_ConfigChannel
 .text.HAL_TIM_PeriodElapsedCallback
                0x0000000008004cfc       0x14 ./Drivers/STM32G4xx_HAL_Driver/Src/stm32g4xx_hal_tim.o
                0x0000000008004cfc                HAL_TIM_PeriodElapsedCallback
 .text.HAL_TIM_OC_DelayElapsedCallback
                0x0000000008004d10       0x14 ./Drivers/STM32G4xx_HAL_Driver/Src/stm32g4xx_hal_tim.o
                0x0000000008004d10                HAL_TIM_OC_DelayElapsedCallback
 .text.HAL_TIM_IC_CaptureCallback
                0x0000000008004d24       0x14 ./Drivers/STM32G4xx_HAL_Driver/Src/stm32g4xx_hal_tim.o
                0x0000000008004d24                HAL_TIM_IC_CaptureCallback
 .text.HAL_TIM_PWM_PulseFinishedCallback
                0x0000000008004d38       0x14 ./Drivers/STM32G4xx_HAL_Driver/Src/stm32g4xx_hal_tim.o
                0x0000000008004d38                HAL_TIM_PWM_PulseFinishedCallback
 .text.HAL_TIM_TriggerCallback
                0x0000000008004d4c       0x14 ./Drivers/STM32G4xx_HAL_Driver/Src/stm32g4xx_hal_tim.o
                0x0000000008004d4c                HAL_TIM_TriggerCallback
 .text.TIM_Base_SetConfig
                0x0000000008004d60      0x150 ./Drivers/STM32G4xx_HAL_Driver/Src/stm32g4xx_hal_tim.o
                0x0000000008004d60                TIM_Base_SetConfig
 .text.TIM_OC1_SetConfig
                0x0000000008004eb0      0x134 ./Drivers/STM32G4xx_HAL_Driver/Src/stm32g4xx_hal_tim.o
 .text.TIM_OC2_SetConfig
                0x0000000008004fe4      0x128 ./Drivers/STM32G4xx_HAL_Driver/Src/stm32g4xx_hal_tim.o
                0x0000000008004fe4                TIM_OC2_SetConfig
 .text.TIM_OC3_SetConfig
                0x000000000800510c      0x124 ./Drivers/STM32G4xx_HAL_Driver/Src/stm32g4xx_hal_tim.o
 .text.TIM_OC4_SetConfig
                0x0000000008005230      0x128 ./Drivers/STM32G4xx_HAL_Driver/Src/stm32g4xx_hal_tim.o
 .text.TIM_OC5_SetConfig
                0x0000000008005358       0xd4 ./Drivers/STM32G4xx_HAL_Driver/Src/stm32g4xx_hal_tim.o
 .text.TIM_OC6_SetConfig
                0x000000000800542c       0xd8 ./Drivers/STM32G4xx_HAL_Driver/Src/stm32g4xx_hal_tim.o
 .text.TIM_CCxChannelCmd
                0x0000000008005504       0x4a ./Drivers/STM32G4xx_HAL_Driver/Src/stm32g4xx_hal_tim.o
                0x0000000008005504                TIM_CCxChannelCmd
 *fill*         0x000000000800554e        0x2 
 .text.HAL_TIMEx_MasterConfigSynchronization
                0x0000000008005550      0x12c ./Drivers/STM32G4xx_HAL_Driver/Src/stm32g4xx_hal_tim_ex.o
                0x0000000008005550                HAL_TIMEx_MasterConfigSynchronization
 .text.HAL_TIMEx_ConfigBreakDeadTime
                0x000000000800567c      0x164 ./Drivers/STM32G4xx_HAL_Driver/Src/stm32g4xx_hal_tim_ex.o
                0x000000000800567c                HAL_TIMEx_ConfigBreakDeadTime
 .text.HAL_TIMEx_CommutCallback
                0x00000000080057e0       0x14 ./Drivers/STM32G4xx_HAL_Driver/Src/stm32g4xx_hal_tim_ex.o
                0x00000000080057e0                HAL_TIMEx_CommutCallback
 .text.HAL_TIMEx_BreakCallback
                0x00000000080057f4       0x14 ./Drivers/STM32G4xx_HAL_Driver/Src/stm32g4xx_hal_tim_ex.o
                0x00000000080057f4                HAL_TIMEx_BreakCallback
 .text.HAL_TIMEx_Break2Callback
                0x0000000008005808       0x14 ./Drivers/STM32G4xx_HAL_Driver/Src/stm32g4xx_hal_tim_ex.o
                0x0000000008005808                HAL_TIMEx_Break2Callback
 .text.HAL_TIMEx_EncoderIndexCallback
                0x000000000800581c       0x14 ./Drivers/STM32G4xx_HAL_Driver/Src/stm32g4xx_hal_tim_ex.o
                0x000000000800581c                HAL_TIMEx_EncoderIndexCallback
 .text.HAL_TIMEx_DirectionChangeCallback
                0x0000000008005830       0x14 ./Drivers/STM32G4xx_HAL_Driver/Src/stm32g4xx_hal_tim_ex.o
                0x0000000008005830                HAL_TIMEx_DirectionChangeCallback
 .text.HAL_TIMEx_IndexErrorCallback
                0x0000000008005844       0x14 ./Drivers/STM32G4xx_HAL_Driver/Src/stm32g4xx_hal_tim_ex.o
                0x0000000008005844                HAL_TIMEx_IndexErrorCallback
 .text.HAL_TIMEx_TransitionErrorCallback
                0x0000000008005858       0x14 ./Drivers/STM32G4xx_HAL_Driver/Src/stm32g4xx_hal_tim_ex.o
                0x0000000008005858                HAL_TIMEx_TransitionErrorCallback
 .text.HAL_UART_Init
                0x000000000800586c       0xa0 ./Drivers/STM32G4xx_HAL_Driver/Src/stm32g4xx_hal_uart.o
                0x000000000800586c                HAL_UART_Init
 .text.HAL_UART_IRQHandler
                0x000000000800590c      0x630 ./Drivers/STM32G4xx_HAL_Driver/Src/stm32g4xx_hal_uart.o
                0x000000000800590c                HAL_UART_IRQHandler
 .text.HAL_UART_TxCpltCallback
                0x0000000008005f3c       0x14 ./Drivers/STM32G4xx_HAL_Driver/Src/stm32g4xx_hal_uart.o
                0x0000000008005f3c                HAL_UART_TxCpltCallback
 .text.HAL_UART_ErrorCallback
                0x0000000008005f50       0x14 ./Drivers/STM32G4xx_HAL_Driver/Src/stm32g4xx_hal_uart.o
                0x0000000008005f50                HAL_UART_ErrorCallback
 .text.HAL_UARTEx_RxEventCallback
                0x0000000008005f64       0x18 ./Drivers/STM32G4xx_HAL_Driver/Src/stm32g4xx_hal_uart.o
                0x0000000008005f64                HAL_UARTEx_RxEventCallback
 .text.UART_SetConfig
                0x0000000008005f7c      0x5f8 ./Drivers/STM32G4xx_HAL_Driver/Src/stm32g4xx_hal_uart.o
                0x0000000008005f7c                UART_SetConfig
 .text.UART_AdvFeatureConfig
                0x0000000008006574      0x144 ./Drivers/STM32G4xx_HAL_Driver/Src/stm32g4xx_hal_uart.o
                0x0000000008006574                UART_AdvFeatureConfig
 .text.UART_CheckIdleState
                0x00000000080066b8       0x96 ./Drivers/STM32G4xx_HAL_Driver/Src/stm32g4xx_hal_uart.o
                0x00000000080066b8                UART_CheckIdleState
 .text.UART_WaitOnFlagUntilTimeout
                0x000000000800674e      0x190 ./Drivers/STM32G4xx_HAL_Driver/Src/stm32g4xx_hal_uart.o
                0x000000000800674e                UART_WaitOnFlagUntilTimeout
 .text.UART_EndRxTransfer
                0x00000000080068de       0xcc ./Drivers/STM32G4xx_HAL_Driver/Src/stm32g4xx_hal_uart.o
 .text.UART_DMAAbortOnError
                0x00000000080069aa       0x2c ./Drivers/STM32G4xx_HAL_Driver/Src/stm32g4xx_hal_uart.o
 .text.UART_EndTransmit_IT
                0x00000000080069d6       0x56 ./Drivers/STM32G4xx_HAL_Driver/Src/stm32g4xx_hal_uart.o
 .text.HAL_UARTEx_WakeupCallback
                0x0000000008006a2c       0x14 ./Drivers/STM32G4xx_HAL_Driver/Src/stm32g4xx_hal_uart_ex.o
                0x0000000008006a2c                HAL_UARTEx_WakeupCallback
 .text.HAL_UARTEx_RxFifoFullCallback
                0x0000000008006a40       0x14 ./Drivers/STM32G4xx_HAL_Driver/Src/stm32g4xx_hal_uart_ex.o
                0x0000000008006a40                HAL_UARTEx_RxFifoFullCallback
 .text.HAL_UARTEx_TxFifoEmptyCallback
                0x0000000008006a54       0x14 ./Drivers/STM32G4xx_HAL_Driver/Src/stm32g4xx_hal_uart_ex.o
                0x0000000008006a54                HAL_UARTEx_TxFifoEmptyCallback
 .text.HAL_UARTEx_DisableFifoMode
                0x0000000008006a68       0x72 ./Drivers/STM32G4xx_HAL_Driver/Src/stm32g4xx_hal_uart_ex.o
                0x0000000008006a68                HAL_UARTEx_DisableFifoMode
 .text.HAL_UARTEx_SetTxFifoThreshold
                0x0000000008006ada       0x7c ./Drivers/STM32G4xx_HAL_Driver/Src/stm32g4xx_hal_uart_ex.o
                0x0000000008006ada                HAL_UARTEx_SetTxFifoThreshold
 .text.HAL_UARTEx_SetRxFifoThreshold
                0x0000000008006b56       0x7c ./Drivers/STM32G4xx_HAL_Driver/Src/stm32g4xx_hal_uart_ex.o
                0x0000000008006b56                HAL_UARTEx_SetRxFifoThreshold
 *fill*         0x0000000008006bd2        0x2 
 .text.UARTEx_SetNbDataToProcess
                0x0000000008006bd4       0x9c ./Drivers/STM32G4xx_HAL_Driver/Src/stm32g4xx_hal_uart_ex.o
 .text.__libc_init_array
                0x0000000008006c70       0x48 c:/st/stm32cubeide_1.10.1/stm32cubeide/plugins/com.st.stm32cube.ide.mcu.externaltools.gnu-tools-for-stm32.10.3-2021.10.win32_1.0.0.202111181127/tools/bin/../lib/gcc/arm-none-eabi/10.3.1/../../../../arm-none-eabi/lib/thumb/v7e-m+fp/hard\libc_nano.a(lib_a-init.o)
                0x0000000008006c70                __libc_init_array
 .text.memset   0x0000000008006cb8       0x10 c:/st/stm32cubeide_1.10.1/stm32cubeide/plugins/com.st.stm32cube.ide.mcu.externaltools.gnu-tools-for-stm32.10.3-2021.10.win32_1.0.0.202111181127/tools/bin/../lib/gcc/arm-none-eabi/10.3.1/../../../../arm-none-eabi/lib/thumb/v7e-m+fp/hard\libc_nano.a(lib_a-memset.o)
                0x0000000008006cb8                memset
 *(.glue_7)
 .glue_7        0x0000000008006cc8        0x0 linker stubs
 *(.glue_7t)
 .glue_7t       0x0000000008006cc8        0x0 linker stubs
 *(.eh_frame)
 .eh_frame      0x0000000008006cc8        0x0 c:/st/stm32cubeide_1.10.1/stm32cubeide/plugins/com.st.stm32cube.ide.mcu.externaltools.gnu-tools-for-stm32.10.3-2021.10.win32_1.0.0.202111181127/tools/bin/../lib/gcc/arm-none-eabi/10.3.1/thumb/v7e-m+fp/hard/crtbegin.o
 *(.init)
 .init          0x0000000008006cc8        0x4 c:/st/stm32cubeide_1.10.1/stm32cubeide/plugins/com.st.stm32cube.ide.mcu.externaltools.gnu-tools-for-stm32.10.3-2021.10.win32_1.0.0.202111181127/tools/bin/../lib/gcc/arm-none-eabi/10.3.1/thumb/v7e-m+fp/hard/crti.o
                0x0000000008006cc8                _init
 .init          0x0000000008006ccc        0x8 c:/st/stm32cubeide_1.10.1/stm32cubeide/plugins/com.st.stm32cube.ide.mcu.externaltools.gnu-tools-for-stm32.10.3-2021.10.win32_1.0.0.202111181127/tools/bin/../lib/gcc/arm-none-eabi/10.3.1/thumb/v7e-m+fp/hard/crtn.o
 *(.fini)
 .fini          0x0000000008006cd4        0x4 c:/st/stm32cubeide_1.10.1/stm32cubeide/plugins/com.st.stm32cube.ide.mcu.externaltools.gnu-tools-for-stm32.10.3-2021.10.win32_1.0.0.202111181127/tools/bin/../lib/gcc/arm-none-eabi/10.3.1/thumb/v7e-m+fp/hard/crti.o
                0x0000000008006cd4                _fini
 .fini          0x0000000008006cd8        0x8 c:/st/stm32cubeide_1.10.1/stm32cubeide/plugins/com.st.stm32cube.ide.mcu.externaltools.gnu-tools-for-stm32.10.3-2021.10.win32_1.0.0.202111181127/tools/bin/../lib/gcc/arm-none-eabi/10.3.1/thumb/v7e-m+fp/hard/crtn.o
                0x0000000008006ce0                . = ALIGN (0x4)
                0x0000000008006ce0                _etext = .

.vfp11_veneer   0x0000000008006ce0        0x0
 .vfp11_veneer  0x0000000008006ce0        0x0 linker stubs

.v4_bx          0x0000000008006ce0        0x0
 .v4_bx         0x0000000008006ce0        0x0 linker stubs

.iplt           0x0000000008006ce0        0x0
 .iplt          0x0000000008006ce0        0x0 c:/st/stm32cubeide_1.10.1/stm32cubeide/plugins/com.st.stm32cube.ide.mcu.externaltools.gnu-tools-for-stm32.10.3-2021.10.win32_1.0.0.202111181127/tools/bin/../lib/gcc/arm-none-eabi/10.3.1/thumb/v7e-m+fp/hard/crtbegin.o

.rodata         0x0000000008006ce0       0x40
                0x0000000008006ce0                . = ALIGN (0x4)
 *(.rodata)
 *(.rodata*)
 .rodata.AHBPrescTable
                0x0000000008006ce0       0x10 ./Core/Src/system_stm32g4xx.o
                0x0000000008006ce0                AHBPrescTable
 .rodata.APBPrescTable
                0x0000000008006cf0        0x8 ./Core/Src/system_stm32g4xx.o
                0x0000000008006cf0                APBPrescTable
 .rodata.UARTPrescTable
                0x0000000008006cf8       0x18 ./Drivers/STM32G4xx_HAL_Driver/Src/stm32g4xx_hal_uart.o
                0x0000000008006cf8                UARTPrescTable
 .rodata.numerator.1
                0x0000000008006d10        0x8 ./Drivers/STM32G4xx_HAL_Driver/Src/stm32g4xx_hal_uart_ex.o
 .rodata.denominator.0
                0x0000000008006d18        0x8 ./Drivers/STM32G4xx_HAL_Driver/Src/stm32g4xx_hal_uart_ex.o
                0x0000000008006d20                . = ALIGN (0x4)

.ARM.extab      0x0000000008006d20        0x0
                0x0000000008006d20                . = ALIGN (0x4)
 *(.ARM.extab* .gnu.linkonce.armextab.*)
                0x0000000008006d20                . = ALIGN (0x4)

.ARM            0x0000000008006d20        0x8
                0x0000000008006d20                . = ALIGN (0x4)
                0x0000000008006d20                __exidx_start = .
 *(.ARM.exidx*)
 .ARM.exidx     0x0000000008006d20        0x8 c:/st/stm32cubeide_1.10.1/stm32cubeide/plugins/com.st.stm32cube.ide.mcu.externaltools.gnu-tools-for-stm32.10.3-2021.10.win32_1.0.0.202111181127/tools/bin/../lib/gcc/arm-none-eabi/10.3.1/thumb/v7e-m+fp/hard\libgcc.a(_udivmoddi4.o)
                0x0000000008006d28                __exidx_end = .
                0x0000000008006d28                . = ALIGN (0x4)

.rel.dyn        0x0000000008006d28        0x0
 .rel.iplt      0x0000000008006d28        0x0 c:/st/stm32cubeide_1.10.1/stm32cubeide/plugins/com.st.stm32cube.ide.mcu.externaltools.gnu-tools-for-stm32.10.3-2021.10.win32_1.0.0.202111181127/tools/bin/../lib/gcc/arm-none-eabi/10.3.1/thumb/v7e-m+fp/hard/crtbegin.o

.preinit_array  0x0000000008006d28        0x0
                0x0000000008006d28                . = ALIGN (0x4)
                0x0000000008006d28                PROVIDE (__preinit_array_start = .)
 *(.preinit_array*)
                0x0000000008006d28                PROVIDE (__preinit_array_end = .)
                0x0000000008006d28                . = ALIGN (0x4)

.init_array     0x0000000008006d28        0x4
                0x0000000008006d28                . = ALIGN (0x4)
                0x0000000008006d28                PROVIDE (__init_array_start = .)
 *(SORT_BY_NAME(.init_array.*))
 *(.init_array*)
 .init_array    0x0000000008006d28        0x4 c:/st/stm32cubeide_1.10.1/stm32cubeide/plugins/com.st.stm32cube.ide.mcu.externaltools.gnu-tools-for-stm32.10.3-2021.10.win32_1.0.0.202111181127/tools/bin/../lib/gcc/arm-none-eabi/10.3.1/thumb/v7e-m+fp/hard/crtbegin.o
                0x0000000008006d2c                PROVIDE (__init_array_end = .)
                0x0000000008006d2c                . = ALIGN (0x4)

.fini_array     0x0000000008006d2c        0x4
                0x0000000008006d2c                . = ALIGN (0x4)
                [!provide]                        PROVIDE (__fini_array_start = .)
 *(SORT_BY_NAME(.fini_array.*))
 *(.fini_array*)
 .fini_array    0x0000000008006d2c        0x4 c:/st/stm32cubeide_1.10.1/stm32cubeide/plugins/com.st.stm32cube.ide.mcu.externaltools.gnu-tools-for-stm32.10.3-2021.10.win32_1.0.0.202111181127/tools/bin/../lib/gcc/arm-none-eabi/10.3.1/thumb/v7e-m+fp/hard/crtbegin.o
                [!provide]                        PROVIDE (__fini_array_end = .)
                0x0000000008006d30                . = ALIGN (0x4)
                0x0000000008006d30                _sidata = LOADADDR (.data)

.data           0x0000000020000000       0x10 load address 0x0000000008006d30
                0x0000000020000000                . = ALIGN (0x4)
                0x0000000020000000                _sdata = .
 *(.data)
 *(.data*)
 .data.PWM1     0x0000000020000000        0x2 ./Core/Src/main.o
                0x0000000020000000                PWM1
 *fill*         0x0000000020000002        0x2 
 .data.SystemCoreClock
                0x0000000020000004        0x4 ./Core/Src/system_stm32g4xx.o
                0x0000000020000004                SystemCoreClock
 .data.uwTickPrio
                0x0000000020000008        0x4 ./Drivers/STM32G4xx_HAL_Driver/Src/stm32g4xx_hal.o
                0x0000000020000008                uwTickPrio
 .data.uwTickFreq
                0x000000002000000c        0x4 ./Drivers/STM32G4xx_HAL_Driver/Src/stm32g4xx_hal.o
                0x000000002000000c                uwTickFreq
 *(.RamFunc)
 *(.RamFunc*)
                0x0000000020000010                . = ALIGN (0x4)
                0x0000000020000010                _edata = .

.igot.plt       0x0000000020000010        0x0 load address 0x0000000008006d40
 .igot.plt      0x0000000020000010        0x0 c:/st/stm32cubeide_1.10.1/stm32cubeide/plugins/com.st.stm32cube.ide.mcu.externaltools.gnu-tools-for-stm32.10.3-2021.10.win32_1.0.0.202111181127/tools/bin/../lib/gcc/arm-none-eabi/10.3.1/thumb/v7e-m+fp/hard/crtbegin.o
                0x0000000020000010                . = ALIGN (0x4)

.bss            0x0000000020000010      0x28c load address 0x0000000008006d40
                0x0000000020000010                _sbss = .
                0x0000000020000010                __bss_start__ = _sbss
 *(.bss)
 .bss           0x0000000020000010       0x1c c:/st/stm32cubeide_1.10.1/stm32cubeide/plugins/com.st.stm32cube.ide.mcu.externaltools.gnu-tools-for-stm32.10.3-2021.10.win32_1.0.0.202111181127/tools/bin/../lib/gcc/arm-none-eabi/10.3.1/thumb/v7e-m+fp/hard/crtbegin.o
 *(.bss*)
 .bss.hdac1     0x000000002000002c       0x14 ./Core/Src/main.o
                0x000000002000002c                hdac1
 .bss.hlpuart1  0x0000000020000040       0x90 ./Core/Src/main.o
                0x0000000020000040                hlpuart1
 .bss.huart1    0x00000000200000d0       0x90 ./Core/Src/main.o
                0x00000000200000d0                huart1
 .bss.htim1     0x0000000020000160       0x4c ./Core/Src/main.o
                0x0000000020000160                htim1
 .bss.htim2     0x00000000200001ac       0x4c ./Core/Src/main.o
                0x00000000200001ac                htim2
 .bss.htim3     0x00000000200001f8       0x4c ./Core/Src/main.o
                0x00000000200001f8                htim3
 .bss.htim8     0x0000000020000244       0x4c ./Core/Src/main.o
                0x0000000020000244                htim8
 .bss.PWM2      0x0000000020000290        0x2 ./Core/Src/main.o
                0x0000000020000290                PWM2
 .bss.PWM3      0x0000000020000292        0x2 ./Core/Src/main.o
                0x0000000020000292                PWM3
 .bss.PWM4      0x0000000020000294        0x2 ./Core/Src/main.o
                0x0000000020000294                PWM4
 *fill*         0x0000000020000296        0x2 
 .bss.uwTick    0x0000000020000298        0x4 ./Drivers/STM32G4xx_HAL_Driver/Src/stm32g4xx_hal.o
                0x0000000020000298                uwTick
 *(COMMON)
                0x000000002000029c                . = ALIGN (0x4)
                0x000000002000029c                _ebss = .
                0x000000002000029c                __bss_end__ = _ebss

._user_heap_stack
                0x000000002000029c      0x604 load address 0x0000000008006d40
                0x00000000200002a0                . = ALIGN (0x8)
 *fill*         0x000000002000029c        0x4 
                [!provide]                        PROVIDE (end = .)
                0x00000000200002a0                PROVIDE (_end = .)
                0x00000000200004a0                . = (. + _Min_Heap_Size)
 *fill*         0x00000000200002a0      0x200 
                0x00000000200008a0                . = (. + _Min_Stack_Size)
 *fill*         0x00000000200004a0      0x400 
                0x00000000200008a0                . = ALIGN (0x8)

/DISCARD/
 libc.a(*)
 libm.a(*)
 libgcc.a(*)

.ARM.attributes
                0x0000000000000000       0x30
 *(.ARM.attributes)
 .ARM.attributes
                0x0000000000000000       0x1e c:/st/stm32cubeide_1.10.1/stm32cubeide/plugins/com.st.stm32cube.ide.mcu.externaltools.gnu-tools-for-stm32.10.3-2021.10.win32_1.0.0.202111181127/tools/bin/../lib/gcc/arm-none-eabi/10.3.1/thumb/v7e-m+fp/hard/crti.o
 .ARM.attributes
                0x000000000000001e       0x34 c:/st/stm32cubeide_1.10.1/stm32cubeide/plugins/com.st.stm32cube.ide.mcu.externaltools.gnu-tools-for-stm32.10.3-2021.10.win32_1.0.0.202111181127/tools/bin/../lib/gcc/arm-none-eabi/10.3.1/thumb/v7e-m+fp/hard/crtbegin.o
 .ARM.attributes
                0x0000000000000052       0x34 ./Core/Src/main.o
 .ARM.attributes
                0x0000000000000086       0x34 ./Core/Src/stm32g4xx_hal_msp.o
 .ARM.attributes
                0x00000000000000ba       0x34 ./Core/Src/stm32g4xx_it.o
 .ARM.attributes
                0x00000000000000ee       0x34 ./Core/Src/system_stm32g4xx.o
 .ARM.attributes
                0x0000000000000122       0x21 ./Core/Startup/startup_stm32g474retx.o
 .ARM.attributes
                0x0000000000000143       0x34 ./Drivers/STM32G4xx_HAL_Driver/Src/stm32g4xx_hal.o
 .ARM.attributes
                0x0000000000000177       0x34 ./Drivers/STM32G4xx_HAL_Driver/Src/stm32g4xx_hal_cortex.o
 .ARM.attributes
                0x00000000000001ab       0x34 ./Drivers/STM32G4xx_HAL_Driver/Src/stm32g4xx_hal_dac.o
 .ARM.attributes
                0x00000000000001df       0x34 ./Drivers/STM32G4xx_HAL_Driver/Src/stm32g4xx_hal_dma.o
 .ARM.attributes
                0x0000000000000213       0x34 ./Drivers/STM32G4xx_HAL_Driver/Src/stm32g4xx_hal_gpio.o
 .ARM.attributes
                0x0000000000000247       0x34 ./Drivers/STM32G4xx_HAL_Driver/Src/stm32g4xx_hal_pwr_ex.o
 .ARM.attributes
                0x000000000000027b       0x34 ./Drivers/STM32G4xx_HAL_Driver/Src/stm32g4xx_hal_rcc.o
 .ARM.attributes
                0x00000000000002af       0x34 ./Drivers/STM32G4xx_HAL_Driver/Src/stm32g4xx_hal_rcc_ex.o
 .ARM.attributes
                0x00000000000002e3       0x34 ./Drivers/STM32G4xx_HAL_Driver/Src/stm32g4xx_hal_tim.o
 .ARM.attributes
                0x0000000000000317       0x34 ./Drivers/STM32G4xx_HAL_Driver/Src/stm32g4xx_hal_tim_ex.o
 .ARM.attributes
                0x000000000000034b       0x34 ./Drivers/STM32G4xx_HAL_Driver/Src/stm32g4xx_hal_uart.o
 .ARM.attributes
                0x000000000000037f       0x34 ./Drivers/STM32G4xx_HAL_Driver/Src/stm32g4xx_hal_uart_ex.o
 .ARM.attributes
                0x00000000000003b3       0x34 c:/st/stm32cubeide_1.10.1/stm32cubeide/plugins/com.st.stm32cube.ide.mcu.externaltools.gnu-tools-for-stm32.10.3-2021.10.win32_1.0.0.202111181127/tools/bin/../lib/gcc/arm-none-eabi/10.3.1/../../../../arm-none-eabi/lib/thumb/v7e-m+fp/hard\libc_nano.a(lib_a-init.o)
 .ARM.attributes
                0x00000000000003e7       0x34 c:/st/stm32cubeide_1.10.1/stm32cubeide/plugins/com.st.stm32cube.ide.mcu.externaltools.gnu-tools-for-stm32.10.3-2021.10.win32_1.0.0.202111181127/tools/bin/../lib/gcc/arm-none-eabi/10.3.1/../../../../arm-none-eabi/lib/thumb/v7e-m+fp/hard\libc_nano.a(lib_a-memset.o)
 .ARM.attributes
                0x000000000000041b       0x1e c:/st/stm32cubeide_1.10.1/stm32cubeide/plugins/com.st.stm32cube.ide.mcu.externaltools.gnu-tools-for-stm32.10.3-2021.10.win32_1.0.0.202111181127/tools/bin/../lib/gcc/arm-none-eabi/10.3.1/thumb/v7e-m+fp/hard\libgcc.a(_aeabi_uldivmod.o)
 .ARM.attributes
                0x0000000000000439       0x34 c:/st/stm32cubeide_1.10.1/stm32cubeide/plugins/com.st.stm32cube.ide.mcu.externaltools.gnu-tools-for-stm32.10.3-2021.10.win32_1.0.0.202111181127/tools/bin/../lib/gcc/arm-none-eabi/10.3.1/thumb/v7e-m+fp/hard\libgcc.a(_udivmoddi4.o)
 .ARM.attributes
                0x000000000000046d       0x1e c:/st/stm32cubeide_1.10.1/stm32cubeide/plugins/com.st.stm32cube.ide.mcu.externaltools.gnu-tools-for-stm32.10.3-2021.10.win32_1.0.0.202111181127/tools/bin/../lib/gcc/arm-none-eabi/10.3.1/thumb/v7e-m+fp/hard\libgcc.a(_dvmd_tls.o)
 .ARM.attributes
                0x000000000000048b       0x1e c:/st/stm32cubeide_1.10.1/stm32cubeide/plugins/com.st.stm32cube.ide.mcu.externaltools.gnu-tools-for-stm32.10.3-2021.10.win32_1.0.0.202111181127/tools/bin/../lib/gcc/arm-none-eabi/10.3.1/thumb/v7e-m+fp/hard/crtn.o
OUTPUT(BLDC_PWM_12_CH.elf elf32-littlearm)
LOAD linker stubs
LOAD c:/st/stm32cubeide_1.10.1/stm32cubeide/plugins/com.st.stm32cube.ide.mcu.externaltools.gnu-tools-for-stm32.10.3-2021.10.win32_1.0.0.202111181127/tools/bin/../lib/gcc/arm-none-eabi/10.3.1/../../../../arm-none-eabi/lib/thumb/v7e-m+fp/hard\libc.a
LOAD c:/st/stm32cubeide_1.10.1/stm32cubeide/plugins/com.st.stm32cube.ide.mcu.externaltools.gnu-tools-for-stm32.10.3-2021.10.win32_1.0.0.202111181127/tools/bin/../lib/gcc/arm-none-eabi/10.3.1/../../../../arm-none-eabi/lib/thumb/v7e-m+fp/hard\libm.a
LOAD c:/st/stm32cubeide_1.10.1/stm32cubeide/plugins/com.st.stm32cube.ide.mcu.externaltools.gnu-tools-for-stm32.10.3-2021.10.win32_1.0.0.202111181127/tools/bin/../lib/gcc/arm-none-eabi/10.3.1/thumb/v7e-m+fp/hard\libgcc.a

.debug_info     0x0000000000000000    0x14f00
 .debug_info    0x0000000000000000     0x20ed ./Core/Src/main.o
 .debug_info    0x00000000000020ed     0x18fd ./Core/Src/stm32g4xx_hal_msp.o
 .debug_info    0x00000000000039ea      0xcc6 ./Core/Src/stm32g4xx_it.o
 .debug_info    0x00000000000046b0      0x59f ./Core/Src/system_stm32g4xx.o
 .debug_info    0x0000000000004c4f       0x22 ./Core/Startup/startup_stm32g474retx.o
 .debug_info    0x0000000000004c71      0xb9d ./Drivers/STM32G4xx_HAL_Driver/Src/stm32g4xx_hal.o
 .debug_info    0x000000000000580e      0xe7e ./Drivers/STM32G4xx_HAL_Driver/Src/stm32g4xx_hal_cortex.o
 .debug_info    0x000000000000668c      0xd17 ./Drivers/STM32G4xx_HAL_Driver/Src/stm32g4xx_hal_dac.o
 .debug_info    0x00000000000073a3      0x8ee ./Drivers/STM32G4xx_HAL_Driver/Src/stm32g4xx_hal_dma.o
 .debug_info    0x0000000000007c91      0x82f ./Drivers/STM32G4xx_HAL_Driver/Src/stm32g4xx_hal_gpio.o
 .debug_info    0x00000000000084c0      0x983 ./Drivers/STM32G4xx_HAL_Driver/Src/stm32g4xx_hal_pwr_ex.o
 .debug_info    0x0000000000008e43      0xcb7 ./Drivers/STM32G4xx_HAL_Driver/Src/stm32g4xx_hal_rcc.o
 .debug_info    0x0000000000009afa      0xd32 ./Drivers/STM32G4xx_HAL_Driver/Src/stm32g4xx_hal_rcc_ex.o
 .debug_info    0x000000000000a82c     0x2e83 ./Drivers/STM32G4xx_HAL_Driver/Src/stm32g4xx_hal_tim.o
 .debug_info    0x000000000000d6af     0x1eea ./Drivers/STM32G4xx_HAL_Driver/Src/stm32g4xx_hal_tim_ex.o
 .debug_info    0x000000000000f599     0x4936 ./Drivers/STM32G4xx_HAL_Driver/Src/stm32g4xx_hal_uart.o
 .debug_info    0x0000000000013ecf     0x1031 ./Drivers/STM32G4xx_HAL_Driver/Src/stm32g4xx_hal_uart_ex.o

.debug_abbrev   0x0000000000000000     0x255c
 .debug_abbrev  0x0000000000000000      0x2f4 ./Core/Src/main.o
 .debug_abbrev  0x00000000000002f4      0x263 ./Core/Src/stm32g4xx_hal_msp.o
 .debug_abbrev  0x0000000000000557      0x1bc ./Core/Src/stm32g4xx_it.o
 .debug_abbrev  0x0000000000000713      0x116 ./Core/Src/system_stm32g4xx.o
 .debug_abbrev  0x0000000000000829       0x12 ./Core/Startup/startup_stm32g474retx.o
 .debug_abbrev  0x000000000000083b      0x269 ./Drivers/STM32G4xx_HAL_Driver/Src/stm32g4xx_hal.o
 .debug_abbrev  0x0000000000000aa4      0x30d ./Drivers/STM32G4xx_HAL_Driver/Src/stm32g4xx_hal_cortex.o
 .debug_abbrev  0x0000000000000db1      0x206 ./Drivers/STM32G4xx_HAL_Driver/Src/stm32g4xx_hal_dac.o
 .debug_abbrev  0x0000000000000fb7      0x1d7 ./Drivers/STM32G4xx_HAL_Driver/Src/stm32g4xx_hal_dma.o
 .debug_abbrev  0x000000000000118e      0x1bb ./Drivers/STM32G4xx_HAL_Driver/Src/stm32g4xx_hal_gpio.o
 .debug_abbrev  0x0000000000001349      0x229 ./Drivers/STM32G4xx_HAL_Driver/Src/stm32g4xx_hal_pwr_ex.o
 .debug_abbrev  0x0000000000001572      0x2bd ./Drivers/STM32G4xx_HAL_Driver/Src/stm32g4xx_hal_rcc.o
 .debug_abbrev  0x000000000000182f      0x247 ./Drivers/STM32G4xx_HAL_Driver/Src/stm32g4xx_hal_rcc_ex.o
 .debug_abbrev  0x0000000000001a76      0x28e ./Drivers/STM32G4xx_HAL_Driver/Src/stm32g4xx_hal_tim.o
 .debug_abbrev  0x0000000000001d04      0x2ab ./Drivers/STM32G4xx_HAL_Driver/Src/stm32g4xx_hal_tim_ex.o
 .debug_abbrev  0x0000000000001faf      0x2f0 ./Drivers/STM32G4xx_HAL_Driver/Src/stm32g4xx_hal_uart.o
 .debug_abbrev  0x000000000000229f      0x2bd ./Drivers/STM32G4xx_HAL_Driver/Src/stm32g4xx_hal_uart_ex.o

.debug_aranges  0x0000000000000000     0x1240
 .debug_aranges
                0x0000000000000000      0x1a0 ./Core/Src/main.o
 .debug_aranges
                0x00000000000001a0       0x58 ./Core/Src/stm32g4xx_hal_msp.o
 .debug_aranges
                0x00000000000001f8       0x78 ./Core/Src/stm32g4xx_it.o
 .debug_aranges
                0x0000000000000270       0x28 ./Core/Src/system_stm32g4xx.o
 .debug_aranges
                0x0000000000000298       0x28 ./Core/Startup/startup_stm32g474retx.o
 .debug_aranges
                0x00000000000002c0      0x130 ./Drivers/STM32G4xx_HAL_Driver/Src/stm32g4xx_hal.o
 .debug_aranges
                0x00000000000003f0      0x118 ./Drivers/STM32G4xx_HAL_Driver/Src/stm32g4xx_hal_cortex.o
 .debug_aranges
                0x0000000000000508       0xc0 ./Drivers/STM32G4xx_HAL_Driver/Src/stm32g4xx_hal_dac.o
 .debug_aranges
                0x00000000000005c8       0x90 ./Drivers/STM32G4xx_HAL_Driver/Src/stm32g4xx_hal_dma.o
 .debug_aranges
                0x0000000000000658       0x58 ./Drivers/STM32G4xx_HAL_Driver/Src/stm32g4xx_hal_gpio.o
 .debug_aranges
                0x00000000000006b0      0x140 ./Drivers/STM32G4xx_HAL_Driver/Src/stm32g4xx_hal_pwr_ex.o
 .debug_aranges
                0x00000000000007f0       0x98 ./Drivers/STM32G4xx_HAL_Driver/Src/stm32g4xx_hal_rcc.o
 .debug_aranges
                0x0000000000000888       0xb0 ./Drivers/STM32G4xx_HAL_Driver/Src/stm32g4xx_hal_rcc_ex.o
 .debug_aranges
                0x0000000000000938      0x3e0 ./Drivers/STM32G4xx_HAL_Driver/Src/stm32g4xx_hal_tim.o
 .debug_aranges
                0x0000000000000d18      0x240 ./Drivers/STM32G4xx_HAL_Driver/Src/stm32g4xx_hal_tim_ex.o
 .debug_aranges
                0x0000000000000f58      0x248 ./Drivers/STM32G4xx_HAL_Driver/Src/stm32g4xx_hal_uart.o
 .debug_aranges
                0x00000000000011a0       0xa0 ./Drivers/STM32G4xx_HAL_Driver/Src/stm32g4xx_hal_uart_ex.o

.debug_ranges   0x0000000000000000     0x1168
 .debug_ranges  0x0000000000000000      0x190 ./Core/Src/main.o
 .debug_ranges  0x0000000000000190       0x48 ./Core/Src/stm32g4xx_hal_msp.o
 .debug_ranges  0x00000000000001d8       0x68 ./Core/Src/stm32g4xx_it.o
 .debug_ranges  0x0000000000000240       0x18 ./Core/Src/system_stm32g4xx.o
 .debug_ranges  0x0000000000000258       0x20 ./Core/Startup/startup_stm32g474retx.o
 .debug_ranges  0x0000000000000278      0x120 ./Drivers/STM32G4xx_HAL_Driver/Src/stm32g4xx_hal.o
 .debug_ranges  0x0000000000000398      0x108 ./Drivers/STM32G4xx_HAL_Driver/Src/stm32g4xx_hal_cortex.o
 .debug_ranges  0x00000000000004a0       0xb0 ./Drivers/STM32G4xx_HAL_Driver/Src/stm32g4xx_hal_dac.o
 .debug_ranges  0x0000000000000550       0x80 ./Drivers/STM32G4xx_HAL_Driver/Src/stm32g4xx_hal_dma.o
 .debug_ranges  0x00000000000005d0       0x48 ./Drivers/STM32G4xx_HAL_Driver/Src/stm32g4xx_hal_gpio.o
 .debug_ranges  0x0000000000000618      0x130 ./Drivers/STM32G4xx_HAL_Driver/Src/stm32g4xx_hal_pwr_ex.o
 .debug_ranges  0x0000000000000748       0x88 ./Drivers/STM32G4xx_HAL_Driver/Src/stm32g4xx_hal_rcc.o
 .debug_ranges  0x00000000000007d0       0xa0 ./Drivers/STM32G4xx_HAL_Driver/Src/stm32g4xx_hal_rcc_ex.o
 .debug_ranges  0x0000000000000870      0x3d0 ./Drivers/STM32G4xx_HAL_Driver/Src/stm32g4xx_hal_tim.o
 .debug_ranges  0x0000000000000c40      0x230 ./Drivers/STM32G4xx_HAL_Driver/Src/stm32g4xx_hal_tim_ex.o
 .debug_ranges  0x0000000000000e70      0x268 ./Drivers/STM32G4xx_HAL_Driver/Src/stm32g4xx_hal_uart.o
 .debug_ranges  0x00000000000010d8       0x90 ./Drivers/STM32G4xx_HAL_Driver/Src/stm32g4xx_hal_uart_ex.o

.debug_macro    0x0000000000000000    0x26c34
 .debug_macro   0x0000000000000000      0x428 ./Core/Src/main.o
 .debug_macro   0x0000000000000428      0xa78 ./Core/Src/main.o
 .debug_macro   0x0000000000000ea0      0x161 ./Core/Src/main.o
 .debug_macro   0x0000000000001001       0x2e ./Core/Src/main.o
 .debug_macro   0x000000000000102f       0x28 ./Core/Src/main.o
 .debug_macro   0x0000000000001057       0x22 ./Core/Src/main.o
 .debug_macro   0x0000000000001079       0x8e ./Core/Src/main.o
 .debug_macro   0x0000000000001107       0x51 ./Core/Src/main.o
 .debug_macro   0x0000000000001158      0x103 ./Core/Src/main.o
 .debug_macro   0x000000000000125b       0x6a ./Core/Src/main.o
 .debug_macro   0x00000000000012c5      0x1df ./Core/Src/main.o
 .debug_macro   0x00000000000014a4       0x1c ./Core/Src/main.o
 .debug_macro   0x00000000000014c0       0x22 ./Core/Src/main.o
 .debug_macro   0x00000000000014e2       0xfb ./Core/Src/main.o
 .debug_macro   0x00000000000015dd     0x1011 ./Core/Src/main.o
 .debug_macro   0x00000000000025ee      0x11f ./Core/Src/main.o
 .debug_macro   0x000000000000270d    0x18b93 ./Core/Src/main.o
 .debug_macro   0x000000000001b2a0       0x6d ./Core/Src/main.o
 .debug_macro   0x000000000001b30d     0x3554 ./Core/Src/main.o
 .debug_macro   0x000000000001e861      0x174 ./Core/Src/main.o
 .debug_macro   0x000000000001e9d5       0x5c ./Core/Src/main.o
 .debug_macro   0x000000000001ea31     0x171f ./Core/Src/main.o
 .debug_macro   0x0000000000020150      0x600 ./Core/Src/main.o
 .debug_macro   0x0000000000020750      0x1b6 ./Core/Src/main.o
 .debug_macro   0x0000000000020906      0x34a ./Core/Src/main.o
 .debug_macro   0x0000000000020c50      0x53c ./Core/Src/main.o
 .debug_macro   0x000000000002118c      0x18b ./Core/Src/main.o
 .debug_macro   0x0000000000021317       0x43 ./Core/Src/main.o
 .debug_macro   0x000000000002135a      0x23d ./Core/Src/main.o
 .debug_macro   0x0000000000021597      0x202 ./Core/Src/main.o
 .debug_macro   0x0000000000021799      0x107 ./Core/Src/main.o
 .debug_macro   0x00000000000218a0      0x211 ./Core/Src/main.o
 .debug_macro   0x0000000000021ab1      0x45c ./Core/Src/main.o
 .debug_macro   0x0000000000021f0d      0x11c ./Core/Src/main.o
 .debug_macro   0x0000000000022029      0x122 ./Core/Src/main.o
 .debug_macro   0x000000000002214b      0x3d1 ./Core/Src/main.o
 .debug_macro   0x000000000002251c      0xbef ./Core/Src/main.o
 .debug_macro   0x000000000002310b      0x718 ./Core/Src/main.o
 .debug_macro   0x0000000000023823      0x67e ./Core/Src/main.o
 .debug_macro   0x0000000000023ea1       0xa6 ./Core/Src/main.o
 .debug_macro   0x0000000000023f47      0x358 ./Core/Src/main.o
 .debug_macro   0x000000000002429f      0x136 ./Core/Src/main.o
 .debug_macro   0x00000000000243d5       0x52 ./Core/Src/main.o
 .debug_macro   0x0000000000024427       0x1e ./Core/Src/main.o
 .debug_macro   0x0000000000024445       0x3c ./Core/Src/main.o
 .debug_macro   0x0000000000024481       0x34 ./Core/Src/main.o
 .debug_macro   0x00000000000244b5       0x16 ./Core/Src/main.o
 .debug_macro   0x00000000000244cb       0x35 ./Core/Src/main.o
 .debug_macro   0x0000000000024500      0x341 ./Core/Src/main.o
 .debug_macro   0x0000000000024841       0x10 ./Core/Src/main.o
 .debug_macro   0x0000000000024851       0x16 ./Core/Src/main.o
 .debug_macro   0x0000000000024867       0x43 ./Core/Src/main.o
 .debug_macro   0x00000000000248aa       0x34 ./Core/Src/main.o
 .debug_macro   0x00000000000248de       0x10 ./Core/Src/main.o
 .debug_macro   0x00000000000248ee       0x58 ./Core/Src/main.o
 .debug_macro   0x0000000000024946       0x71 ./Core/Src/main.o
 .debug_macro   0x00000000000249b7       0x1c ./Core/Src/main.o
 .debug_macro   0x00000000000249d3      0x12a ./Core/Src/main.o
 .debug_macro   0x0000000000024afd       0x10 ./Core/Src/main.o
 .debug_macro   0x0000000000024b0d       0x1c ./Core/Src/main.o
 .debug_macro   0x0000000000024b29       0x52 ./Core/Src/main.o
 .debug_macro   0x0000000000024b7b       0x22 ./Core/Src/main.o
 .debug_macro   0x0000000000024b9d       0x10 ./Core/Src/main.o
 .debug_macro   0x0000000000024bad       0x52 ./Core/Src/main.o
 .debug_macro   0x0000000000024bff       0xd5 ./Core/Src/main.o
 .debug_macro   0x0000000000024cd4       0x1c ./Core/Src/main.o
 .debug_macro   0x0000000000024cf0       0x3d ./Core/Src/main.o
 .debug_macro   0x0000000000024d2d       0x16 ./Core/Src/main.o
 .debug_macro   0x0000000000024d43      0x145 ./Core/Src/main.o
 .debug_macro   0x0000000000024e88      0x1f1 ./Core/Src/stm32g4xx_hal_msp.o
 .debug_macro   0x0000000000025079      0x1fb ./Core/Src/stm32g4xx_it.o
 .debug_macro   0x0000000000025274      0x1e2 ./Core/Src/system_stm32g4xx.o
 .debug_macro   0x0000000000025456      0x230 ./Drivers/STM32G4xx_HAL_Driver/Src/stm32g4xx_hal.o
 .debug_macro   0x0000000000025686      0x1e2 ./Drivers/STM32G4xx_HAL_Driver/Src/stm32g4xx_hal_cortex.o
 .debug_macro   0x0000000000025868      0x1f8 ./Drivers/STM32G4xx_HAL_Driver/Src/stm32g4xx_hal_dac.o
 .debug_macro   0x0000000000025a60      0x1e2 ./Drivers/STM32G4xx_HAL_Driver/Src/stm32g4xx_hal_dma.o
 .debug_macro   0x0000000000025c42      0x1e9 ./Drivers/STM32G4xx_HAL_Driver/Src/stm32g4xx_hal_gpio.o
 .debug_macro   0x0000000000025e2b      0x20c ./Drivers/STM32G4xx_HAL_Driver/Src/stm32g4xx_hal_pwr_ex.o
 .debug_macro   0x0000000000026037      0x224 ./Drivers/STM32G4xx_HAL_Driver/Src/stm32g4xx_hal_rcc.o
 .debug_macro   0x000000000002625b      0x20c ./Drivers/STM32G4xx_HAL_Driver/Src/stm32g4xx_hal_rcc_ex.o
 .debug_macro   0x0000000000026467      0x1ea ./Drivers/STM32G4xx_HAL_Driver/Src/stm32g4xx_hal_tim.o
 .debug_macro   0x0000000000026651      0x1e8 ./Drivers/STM32G4xx_HAL_Driver/Src/stm32g4xx_hal_tim_ex.o
 .debug_macro   0x0000000000026839      0x20d ./Drivers/STM32G4xx_HAL_Driver/Src/stm32g4xx_hal_uart.o
 .debug_macro   0x0000000000026a46      0x1ee ./Drivers/STM32G4xx_HAL_Driver/Src/stm32g4xx_hal_uart_ex.o

.debug_line     0x0000000000000000    0x1476b
 .debug_line    0x0000000000000000     0x19aa ./Core/Src/main.o
 .debug_line    0x00000000000019aa      0x930 ./Core/Src/stm32g4xx_hal_msp.o
 .debug_line    0x00000000000022da      0x812 ./Core/Src/stm32g4xx_it.o
 .debug_line    0x0000000000002aec      0x771 ./Core/Src/system_stm32g4xx.o
 .debug_line    0x000000000000325d       0x89 ./Core/Startup/startup_stm32g474retx.o
 .debug_line    0x00000000000032e6      0xae8 ./Drivers/STM32G4xx_HAL_Driver/Src/stm32g4xx_hal.o
 .debug_line    0x0000000000003dce      0xc9b ./Drivers/STM32G4xx_HAL_Driver/Src/stm32g4xx_hal_cortex.o
 .debug_line    0x0000000000004a69      0xc89 ./Drivers/STM32G4xx_HAL_Driver/Src/stm32g4xx_hal_dac.o
 .debug_line    0x00000000000056f2      0xe54 ./Drivers/STM32G4xx_HAL_Driver/Src/stm32g4xx_hal_dma.o
 .debug_line    0x0000000000006546      0xb2b ./Drivers/STM32G4xx_HAL_Driver/Src/stm32g4xx_hal_gpio.o
 .debug_line    0x0000000000007071      0xc9f ./Drivers/STM32G4xx_HAL_Driver/Src/stm32g4xx_hal_pwr_ex.o
 .debug_line    0x0000000000007d10      0xefe ./Drivers/STM32G4xx_HAL_Driver/Src/stm32g4xx_hal_rcc.o
 .debug_line    0x0000000000008c0e     0x120b ./Drivers/STM32G4xx_HAL_Driver/Src/stm32g4xx_hal_rcc_ex.o
 .debug_line    0x0000000000009e19     0x3f21 ./Drivers/STM32G4xx_HAL_Driver/Src/stm32g4xx_hal_tim.o
 .debug_line    0x000000000000dd3a     0x213c ./Drivers/STM32G4xx_HAL_Driver/Src/stm32g4xx_hal_tim_ex.o
 .debug_line    0x000000000000fe76     0x3b62 ./Drivers/STM32G4xx_HAL_Driver/Src/stm32g4xx_hal_uart.o
 .debug_line    0x00000000000139d8      0xd93 ./Drivers/STM32G4xx_HAL_Driver/Src/stm32g4xx_hal_uart_ex.o

.debug_str      0x0000000000000000    0xff3d3
 .debug_str     0x0000000000000000    0xfaf10 ./Core/Src/main.o
                                      0xfb303 (size before relaxing)
 .debug_str     0x00000000000faf10      0x2d9 ./Core/Src/stm32g4xx_hal_msp.o
                                      0xf6904 (size before relaxing)
 .debug_str     0x00000000000fb1e9      0x140 ./Core/Src/stm32g4xx_it.o
                                      0xf5dc8 (size before relaxing)
 .debug_str     0x00000000000fb329       0xdb ./Core/Src/system_stm32g4xx.o
                                      0xf51be (size before relaxing)
 .debug_str     0x00000000000fb404       0x36 ./Core/Startup/startup_stm32g474retx.o
                                         0x76 (size before relaxing)
 .debug_str     0x00000000000fb43a      0x5ac ./Drivers/STM32G4xx_HAL_Driver/Src/stm32g4xx_hal.o
                                      0xf5ea9 (size before relaxing)
 .debug_str     0x00000000000fb9e6      0x31d ./Drivers/STM32G4xx_HAL_Driver/Src/stm32g4xx_hal_cortex.o
                                      0xf5b54 (size before relaxing)
 .debug_str     0x00000000000fbd03      0x2b7 ./Drivers/STM32G4xx_HAL_Driver/Src/stm32g4xx_hal_dac.o
                                      0xf586d (size before relaxing)
 .debug_str     0x00000000000fbfba      0x2af ./Drivers/STM32G4xx_HAL_Driver/Src/stm32g4xx_hal_dma.o
                                      0xf5598 (size before relaxing)
 .debug_str     0x00000000000fc269       0xf9 ./Drivers/STM32G4xx_HAL_Driver/Src/stm32g4xx_hal_gpio.o
                                      0xf5349 (size before relaxing)
 .debug_str     0x00000000000fc362      0x4a5 ./Drivers/STM32G4xx_HAL_Driver/Src/stm32g4xx_hal_pwr_ex.o
                                      0xf56ac (size before relaxing)
 .debug_str     0x00000000000fc807      0x4f2 ./Drivers/STM32G4xx_HAL_Driver/Src/stm32g4xx_hal_rcc.o
                                      0xf58dd (size before relaxing)
 .debug_str     0x00000000000fccf9      0x40b ./Drivers/STM32G4xx_HAL_Driver/Src/stm32g4xx_hal_rcc_ex.o
                                      0xf5907 (size before relaxing)
 .debug_str     0x00000000000fd104      0xed2 ./Drivers/STM32G4xx_HAL_Driver/Src/stm32g4xx_hal_tim.o
                                      0xf66ac (size before relaxing)
 .debug_str     0x00000000000fdfd6      0x80d ./Drivers/STM32G4xx_HAL_Driver/Src/stm32g4xx_hal_tim_ex.o
                                      0xf6330 (size before relaxing)
 .debug_str     0x00000000000fe7e3      0x9a6 ./Drivers/STM32G4xx_HAL_Driver/Src/stm32g4xx_hal_uart.o
                                      0xf6151 (size before relaxing)
 .debug_str     0x00000000000ff189      0x24a ./Drivers/STM32G4xx_HAL_Driver/Src/stm32g4xx_hal_uart_ex.o
                                      0xf5935 (size before relaxing)

.comment        0x0000000000000000       0x50
 .comment       0x0000000000000000       0x50 ./Core/Src/main.o
                                         0x51 (size before relaxing)
 .comment       0x0000000000000050       0x51 ./Core/Src/stm32g4xx_hal_msp.o
 .comment       0x0000000000000050       0x51 ./Core/Src/stm32g4xx_it.o
 .comment       0x0000000000000050       0x51 ./Core/Src/system_stm32g4xx.o
 .comment       0x0000000000000050       0x51 ./Drivers/STM32G4xx_HAL_Driver/Src/stm32g4xx_hal.o
 .comment       0x0000000000000050       0x51 ./Drivers/STM32G4xx_HAL_Driver/Src/stm32g4xx_hal_cortex.o
 .comment       0x0000000000000050       0x51 ./Drivers/STM32G4xx_HAL_Driver/Src/stm32g4xx_hal_dac.o
 .comment       0x0000000000000050       0x51 ./Drivers/STM32G4xx_HAL_Driver/Src/stm32g4xx_hal_dma.o
 .comment       0x0000000000000050       0x51 ./Drivers/STM32G4xx_HAL_Driver/Src/stm32g4xx_hal_gpio.o
 .comment       0x0000000000000050       0x51 ./Drivers/STM32G4xx_HAL_Driver/Src/stm32g4xx_hal_pwr_ex.o
 .comment       0x0000000000000050       0x51 ./Drivers/STM32G4xx_HAL_Driver/Src/stm32g4xx_hal_rcc.o
 .comment       0x0000000000000050       0x51 ./Drivers/STM32G4xx_HAL_Driver/Src/stm32g4xx_hal_rcc_ex.o
 .comment       0x0000000000000050       0x51 ./Drivers/STM32G4xx_HAL_Driver/Src/stm32g4xx_hal_tim.o
 .comment       0x0000000000000050       0x51 ./Drivers/STM32G4xx_HAL_Driver/Src/stm32g4xx_hal_tim_ex.o
 .comment       0x0000000000000050       0x51 ./Drivers/STM32G4xx_HAL_Driver/Src/stm32g4xx_hal_uart.o
 .comment       0x0000000000000050       0x51 ./Drivers/STM32G4xx_HAL_Driver/Src/stm32g4xx_hal_uart_ex.o

.debug_frame    0x0000000000000000     0x4d08
 .debug_frame   0x0000000000000000      0x5d4 ./Core/Src/main.o
 .debug_frame   0x00000000000005d4      0x134 ./Core/Src/stm32g4xx_hal_msp.o
 .debug_frame   0x0000000000000708      0x158 ./Core/Src/stm32g4xx_it.o
 .debug_frame   0x0000000000000860       0x58 ./Core/Src/system_stm32g4xx.o
 .debug_frame   0x00000000000008b8      0x4a0 ./Drivers/STM32G4xx_HAL_Driver/Src/stm32g4xx_hal.o
 .debug_frame   0x0000000000000d58      0x498 ./Drivers/STM32G4xx_HAL_Driver/Src/stm32g4xx_hal_cortex.o
 .debug_frame   0x00000000000011f0      0x330 ./Drivers/STM32G4xx_HAL_Driver/Src/stm32g4xx_hal_dac.o
 .debug_frame   0x0000000000001520      0x24c ./Drivers/STM32G4xx_HAL_Driver/Src/stm32g4xx_hal_dma.o
 .debug_frame   0x000000000000176c      0x14c ./Drivers/STM32G4xx_HAL_Driver/Src/stm32g4xx_hal_gpio.o
 .debug_frame   0x00000000000018b8      0x4fc ./Drivers/STM32G4xx_HAL_Driver/Src/stm32g4xx_hal_pwr_ex.o
 .debug_frame   0x0000000000001db4      0x23c ./Drivers/STM32G4xx_HAL_Driver/Src/stm32g4xx_hal_rcc.o
 .debug_frame   0x0000000000001ff0      0x2ac ./Drivers/STM32G4xx_HAL_Driver/Src/stm32g4xx_hal_rcc_ex.o
 .debug_frame   0x000000000000229c     0x1220 ./Drivers/STM32G4xx_HAL_Driver/Src/stm32g4xx_hal_tim.o
 .debug_frame   0x00000000000034bc      0xa70 ./Drivers/STM32G4xx_HAL_Driver/Src/stm32g4xx_hal_tim_ex.o
 .debug_frame   0x0000000000003f2c      0xa94 ./Drivers/STM32G4xx_HAL_Driver/Src/stm32g4xx_hal_uart.o
 .debug_frame   0x00000000000049c0      0x29c ./Drivers/STM32G4xx_HAL_Driver/Src/stm32g4xx_hal_uart_ex.o
 .debug_frame   0x0000000000004c5c       0x2c c:/st/stm32cubeide_1.10.1/stm32cubeide/plugins/com.st.stm32cube.ide.mcu.externaltools.gnu-tools-for-stm32.10.3-2021.10.win32_1.0.0.202111181127/tools/bin/../lib/gcc/arm-none-eabi/10.3.1/../../../../arm-none-eabi/lib/thumb/v7e-m+fp/hard\libc_nano.a(lib_a-init.o)
 .debug_frame   0x0000000000004c88       0x20 c:/st/stm32cubeide_1.10.1/stm32cubeide/plugins/com.st.stm32cube.ide.mcu.externaltools.gnu-tools-for-stm32.10.3-2021.10.win32_1.0.0.202111181127/tools/bin/../lib/gcc/arm-none-eabi/10.3.1/../../../../arm-none-eabi/lib/thumb/v7e-m+fp/hard\libc_nano.a(lib_a-memset.o)
 .debug_frame   0x0000000000004ca8       0x2c c:/st/stm32cubeide_1.10.1/stm32cubeide/plugins/com.st.stm32cube.ide.mcu.externaltools.gnu-tools-for-stm32.10.3-2021.10.win32_1.0.0.202111181127/tools/bin/../lib/gcc/arm-none-eabi/10.3.1/thumb/v7e-m+fp/hard\libgcc.a(_aeabi_uldivmod.o)
 .debug_frame   0x0000000000004cd4       0x34 c:/st/stm32cubeide_1.10.1/stm32cubeide/plugins/com.st.stm32cube.ide.mcu.externaltools.gnu-tools-for-stm32.10.3-2021.10.win32_1.0.0.202111181127/tools/bin/../lib/gcc/arm-none-eabi/10.3.1/thumb/v7e-m+fp/hard\libgcc.a(_udivmoddi4.o)
