../Core/Src/main.c:193:5:main	16	static
../Core/Src/main.c:485:6:SystemClock_Config	88	static
../Core/Src/main.c:532:13:MX_DAC1_Init	56	static
../Core/Src/main.c:579:13:MX_LPUART1_UART_Init	8	static
../Core/Src/main.c:626:13:MX_USART1_UART_Init	8	static
../Core/Src/main.c:674:13:MX_TIM1_Init	104	static
../Core/Src/main.c:758:13:MX_TIM2_Init	48	static
../Core/Src/main.c:819:13:MX_TIM3_Init	48	static
../Core/Src/main.c:867:13:MX_TIM8_Init	104	static
../Core/Src/main.c:951:13:MX_GPIO_Init	48	static
../Core/Src/main.c:1018:6:state0_inv1	8	static
../Core/Src/main.c:1031:6:state1_inv1	8	static
../Core/Src/main.c:1051:6:state2_inv1	8	static
../Core/Src/main.c:1070:6:state3_inv1	8	static
../Core/Src/main.c:1089:6:state4_inv1	8	static
../Core/Src/main.c:1108:6:state5_inv1	8	static
../Core/Src/main.c:1127:6:state6_inv1	8	static
../Core/Src/main.c:1146:6:stateOff_inv1	8	static
../Core/Src/main.c:1163:6:state0_inv2	8	static
../Core/Src/main.c:1175:6:state1_inv2	8	static
../Core/Src/main.c:1185:6:state2_inv2	8	static
../Core/Src/main.c:1195:6:state3_inv2	8	static
../Core/Src/main.c:1205:6:state4_inv2	8	static
../Core/Src/main.c:1215:6:state5_inv2	8	static
../Core/Src/main.c:1225:6:state6_inv2	8	static
../Core/Src/main.c:1236:6:stateOff_inv2	8	static
../Core/Src/main.c:1248:6:state0_inv3	8	static
../Core/Src/main.c:1259:6:state1_inv3	8	static
../Core/Src/main.c:1269:6:state2_inv3	8	static
../Core/Src/main.c:1279:6:state3_inv3	8	static
../Core/Src/main.c:1289:6:state4_inv3	8	static
../Core/Src/main.c:1299:6:state5_inv3	8	static
../Core/Src/main.c:1309:6:state6_inv3	8	static
../Core/Src/main.c:1320:6:stateOff_inv3	8	static
../Core/Src/main.c:1333:6:state0_inv4	8	static
../Core/Src/main.c:1344:6:state1_inv4	8	static
../Core/Src/main.c:1354:6:state2_inv4	8	static
../Core/Src/main.c:1364:6:state3_inv4	8	static
../Core/Src/main.c:1374:6:state4_inv4	8	static
../Core/Src/main.c:1384:6:state5_inv4	8	static
../Core/Src/main.c:1394:6:state6_inv4	8	static
../Core/Src/main.c:1406:6:stateOff_inv4	8	static
../Core/Src/main.c:1418:6:Module1_2inv	8	static
../Core/Src/main.c:1462:6:Module2_2inv	8	static
../Core/Src/main.c:1506:6:Inverter1	16	static
../Core/Src/main.c:1595:6:Inverter3	16	static
../Core/Src/main.c:1678:6:Inverter2	16	static
../Core/Src/main.c:1762:6:Inverter4	16	static
../Core/Src/main.c:1853:6:Error_Handler	4	static,ignoring_inline_asm
