../Core/Src/main.c:197:5:main	104	static
../Core/Src/main.c:686:6:SystemClock_Config	88	static
../Core/Src/main.c:733:13:MX_DAC1_Init	56	static
../Core/Src/main.c:780:13:MX_LPUART1_UART_Init	8	static
../Core/Src/main.c:827:13:MX_USART1_UART_Init	8	static
../Core/Src/main.c:875:13:MX_TIM1_Init	104	static
../Core/Src/main.c:959:13:MX_TIM2_Init	48	static
../Core/Src/main.c:1020:13:MX_TIM3_Init	48	static
../Core/Src/main.c:1068:13:MX_TIM8_Init	104	static
../Core/Src/main.c:1152:13:MX_GPIO_Init	48	static
../Core/Src/main.c:1219:6:state0_inv1	8	static
../Core/Src/main.c:1232:6:state1_inv1	8	static
../Core/Src/main.c:1252:6:state2_inv1	8	static
../Core/Src/main.c:1271:6:state3_inv1	8	static
../Core/Src/main.c:1290:6:state4_inv1	8	static
../Core/Src/main.c:1309:6:state5_inv1	8	static
../Core/Src/main.c:1328:6:state6_inv1	8	static
../Core/Src/main.c:1347:6:stateOff_inv1	8	static
../Core/Src/main.c:1364:6:state0_inv2	8	static
../Core/Src/main.c:1376:6:state1_inv2	8	static
../Core/Src/main.c:1386:6:state2_inv2	8	static
../Core/Src/main.c:1396:6:state3_inv2	8	static
../Core/Src/main.c:1406:6:state4_inv2	8	static
../Core/Src/main.c:1416:6:state5_inv2	8	static
../Core/Src/main.c:1426:6:state6_inv2	8	static
../Core/Src/main.c:1437:6:stateOff_inv2	8	static
../Core/Src/main.c:1449:6:state0_inv3	8	static
../Core/Src/main.c:1460:6:state1_inv3	8	static
../Core/Src/main.c:1470:6:state2_inv3	8	static
../Core/Src/main.c:1480:6:state3_inv3	8	static
../Core/Src/main.c:1490:6:state4_inv3	8	static
../Core/Src/main.c:1500:6:state5_inv3	8	static
../Core/Src/main.c:1510:6:state6_inv3	8	static
../Core/Src/main.c:1521:6:stateOff_inv3	8	static
../Core/Src/main.c:1534:6:state0_inv4	8	static
../Core/Src/main.c:1545:6:state1_inv4	8	static
../Core/Src/main.c:1555:6:state2_inv4	8	static
../Core/Src/main.c:1565:6:state3_inv4	8	static
../Core/Src/main.c:1575:6:state4_inv4	8	static
../Core/Src/main.c:1585:6:state5_inv4	8	static
../Core/Src/main.c:1595:6:state6_inv4	8	static
../Core/Src/main.c:1607:6:stateOff_inv4	8	static
../Core/Src/main.c:1619:6:Module1_2inv	8	static
../Core/Src/main.c:1663:6:Module2_2inv	8	static
../Core/Src/main.c:1707:6:Inverter1	16	static
../Core/Src/main.c:1796:6:Inverter3	16	static
../Core/Src/main.c:1879:6:Inverter2	16	static
../Core/Src/main.c:1963:6:Inverter4	16	static
../Core/Src/main.c:2054:6:Error_Handler	4	static,ignoring_inline_asm
